11-09 10:44:03.228 15076 15076 D MyScheduler: AM END=48
11-09 10:44:03.228 15076 15076 D MyScheduler: PM START=52
11-09 10:44:03.228 15076 15076 D MyScheduler: PM END=65
11-09 10:44:03.228 15076 15076 D MyScheduler: AM START=36
11-09 10:44:03.228 15076 15076 D MyScheduler: AM END=48
11-09 10:44:03.228 15076 15076 D MyScheduler: PM START=52
11-09 10:44:03.228 15076 15076 D MyScheduler: PM END=65
11-09 10:44:03.228 15076 15076 D MyScheduler: AM START=36
11-09 10:44:03.228 15076 15076 D MyScheduler: AM END=48
11-09 10:44:03.228 15076 15076 D MyScheduler: PM START=52
11-09 10:44:03.236 15076 15076 D MyScheduler: PM END=65
11-09 10:44:03.236 15076 15076 D MyScheduler: AM START=36
11-09 10:44:03.236 15076 15076 D MyScheduler: AM END=48
11-09 10:44:03.236 15076 15076 D MyScheduler: PM START=52
11-09 10:44:03.236 15076 15076 D MyScheduler: PM END=65
11-09 10:44:03.236 15076 15076 D MyScheduler: AM START=36
11-09 10:44:03.236 15076 15076 D MyScheduler: AM END=48
11-09 10:44:03.236 15076 15076 D MyScheduler: PM START=52
11-09 10:44:03.236 15076 15076 D MyScheduler: PM END=65
11-09 10:44:03.236 15076 15076 D MyScheduler: AM START=36
11-09 10:44:03.236 15076 15076 D MyScheduler: AM END=48
11-09 10:44:03.236 15076 15076 D MyScheduler: PM START=52
11-09 10:44:03.236 15076 15076 D MyScheduler: PM END=65
11-09 10:44:03.244 15076 15076 D MyScheduler: AM START=36
11-09 10:44:03.244 15076 15076 D MyScheduler: AM END=48
11-09 10:44:03.244 15076 15076 D MyScheduler: PM START=52
11-09 10:44:03.244 15076 15076 D MyScheduler: PM END=65
11-09 10:44:03.244 15076 15076 D MyScheduler: AM START=36
11-09 10:44:03.244 15076 15076 D MyScheduler: AM END=48
11-09 10:44:03.244 15076 15076 D MyScheduler: PM START=52
11-09 10:44:03.244 15076 15076 D MyScheduler: PM END=65
11-09 10:44:03.244 15076 15076 D MyScheduler: AM START=36
11-09 10:44:03.252 15076 15076 D MyScheduler: AM END=48
11-09 10:44:03.252 15076 15076 D MyScheduler: PM START=52
11-09 10:44:03.252 15076 15076 D MyScheduler: PM END=65
11-09 10:44:03.252 15076 15076 D MyScheduler: AM START=36
11-09 10:44:03.252 15076 15076 D MyScheduler: AM END=48
11-09 10:44:03.252 15076 15076 D MyScheduler: PM START=52
11-09 10:44:03.252 15076 15076 D MyScheduler: PM END=65
11-09 10:44:03.252 15076 15076 D MyScheduler: AM START=36
11-09 10:44:03.252 15076 15076 D MyScheduler: AM END=48
11-09 10:44:03.252 15076 15076 D MyScheduler: PM START=52
11-09 10:44:03.252 15076 15076 D MyScheduler: PM END=65
11-09 10:44:03.252 15076 15076 D MyScheduler: AM START=36
11-09 10:44:03.252 15076 15076 D MyScheduler: AM END=48
11-09 10:44:03.252 15076 15076 D MyScheduler: PM START=52
11-09 10:44:03.252 15076 15076 D MyScheduler: PM END=65
11-09 10:44:03.252 15076 15076 D MyScheduler: AM START=36
11-09 10:44:03.260 15076 15076 D MyScheduler: AM END=48
11-09 10:44:03.260 15076 15076 D MyScheduler: PM START=52
11-09 10:44:03.260 15076 15076 D MyScheduler: PM END=65
11-09 10:44:03.260 15076 15076 D MyScheduler: AM START=36
11-09 10:44:03.260 15076 15076 D MyScheduler: AM END=48
11-09 10:44:03.260 15076 15076 D MyScheduler: PM START=52
11-09 10:44:03.260 15076 15076 D MyScheduler: PM END=65
11-09 10:44:03.260 15076 15076 D MyScheduler: AM START=36
11-09 10:44:03.260 15076 15076 D MyScheduler: AM END=48
11-09 10:44:03.260 15076 15076 D MyScheduler: PM START=52
11-09 10:44:03.260 15076 15076 D MyScheduler: PM END=65
11-09 10:44:03.260 15076 15076 D MyScheduler: AM START=36
11-09 10:44:03.260 15076 15076 D MyScheduler: AM END=48
11-09 10:44:03.260 15076 15076 D MyScheduler: PM START=52
11-09 10:44:03.260 15076 15076 D MyScheduler: PM END=65
11-09 10:44:03.267 15076 15076 D MyScheduler: AM START=36
11-09 10:44:03.267 15076 15076 D MyScheduler: AM END=48
11-09 10:44:03.267 15076 15076 D MyScheduler: PM START=52
11-09 10:44:03.267 15076 15076 D MyScheduler: PM END=65
11-09 10:44:03.267 15076 15076 D MyScheduler: AM START=36
11-09 10:44:03.267 15076 15076 D MyScheduler: AM END=48
11-09 10:44:03.267 15076 15076 D MyScheduler: PM START=52
11-09 10:44:03.267 15076 15076 D MyScheduler: PM END=65
11-09 10:44:03.275 15076 15076 D MyScheduler: AM START=36
11-09 10:44:03.275 15076 15076 D MyScheduler: AM END=48
11-09 10:44:03.275 15076 15076 D MyScheduler: PM START=52
11-09 10:44:03.275 15076 15076 D MyScheduler: PM END=65
11-09 10:44:03.275 15076 15076 D MyScheduler: AM START=36
11-09 10:44:03.275 15076 15076 D MyScheduler: AM END=48
11-09 10:44:03.275 15076 15076 D MyScheduler: PM START=52
11-09 10:44:03.275 15076 15076 D MyScheduler: PM END=65
11-09 10:44:03.275 15076 15076 D MyScheduler: AM START=36
11-09 10:44:03.275 15076 15076 D MyScheduler: AM END=48
11-09 10:44:03.275 15076 15076 D MyScheduler: PM START=52
11-09 10:44:03.275 15076 15076 D MyScheduler: PM END=65
11-09 10:44:03.275 15076 15076 D MyScheduler: AM START=36
11-09 10:44:03.275 15076 15076 D MyScheduler: AM END=48
11-09 10:44:03.275 15076 15076 D MyScheduler: PM START=52
11-09 10:44:03.283 15076 15076 D MyScheduler: PM END=65
11-09 10:44:03.283 15076 15076 D MyScheduler: AM START=36
11-09 10:44:03.283 15076 15076 D MyScheduler: AM END=48
11-09 10:44:03.283 15076 15076 D MyScheduler: PM START=52
11-09 10:44:03.283 15076 15076 D MyScheduler: PM END=65
11-09 10:44:03.283 15076 15076 D MyScheduler: AM START=36
11-09 10:44:03.283 15076 15076 D MyScheduler: AM END=48
11-09 10:44:03.283 15076 15076 D MyScheduler: PM START=52
11-09 10:44:03.283 15076 15076 D MyScheduler: PM END=65
11-09 10:44:03.283 15076 15076 D MyScheduler: AM START=36
11-09 10:44:03.283 15076 15076 D MyScheduler: AM END=48
11-09 10:44:03.283 15076 15076 D MyScheduler: PM START=52
11-09 10:44:03.283 15076 15076 D MyScheduler: PM END=65
11-09 10:44:03.291 15076 15076 D MyScheduler: AM START=36
11-09 10:44:03.291 15076 15076 D MyScheduler: AM END=48
11-09 10:44:03.291 15076 15076 D MyScheduler: PM START=52
11-09 10:44:03.291 15076 15076 D MyScheduler: PM END=65
11-09 10:44:03.291 15076 15076 D MyScheduler: AM START=36
11-09 10:44:03.291 15076 15076 D MyScheduler: AM END=48
11-09 10:44:03.299 15076 15076 D MyScheduler: PM START=52
11-09 10:44:03.299 15076 15076 D MyScheduler: PM END=65
11-09 10:44:03.299 15076 15076 D MyScheduler: AM START=36
11-09 10:44:03.299 15076 15076 D MyScheduler: AM END=48
11-09 10:44:03.299 15076 15076 D MyScheduler: PM START=52
11-09 10:44:03.299 15076 15076 D MyScheduler: PM END=65
11-09 10:44:03.299 15076 15076 D MyScheduler: AM START=36
11-09 10:44:03.299 15076 15076 D MyScheduler: AM END=48
11-09 10:44:03.299 15076 15076 D MyScheduler: PM START=52
11-09 10:44:03.299 15076 15076 D MyScheduler: PM END=65
11-09 10:44:03.299 15076 15076 D MyScheduler: AM START=36
11-09 10:44:03.299 15076 15076 D MyScheduler: AM END=48
11-09 10:44:03.299 15076 15076 D MyScheduler: PM START=52
11-09 10:44:03.299 15076 15076 D MyScheduler: PM END=65
11-09 10:44:03.299 15076 15076 D MyScheduler: AM START=36
11-09 10:44:03.299 15076 15076 D MyScheduler: AM END=48
11-09 10:44:03.299 15076 15076 D MyScheduler: PM START=52
11-09 10:44:03.299 15076 15076 D MyScheduler: PM END=65
11-09 10:44:03.299 15076 15076 D MyScheduler: AM START=36
11-09 10:44:03.299 15076 15076 D MyScheduler: AM END=48
11-09 10:44:03.299 15076 15076 D MyScheduler: PM START=52
11-09 10:44:03.299 15076 15076 D MyScheduler: PM END=65
11-09 10:44:03.299 15076 15076 D MyScheduler: AM START=36
11-09 10:44:03.299 15076 15076 D MyScheduler: AM END=48
11-09 10:44:03.299 15076 15076 D MyScheduler: PM START=52
11-09 10:44:03.299 15076 15076 D MyScheduler: PM END=65
11-09 10:44:03.299 15076 15076 D MyScheduler: AM START=36
11-09 10:44:03.307 15076 15076 D MyScheduler: AM END=48
11-09 10:44:03.307 15076 15076 D MyScheduler: PM START=52
11-09 10:44:03.307 15076 15076 D MyScheduler: PM END=65
11-09 10:44:03.307 15076 15076 D MyScheduler: AM START=36
11-09 10:44:03.307 15076 15076 D MyScheduler: AM END=48
11-09 10:44:03.307 15076 15076 D MyScheduler: PM START=52
11-09 10:44:03.307 15076 15076 D MyScheduler: PM END=65
11-09 10:44:03.314 15076 15076 D MyScheduler: AM START=36
11-09 10:44:03.314 15076 15076 D MyScheduler: AM END=48
11-09 10:44:03.314 15076 15076 D MyScheduler: PM START=52
11-09 10:44:03.314 15076 15076 D MyScheduler: PM END=65
11-09 10:44:03.314 15076 15076 D MyScheduler: AM START=36
11-09 10:44:03.314 15076 15076 D MyScheduler: AM END=48
11-09 10:44:03.314 15076 15076 D MyScheduler: PM START=52
11-09 10:44:03.314 15076 15076 D MyScheduler: PM END=65
11-09 10:44:03.314 15076 15076 D MyScheduler: AM START=36
11-09 10:44:03.314 15076 15076 D MyScheduler: AM END=48
11-09 10:44:03.314 15076 15076 D MyScheduler: PM START=52
11-09 10:44:03.314 15076 15076 D MyScheduler: PM END=65
11-09 10:44:03.314 15076 15076 D MyScheduler: AM START=36
11-09 10:44:03.314 15076 15076 D MyScheduler: AM END=48
11-09 10:44:03.314 15076 15076 D MyScheduler: PM START=52
11-09 10:44:03.314 15076 15076 D MyScheduler: PM END=65
11-09 10:44:03.314 15076 15076 D MyScheduler: AM START=36
11-09 10:44:03.314 15076 15076 D MyScheduler: AM END=48
11-09 10:44:03.314 15076 15076 D MyScheduler: PM START=52
11-09 10:44:03.314 15076 15076 D MyScheduler: PM END=65
11-09 10:44:03.322 15076 15076 D MyScheduler: AM START=36
11-09 10:44:03.322 15076 15076 D MyScheduler: AM END=48
11-09 10:44:03.322 15076 15076 D MyScheduler: PM START=52
11-09 10:44:03.322 15076 15076 D MyScheduler: PM END=65
11-09 10:44:03.322 15076 15076 D MyScheduler: AM START=36
11-09 10:44:03.322 15076 15076 D MyScheduler: AM END=48
11-09 10:44:03.322 15076 15076 D MyScheduler: PM START=52
11-09 10:44:03.322 15076 15076 D MyScheduler: PM END=65
11-09 10:44:03.322 15076 15076 D MyScheduler: AM START=36
11-09 10:44:03.322 15076 15076 D MyScheduler: AM END=48
11-09 10:44:03.322 15076 15076 D MyScheduler: PM START=52
11-09 10:44:03.322 15076 15076 D MyScheduler: PM END=65
11-09 10:44:03.322 15076 15076 D MyScheduler: AM START=36
11-09 10:44:03.322 15076 15076 D MyScheduler: AM END=48
11-09 10:44:03.322 15076 15076 D MyScheduler: PM START=52
11-09 10:44:03.322 15076 15076 D MyScheduler: PM END=65
11-09 10:44:03.322 15076 15076 D MyScheduler: AM START=36
11-09 10:44:03.330 15076 15076 D MyScheduler: AM END=48
11-09 10:44:03.330 15076 15076 D MyScheduler: PM START=52
11-09 10:44:03.330 15076 15076 D MyScheduler: PM END=65
11-09 10:44:03.330 15076 15076 D MyScheduler: AM START=36
11-09 10:44:03.330 15076 15076 D MyScheduler: AM END=48
11-09 10:44:03.330 15076 15076 D MyScheduler: PM START=52
11-09 10:44:03.330 15076 15076 D MyScheduler: PM END=65
11-09 10:44:03.330 15076 15076 D MyScheduler: AM START=36
11-09 10:44:03.330 15076 15076 D MyScheduler: AM END=48
11-09 10:44:03.330 15076 15076 D MyScheduler: PM START=52
11-09 10:44:03.330 15076 15076 D MyScheduler: PM END=65
11-09 10:44:03.338 15076 15076 D Alpha   : showScheduleDate weekday=3
11-09 10:44:03.353 15076 15076 E start   : 0
11-09 10:44:03.353 15076 15076 E before  : 0
11-09 10:44:03.353 15076 15076 E Count   : 0
11-09 10:44:03.353 15076 15076 D AndroidRuntime: Shutting down VM
11-09 10:44:03.353 15076 15076 W dalvikvm: threadid=1: thread exiting with uncaught exception (group=0x40018560)
11-09 10:44:03.361  1415  1415 D dalvikvm: GC_FOR_MALLOC freed 1158K, 51% free 10316K/20679K, external 3309K/4132K, paused 152ms
11-09 10:44:03.471  1415  1415 D dalvikvm: GC_FOR_MALLOC freed 2897K, 59% free 8581K/20679K, external 3309K/4132K, paused 101ms
11-09 10:44:03.549  1415  1415 D dalvikvm: GC_FOR_MALLOC freed <1K, 53% free 9738K/20679K, external 3309K/4132K, paused 62ms
11-09 10:44:03.588  1415  1415 D dalvikvm: GC_FOR_MALLOC freed <1K, 48% free 10894K/20679K, external 3309K/4132K, paused 33ms
11-09 10:44:03.619  1415  1415 D dalvikvm: GC_FOR_MALLOC freed 1156K, 45% free 11472K/20679K, external 3309K/4132K, paused 31ms
11-09 10:44:03.635  1415  1415 D MIMSBase: onConfigurationChanged()
11-09 10:44:03.635  1415  1415 D MIMSBase: onInitializeInterface()
11-09 10:44:03.635  1415  1415 I =====suggestion=====: switch to qwerty mode, enable?true
11-09 10:44:03.642  1415  1415 I =====suggestion=====: switch to qwerty mode, enable?true
11-09 10:44:03.642  1415  1415 I =====suggestion=====: switch to qwerty mode, enable?true
11-09 10:44:04.494  1325  1327 D dalvikvm: GC_CONCURRENT freed 1855K, 34% free 9085K/13639K, external 4992K/5877K, paused 4ms+9ms
11-09 10:44:06.322  1325  1356 D dalvikvm: GC_EXPLICIT freed 306K, 34% free 9017K/13639K, external 4983K/5877K, paused 151ms
11-09 10:44:07.334  1325  1333 W SurfaceFlinger: timeout expired mFreezeDisplay=0, mFreezeCount=2
11-09 10:44:07.502 15113 15113 E dalvikvm: could not disable core file generation for pid 15113: Operation not permitted
11-09 10:44:07.838 15113 15113 I ActivityThread: Pub com.fusionone.android.sync.provider.dataclasses: com.fusionone.android.sync.provider.dataclasses.DataclassesProvider
11-09 10:44:07.861 15113 15113 I ActivityThread: Pub com.fusionone.android.sync.provider.settings: com.fusionone.android.sync.provider.settings.SettingsProvider
11-09 10:44:07.869 15113 15113 V com.fusionone.android.sync.service.SyncService: onCreate() invoked
11-09 10:44:07.908 15113 15113 I DSP     : network_timeout_int missing. New value read from PreferencesService: 110
11-09 10:44:07.908 15113 15113 I DSP     : network_retries_count_int missing. New value read from PreferencesService: 3
11-09 10:44:07.908 15113 15113 I DSP     : network_retry_delay_int missing. New value read from PreferencesService: 5
11-09 10:44:07.916 15113 15113 I System.out: *******    BuA  app deviceID= A0000022BE2F15
11-09 10:44:07.916 15113 15113 I DSP     : device_id missing. New value read from PreferencesService: a0000022be2f15
11-09 10:44:07.916 15113 15113 I DSP     : sm_connection_url missing. New value read from PreferencesService: http://syncba.myvzw.com/syncml
11-09 10:44:07.916 15113 15113 I DSP     : am_connection_url missing. New value read from PreferencesService: http://syncba.myvzw.com/account
11-09 10:44:07.916 15113 15113 I DSP     : platform missing. New value read from PreferencesService: android
11-09 10:44:07.916 15113 15113 I DSP     : syncplatform_device_model: fusionone.android.motorola cdma_shadow
11-09 10:44:07.916 15113 15113 I DSP     : syncplatform_device_base_model: fusionone.android.google phone
11-09 10:44:07.916 15113 15113 I DSP     : syncplatform_device_software_version: BASS 1.5.9.15
11-09 10:44:08.361  1397  1397 D RadioSignalLevel: cdma dbmLevel: 3, ecioLevel: 4
11-09 10:44:13.471 14991 14991 D dalvikvm: GC_EXPLICIT freed 323K, 46% free 3015K/5511K, external 2357K/2773K, paused 84ms
11-09 10:44:15.760  1547 15103 W GDataClient: Unable to execute HTTP request.org.apache.http.conn.ConnectTimeoutException: Connect to /74.125.79.102:443 timed out
11-09 10:44:15.760  1547 15103 D Sync    : Unable to process gdata feed: Connect to /74.125.79.102:443 timed out
11-09 10:44:15.775  1325  1348 D SyncManager: failed sync operation authority: subscribedfeeds account: Account {name=ptmn68@motorola.com, type=com.google} extras: [] syncSource: 4 when: 411392579 expedited: false, SyncResult: stats [ numIoExceptions: 1]
11-09 10:44:15.830  1424  1424 I SyncStatIntentRcvr: Received intent: android.intent.action.SYNC_STATE_CHANGED
11-09 10:44:18.596  1397  1397 D RadioSignalLevel: cdma dbmLevel: 3, ecioLevel: 4
11-09 10:44:21.158  1397  1397 D RadioSignalLevel: cdma dbmLevel: 2, ecioLevel: 4
11-09 10:44:26.275 14999 14999 D dalvikvm: GC_EXPLICIT freed 784K, 49% free 3088K/6023K, external 2357K/2773K, paused 95ms
11-09 10:44:28.838  1397  1397 D RadioSignalLevel: cdma dbmLevel: 2, ecioLevel: 4
11-09 10:44:36.861  1547 15123 W GDataClient: Unable to execute HTTP request.org.apache.http.conn.ConnectTimeoutException: Connect to /74.125.79.102:443 timed out
11-09 10:44:36.869  1547 15123 D ContactsSyncAdapter: IO error, ignoring rest of feed
11-09 10:44:36.869  1547 15123 D ContactsSyncAdapter: org.apache.http.conn.ConnectTimeoutException: Connect to /74.125.79.102:443 timed out
11-09 10:44:36.869  1547 15123 D ContactsSyncAdapter: 	at org.apache.http.conn.scheme.PlainSocketFactory.connectSocket(PlainSocketFactory.java:121)
11-09 10:44:36.869  1547 15123 D ContactsSyncAdapter: 	at org.apache.http.impl.conn.DefaultClientConnectionOperator.openConnection(DefaultClientConnectionOperator.java:147)
11-09 10:44:36.869  1547 15123 D ContactsSyncAdapter: 	at org.apache.http.impl.conn.AbstractPoolEntry.open(AbstractPoolEntry.java:164)
11-09 10:44:36.869  1547 15123 D ContactsSyncAdapter: 	at org.apache.http.impl.conn.AbstractPooledConnAdapter.open(AbstractPooledConnAdapter.java:119)
11-09 10:44:36.869  1547 15123 D ContactsSyncAdapter: 	at org.apache.http.impl.client.DefaultRequestDirector.execute(DefaultRequestDirector.java:363)
11-09 10:44:36.869  1547 15123 D ContactsSyncAdapter: 	at org.apache.http.impl.client.AbstractHttpClient.execute(AbstractHttpClient.java:555)
11-09 10:44:36.869  1547 15123 D ContactsSyncAdapter: 	at org.apache.http.impl.client.AbstractHttpClient.execute(AbstractHttpClient.java:487)
11-09 10:44:36.869  1547 15123 D ContactsSyncAdapter: 	at android.net.http.AndroidHttpClient.execute(AndroidHttpClient.java:248)
11-09 10:44:36.869  1547 15123 D ContactsSyncAdapter: 	at com.google.android.common.http.GoogleHttpClient.executeWithoutRewriting(GoogleHttpClient.java:203)
11-09 10:44:36.869  1547 15123 D ContactsSyncAdapter: 	at com.google.android.common.http.GoogleHttpClient.execute(GoogleHttpClient.java:260)
11-09 10:44:36.869  1547 15123 D ContactsSyncAdapter: 	at com.google.android.common.http.GoogleHttpClient.execute(GoogleHttpClient.java:313)
11-09 10:44:36.869  1547 15123 D ContactsSyncAdapter: 	at com.google.android.common.gdata2.AndroidGDataClient.createAndExecuteMethod(AndroidGDataClient.java:282)
11-09 10:44:36.869  1547 15123 D ContactsSyncAdapter: 	at com.google.android.syncadapters.HttpsOnlyAndroidGDataClient.createAndExecuteMethod(HttpsOnlyAndroidGDataClient.java:32)
11-09 10:44:36.869  1547 15123 D ContactsSyncAdapter: 	at com.google.android.common.gdata2.AndroidGDataClient.getFeedAsStream(AndroidGDataClient.java:416)
11-09 10:44:36.869  1547 15123 D ContactsSyncAdapter: 	at com.google.wireless.gdata2.client.GDataServiceClient.getParserForFeed(GDataServiceClient.java:112)
11-09 10:44:36.869  1547 15123 D ContactsSyncAdapter: 	at com.google.android.syncadapters.GDataFeedFetcher.fetchFeed(GDataFeedFetcher.java:182)
11-09 10:44:36.869  1547 15123 D ContactsSyncAdapter: 	at com.google.android.syncadapters.GDataFeedFetcher.run(GDataFeedFetcher.java:96)
11-09 10:44:36.869  1547 15123 D ContactsSyncAdapter: 	at java.lang.Thread.run(Thread.java:1019)
11-09 10:44:36.869  1547 15122 D ContactsSyncAdapter: getServerDiffs failed
11-09 10:44:36.869  1547 15122 D ContactsSyncAdapter: java.io.IOException: connection failed during feed read of http://www.google.com/m8/feeds/groups/alphalilin@gmail.com/base2_property-android
11-09 10:44:36.869  1547 15122 D ContactsSyncAdapter: 	at com.google.android.syncadapters.contacts.ContactsSyncAdapter.getServerDiffs(ContactsSyncAdapter.java:999)
11-09 10:44:36.869  1547 15122 D ContactsSyncAdapter: 	at com.google.android.syncadapters.contacts.ContactsSyncAdapter.innerPerformSync(ContactsSyncAdapter.java:227)
11-09 10:44:36.869  1547 15122 D ContactsSyncAdapter: 	at com.google.android.syncadapters.contacts.ContactsSyncAdapter.onPerformLoggedSync(ContactsSyncAdapter.java:138)
11-09 10:44:36.869  1547 15122 D ContactsSyncAdapter: 	at com.google.android.common.LoggingThreadedSyncAdapter.onPerformSync(LoggingThreadedSyncAdapter.java:27)
11-09 10:44:36.869  1547 15122 D ContactsSyncAdapter: 	at android.content.AbstractThreadedSyncAdapter$SyncThread.run(AbstractThreadedSyncAdapter.java:164)
11-09 10:44:36.869  1547 15122 D ContactsSyncAdapter: FAILURE: processed 0 records in 21016 ms from feed http://www.google.com/m8/feeds/groups/alphalilin@gmail.com/base2_property-android, updated time is 2011-11-08T06:37:30.303Z
11-09 10:44:36.892  1325  1348 D SyncManager: failed sync operation authority: com.android.contacts account: Account {name=alphalilin@gmail.com, type=com.google} extras: [] syncSource: 4 when: 411413870 expedited: false, SyncResult: stats [ numIoExceptions: 2]
11-09 10:44:36.932  1424  1424 I SyncStatIntentRcvr: Received intent: android.intent.action.SYNC_STATE_CHANGED
11-09 10:44:36.947 12918 15126 I Gmail   : MainSyncRequestProto: lowestBkwdConvoId: 0, highestHandledServerOp: 1210183, normalSync: true
11-09 10:44:56.822 15076 15076 I Process : Sending signal. PID: 15076 SIG: 9
11-09 10:44:56.909 15127 15127 E dalvikvm: could not disable core file generation for pid 15127: Operation not permitted
11-09 10:44:56.916  1415  1415 I =====suggestion=====: switch to qwerty mode, enable?true
11-09 10:44:57.072 15127 15127 I ActivityThread: Pub com.angelspeech.provider: com.AngelSpeech.rest.AngelSpeechProvider
11-09 10:44:57.197  1415  1415 D dalvikvm: GC_FOR_MALLOC freed 8359K, 80% free 4329K/20679K, external 3309K/4132K, paused 70ms
11-09 10:44:57.213 15127 15127 D dalvikvm: GC_EXTERNAL_ALLOC freed 62K, 43% free 3085K/5379K, external 2734K/2773K, paused 61ms
11-09 10:44:57.275  1415  1415 D dalvikvm: GC_FOR_MALLOC freed <1K, 75% free 5295K/20679K, external 3309K/4132K, paused 56ms
11-09 10:44:57.346  1415  1415 D dalvikvm: GC_FOR_MALLOC freed <1K, 70% free 6262K/20679K, external 3309K/4132K, paused 69ms
11-09 10:44:57.400 15127 15127 D MyMessenger: start sync
11-09 10:44:57.416  1415  1415 D dalvikvm: GC_FOR_MALLOC freed 966K, 68% free 6745K/20679K, external 3309K/4132K, paused 63ms
11-09 10:44:57.510  1415  1430 D dalvikvm: GC_CONCURRENT freed 2417K, 70% free 6266K/20679K, external 3309K/4132K, paused 2ms+3ms
11-09 10:44:57.525 15127 15127 D dalvikvm: GC_EXTERNAL_ALLOC freed 76K, 42% free 3186K/5447K, external 4134K/4232K, paused 68ms
11-09 10:44:57.588  1415  1415 D dalvikvm: GC_FOR_MALLOC freed <1K, 66% free 7233K/20679K, external 3309K/4132K, paused 76ms
11-09 10:44:57.666  1325  1356 I ActivityManager: Displayed com.AngelSpeech.rest/.Login: +618ms (total +789ms)
11-09 10:44:57.682  1415  1415 D dalvikvm: GC_FOR_MALLOC freed 967K, 63% free 7716K/20679K, external 3309K/4132K, paused 76ms
11-09 10:44:57.791 15127 15127 D MyMessenger: run here
11-09 10:44:57.799 15127 15127 E error code: 200
11-09 10:44:57.822  1415  1415 D dalvikvm: GC_FOR_MALLOC freed 2417K, 70% free 6269K/20679K, external 3309K/4132K, paused 135ms
11-09 10:44:57.939  1415  1415 D dalvikvm: GC_FOR_MALLOC freed <1K, 65% free 7431K/20679K, external 3309K/4132K, paused 80ms
11-09 10:44:57.963  1325  1356 I ActivityManager: Displayed com.AngelSpeech.rest/.MyMessenger: +1s88ms
11-09 10:44:58.002  1415  1415 D dalvikvm: GC_FOR_MALLOC freed <1K, 59% free 8592K/20679K, external 3309K/4132K, paused 51ms
11-09 10:44:58.064 12918 15126 E Gmail   : IOException: org.apache.http.conn.ConnectTimeoutException: Connect to /74.125.79.102:443 timed out
11-09 10:44:58.072  1415  1415 D dalvikvm: GC_FOR_MALLOC freed 1161K, 56% free 9173K/20679K, external 3309K/4132K, paused 57ms
11-09 10:44:58.135  1415  1415 D dalvikvm: GC_FOR_MALLOC freed 2904K, 65% free 7434K/20679K, external 3309K/4132K, paused 51ms
11-09 10:44:58.213  1415  1415 D dalvikvm: GC_FOR_MALLOC freed <1K, 59% free 8596K/20679K, external 3309K/4132K, paused 55ms
11-09 10:44:58.260  1325  1348 D SyncManager: failed sync operation authority: gmail-ls account: Account {name=ptmn68@motorola.com, type=com.google} extras: [] syncSource: 4 when: 411435626 expedited: false, SyncResult: stats [ numIoExceptions: 1]
11-09 10:44:58.275  1415  1415 D dalvikvm: GC_FOR_MALLOC freed <1K, 53% free 9757K/20679K, external 3309K/4132K, paused 52ms
11-09 10:44:58.353  1415  1415 D dalvikvm: GC_FOR_MALLOC freed 1161K, 51% free 10338K/20679K, external 3309K/4132K, paused 68ms
11-09 10:44:58.424  1415  1415 D dalvikvm: GC_FOR_MALLOC freed 2903K, 59% free 8599K/20679K, external 3309K/4132K, paused 55ms
11-09 10:44:58.502  1415  1415 D dalvikvm: GC_FOR_MALLOC freed <1K, 53% free 9758K/20679K, external 3309K/4132K, paused 54ms
11-09 10:44:58.564  1415  1415 D dalvikvm: GC_FOR_MALLOC freed <1K, 48% free 10917K/20679K, external 3309K/4132K, paused 49ms
11-09 10:44:58.642  1415  1415 D dalvikvm: GC_FOR_MALLOC freed 1158K, 45% free 11496K/20679K, external 3309K/4132K, paused 70ms
11-09 10:44:58.658  1415  1415 I =====suggestion=====: switch to qwerty mode, enable?true
11-09 10:44:58.658  1415  1415 I =====suggestion=====: switch to qwerty mode, enable?true
11-09 10:44:58.728  1424  1424 I SyncStatIntentRcvr: Received intent: android.intent.action.SYNC_STATE_CHANGED
11-09 10:45:02.057 15127 15139 D AngelSpeechProvider: Uri = content://com.angelspeech.provider/patient
11-09 10:45:02.479 15127 15139 D AngelSpeechProvider: rowId = 28492
11-09 10:45:02.486 15127 15139 D AngelSpeechProvider: appendUri = content://com.angelspeech.provider/patient/28492
11-09 10:45:02.486 15127 15139 D AngelSpeechProvider: Uri = content://com.angelspeech.provider/patient
11-09 10:45:02.604 15127 15139 D AngelSpeechProvider: rowId = 155
11-09 10:45:02.604 15127 15139 D AngelSpeechProvider: appendUri = content://com.angelspeech.provider/patient/155
11-09 10:45:02.604 15127 15139 D AngelSpeechProvider: Uri = content://com.angelspeech.provider/patient
11-09 10:45:02.666 15127 15139 D AngelSpeechProvider: rowId = 27751
11-09 10:45:02.674 15127 15139 D AngelSpeechProvider: appendUri = content://com.angelspeech.provider/patient/27751
11-09 10:45:02.674 15127 15139 D AngelSpeechProvider: Uri = content://com.angelspeech.provider/patient
11-09 10:45:02.729 15127 15139 D AngelSpeechProvider: rowId = 27752
11-09 10:45:02.729 15127 15139 D AngelSpeechProvider: appendUri = content://com.angelspeech.provider/patient/27752
11-09 10:45:02.729 15127 15139 D AngelSpeechProvider: Uri = content://com.angelspeech.provider/patient
11-09 10:45:02.799 15127 15139 D AngelSpeechProvider: rowId = 27753
11-09 10:45:02.807 15127 15139 D AngelSpeechProvider: appendUri = content://com.angelspeech.provider/patient/27753
11-09 10:45:02.807 15127 15139 D AngelSpeechProvider: Uri = content://com.angelspeech.provider/patient
11-09 10:45:02.885 15127 15139 D AngelSpeechProvider: rowId = 27754
11-09 10:45:02.892 15127 15139 D AngelSpeechProvider: appendUri = content://com.angelspeech.provider/patient/27754
11-09 10:45:02.892 15127 15139 D AngelSpeechProvider: Uri = content://com.angelspeech.provider/patient
11-09 10:45:02.955 15127 15139 D AngelSpeechProvider: rowId = 27756
11-09 10:45:02.955 15127 15139 D AngelSpeechProvider: appendUri = content://com.angelspeech.provider/patient/27756
11-09 10:45:02.963 15127 15139 D AngelSpeechProvider: Uri = content://com.angelspeech.provider/patient
11-09 10:45:03.057 15127 15139 D AngelSpeechProvider: rowId = 27760
11-09 10:45:03.057 15127 15139 D AngelSpeechProvider: appendUri = content://com.angelspeech.provider/patient/27760
11-09 10:45:03.064 15127 15139 D AngelSpeechProvider: Uri = content://com.angelspeech.provider/patient
11-09 10:45:03.127 15127 15139 D AngelSpeechProvider: rowId = 27807
11-09 10:45:03.127 15127 15139 D AngelSpeechProvider: appendUri = content://com.angelspeech.provider/patient/27807
11-09 10:45:03.127 15127 15139 D AngelSpeechProvider: Uri = content://com.angelspeech.provider/patient
11-09 10:45:03.191 15127 15139 D AngelSpeechProvider: rowId = 27808
11-09 10:45:03.191 15127 15139 D AngelSpeechProvider: appendUri = content://com.angelspeech.provider/patient/27808
11-09 10:45:03.191 15127 15139 D AngelSpeechProvider: Uri = content://com.angelspeech.provider/patient
11-09 10:45:03.260 15127 15139 D AngelSpeechProvider: rowId = 27811
11-09 10:45:03.260 15127 15139 D AngelSpeechProvider: appendUri = content://com.angelspeech.provider/patient/27811
11-09 10:45:03.267 15127 15139 D AngelSpeechProvider: Uri = content://com.angelspeech.provider/patient
11-09 10:45:03.330 15127 15139 D AngelSpeechProvider: rowId = 27814
11-09 10:45:03.330 15127 15139 D AngelSpeechProvider: appendUri = content://com.angelspeech.provider/patient/27814
11-09 10:45:03.330 15127 15139 D AngelSpeechProvider: Uri = content://com.angelspeech.provider/patient
11-09 10:45:03.393 15127 15139 D AngelSpeechProvider: rowId = 28073
11-09 10:45:03.400 15127 15139 D AngelSpeechProvider: appendUri = content://com.angelspeech.provider/patient/28073
11-09 10:45:03.400 15127 15139 D AngelSpeechProvider: Uri = content://com.angelspeech.provider/patient
11-09 10:45:03.471 15127 15139 D AngelSpeechProvider: rowId = 28116
11-09 10:45:03.478 15127 15139 D AngelSpeechProvider: appendUri = content://com.angelspeech.provider/patient/28116
11-09 10:45:03.478 15127 15139 D AngelSpeechProvider: Uri = content://com.angelspeech.provider/patient
11-09 10:45:03.525 15127 15139 D AngelSpeechProvider: rowId = 28141
11-09 10:45:03.525 15127 15139 D AngelSpeechProvider: appendUri = content://com.angelspeech.provider/patient/28141
11-09 10:45:03.525 15127 15139 D AngelSpeechProvider: Uri = content://com.angelspeech.provider/patient
11-09 10:45:03.674 15127 15139 D AngelSpeechProvider: rowId = 28567
11-09 10:45:03.689 15127 15139 D AngelSpeechProvider: appendUri = content://com.angelspeech.provider/patient/28567
11-09 10:45:03.689 15127 15139 D AngelSpeechProvider: Uri = content://com.angelspeech.provider/patient
11-09 10:45:03.744 15127 15139 D AngelSpeechProvider: rowId = 28408
11-09 10:45:03.744 15127 15139 D AngelSpeechProvider: appendUri = content://com.angelspeech.provider/patient/28408
11-09 10:45:03.744 15127 15139 D AngelSpeechProvider: Uri = content://com.angelspeech.provider/patient
11-09 10:45:03.806 15127 15139 D AngelSpeechProvider: rowId = 28409
11-09 10:45:03.806 15127 15139 D AngelSpeechProvider: appendUri = content://com.angelspeech.provider/patient/28409
11-09 10:45:03.806 15127 15139 D AngelSpeechProvider: Uri = content://com.angelspeech.provider/patient
11-09 10:45:03.853 15127 15139 D AngelSpeechProvider: rowId = 28410
11-09 10:45:03.861 15127 15139 D AngelSpeechProvider: appendUri = content://com.angelspeech.provider/patient/28410
11-09 10:45:03.869 15127 15139 D AngelSpeechProvider: Uri = content://com.angelspeech.provider/patient
11-09 10:45:03.934 15127 15139 D AngelSpeechProvider: rowId = 28411
11-09 10:45:03.939 15127 15139 D AngelSpeechProvider: appendUri = content://com.angelspeech.provider/patient/28411
11-09 10:45:03.939 15127 15139 D AngelSpeechProvider: Uri = content://com.angelspeech.provider/patient
11-09 10:45:04.007 15127 15139 D AngelSpeechProvider: rowId = 28412
11-09 10:45:04.010 15127 15139 D AngelSpeechProvider: appendUri = content://com.angelspeech.provider/patient/28412
11-09 10:45:04.010 15127 15139 D AngelSpeechProvider: Uri = content://com.angelspeech.provider/patient
11-09 10:45:04.080 15127 15139 D AngelSpeechProvider: rowId = 28413
11-09 10:45:04.088 15127 15139 D AngelSpeechProvider: appendUri = content://com.angelspeech.provider/patient/28413
11-09 10:45:04.088 15127 15139 D AngelSpeechProvider: Uri = content://com.angelspeech.provider/patient
11-09 10:45:04.151 15127 15139 D AngelSpeechProvider: rowId = 28414
11-09 10:45:04.151 15127 15139 D AngelSpeechProvider: appendUri = content://com.angelspeech.provider/patient/28414
11-09 10:45:04.151 15127 15139 D AngelSpeechProvider: Uri = content://com.angelspeech.provider/patient
11-09 10:45:04.213 15127 15139 D AngelSpeechProvider: rowId = 28415
11-09 10:45:04.221 15127 15139 D AngelSpeechProvider: appendUri = content://com.angelspeech.provider/patient/28415
11-09 10:45:04.221 15127 15139 D AngelSpeechProvider: Uri = content://com.angelspeech.provider/patient
11-09 10:45:04.291 15127 15139 D AngelSpeechProvider: rowId = 28416
11-09 10:45:04.299 15127 15139 D AngelSpeechProvider: appendUri = content://com.angelspeech.provider/patient/28416
11-09 10:45:04.299 15127 15139 D AngelSpeechProvider: Uri = content://com.angelspeech.provider/patient
11-09 10:45:04.361 15127 15139 D AngelSpeechProvider: rowId = 28417
11-09 10:45:04.361 15127 15139 D AngelSpeechProvider: appendUri = content://com.angelspeech.provider/patient/28417
11-09 10:45:04.361 15127 15139 D AngelSpeechProvider: Uri = content://com.angelspeech.provider/patient
11-09 10:45:04.439 15127 15139 D AngelSpeechProvider: rowId = 28418
11-09 10:45:04.439 15127 15139 D AngelSpeechProvider: appendUri = content://com.angelspeech.provider/patient/28418
11-09 10:45:04.439 15127 15139 D AngelSpeechProvider: Uri = content://com.angelspeech.provider/patient
11-09 10:45:04.502 15127 15139 D AngelSpeechProvider: rowId = 28420
11-09 10:45:04.510 15127 15139 D AngelSpeechProvider: appendUri = content://com.angelspeech.provider/patient/28420
11-09 10:45:04.510 15127 15139 D AngelSpeechProvider: Uri = content://com.angelspeech.provider/patient
11-09 10:45:04.564 15127 15139 D AngelSpeechProvider: rowId = 28421
11-09 10:45:04.564 15127 15139 D AngelSpeechProvider: appendUri = content://com.angelspeech.provider/patient/28421
11-09 10:45:04.580 15127 15139 D AngelSpeechProvider: Uri = content://com.angelspeech.provider/patient
11-09 10:45:04.644 15127 15139 D AngelSpeechProvider: rowId = 28422
11-09 10:45:04.644 15127 15139 D AngelSpeechProvider: appendUri = content://com.angelspeech.provider/patient/28422
11-09 10:45:04.650 15127 15139 D AngelSpeechProvider: Uri = content://com.angelspeech.provider/patient
11-09 10:45:04.705 15127 15139 D AngelSpeechProvider: rowId = 28423
11-09 10:45:04.713 15127 15139 D AngelSpeechProvider: appendUri = content://com.angelspeech.provider/patient/28423
11-09 10:45:04.713 15127 15139 D AngelSpeechProvider: Uri = content://com.angelspeech.provider/patient
11-09 10:45:05.111 15127 15139 D AngelSpeechProvider: rowId = 28424
11-09 10:45:05.111 15127 15139 D AngelSpeechProvider: appendUri = content://com.angelspeech.provider/patient/28424
11-09 10:45:05.111 15127 15139 D AngelSpeechProvider: Uri = content://com.angelspeech.provider/patient
11-09 10:45:05.166 15127 15139 D AngelSpeechProvider: rowId = 28425
11-09 10:45:05.174 15127 15139 D AngelSpeechProvider: appendUri = content://com.angelspeech.provider/patient/28425
11-09 10:45:05.174 15127 15139 D AngelSpeechProvider: Uri = content://com.angelspeech.provider/patient
11-09 10:45:05.229 15127 15139 D AngelSpeechProvider: rowId = 28426
11-09 10:45:05.236 15127 15139 D AngelSpeechProvider: appendUri = content://com.angelspeech.provider/patient/28426
11-09 10:45:05.236 15127 15139 D AngelSpeechProvider: Uri = content://com.angelspeech.provider/patient
11-09 10:45:05.299 15127 15139 D AngelSpeechProvider: rowId = 28427
11-09 10:45:05.299 15127 15139 D AngelSpeechProvider: appendUri = content://com.angelspeech.provider/patient/28427
11-09 10:45:05.299 15127 15139 D AngelSpeechProvider: Uri = content://com.angelspeech.provider/patient
11-09 10:45:05.400 15127 15139 D AngelSpeechProvider: rowId = 28428
11-09 10:45:05.408 15127 15139 D AngelSpeechProvider: appendUri = content://com.angelspeech.provider/patient/28428
11-09 10:45:05.408 15127 15139 D AngelSpeechProvider: Uri = content://com.angelspeech.provider/patient
11-09 10:45:05.463 15127 15139 D AngelSpeechProvider: rowId = 28429
11-09 10:45:05.471 15127 15139 D AngelSpeechProvider: appendUri = content://com.angelspeech.provider/patient/28429
11-09 10:45:05.471 15127 15139 D AngelSpeechProvider: Uri = content://com.angelspeech.provider/patient
11-09 10:45:05.534 15127 15139 D AngelSpeechProvider: rowId = 28430
11-09 10:45:05.534 15127 15139 D AngelSpeechProvider: appendUri = content://com.angelspeech.provider/patient/28430
11-09 10:45:05.534 15127 15139 D AngelSpeechProvider: Uri = content://com.angelspeech.provider/patient
11-09 10:45:05.596 15127 15139 D AngelSpeechProvider: rowId = 28431
11-09 10:45:05.596 15127 15139 D AngelSpeechProvider: appendUri = content://com.angelspeech.provider/patient/28431
11-09 10:45:05.596 15127 15139 D AngelSpeechProvider: Uri = content://com.angelspeech.provider/patient
11-09 10:45:05.658 15127 15139 D AngelSpeechProvider: rowId = 28432
11-09 10:45:05.658 15127 15139 D AngelSpeechProvider: appendUri = content://com.angelspeech.provider/patient/28432
11-09 10:45:05.666 15127 15139 D AngelSpeechProvider: Uri = content://com.angelspeech.provider/patient
11-09 10:45:05.721 15127 15139 D AngelSpeechProvider: rowId = 28433
11-09 10:45:05.721 15127 15139 D AngelSpeechProvider: appendUri = content://com.angelspeech.provider/patient/28433
11-09 10:45:05.721 15127 15139 D AngelSpeechProvider: Uri = content://com.angelspeech.provider/patient
11-09 10:45:05.785 15127 15139 D AngelSpeechProvider: rowId = 28434
11-09 10:45:05.785 15127 15139 D AngelSpeechProvider: appendUri = content://com.angelspeech.provider/patient/28434
11-09 10:45:05.799 15127 15139 D AngelSpeechProvider: Uri = content://com.angelspeech.provider/patient
11-09 10:45:05.853 15127 15139 D AngelSpeechProvider: rowId = 28435
11-09 10:45:05.853 15127 15139 D AngelSpeechProvider: appendUri = content://com.angelspeech.provider/patient/28435
11-09 10:45:05.853 15127 15139 D AngelSpeechProvider: Uri = content://com.angelspeech.provider/patient
11-09 10:45:05.924 15127 15139 D AngelSpeechProvider: rowId = 28436
11-09 10:45:05.924 15127 15139 D AngelSpeechProvider: appendUri = content://com.angelspeech.provider/patient/28436
11-09 10:45:05.924 15127 15139 D AngelSpeechProvider: Uri = content://com.angelspeech.provider/patient
11-09 10:45:05.986 15127 15139 D AngelSpeechProvider: rowId = 28437
11-09 10:45:06.002 15127 15139 D AngelSpeechProvider: appendUri = content://com.angelspeech.provider/patient/28437
11-09 10:45:06.002 15127 15139 D AngelSpeechProvider: Uri = content://com.angelspeech.provider/patient
11-09 10:45:06.064 15127 15139 D AngelSpeechProvider: rowId = 28438
11-09 10:45:06.064 15127 15139 D AngelSpeechProvider: appendUri = content://com.angelspeech.provider/patient/28438
11-09 10:45:06.064 15127 15139 D AngelSpeechProvider: Uri = content://com.angelspeech.provider/patient
11-09 10:45:06.135 15127 15139 D AngelSpeechProvider: rowId = 28439
11-09 10:45:06.142 15127 15139 D AngelSpeechProvider: appendUri = content://com.angelspeech.provider/patient/28439
11-09 10:45:06.142 15127 15139 D AngelSpeechProvider: Uri = content://com.angelspeech.provider/patient
11-09 10:45:06.269 15127 15139 D AngelSpeechProvider: rowId = 28440
11-09 10:45:06.275 15127 15139 D AngelSpeechProvider: appendUri = content://com.angelspeech.provider/patient/28440
11-09 10:45:06.275 15127 15139 D AngelSpeechProvider: Uri = content://com.angelspeech.provider/patient
11-09 10:45:06.439 12918 12918 D dalvikvm: GC_EXPLICIT freed 111K, 47% free 3934K/7303K, external 2947K/3623K, paused 96ms
11-09 10:45:06.643 15127 15139 D AngelSpeechProvider: rowId = 28441
11-09 10:45:06.650 15127 15139 D AngelSpeechProvider: appendUri = content://com.angelspeech.provider/patient/28441
11-09 10:45:06.650 15127 15139 D AngelSpeechProvider: Uri = content://com.angelspeech.provider/patient
11-09 10:45:06.721 15127 15139 D AngelSpeechProvider: rowId = 28442
11-09 10:45:06.721 15127 15139 D AngelSpeechProvider: appendUri = content://com.angelspeech.provider/patient/28442
11-09 10:45:06.721 15127 15139 D AngelSpeechProvider: Uri = content://com.angelspeech.provider/patient
11-09 10:45:06.783 15127 15139 D AngelSpeechProvider: rowId = 28443
11-09 10:45:06.791 15127 15139 D AngelSpeechProvider: appendUri = content://com.angelspeech.provider/patient/28443
11-09 10:45:06.791 15127 15139 D AngelSpeechProvider: Uri = content://com.angelspeech.provider/patient
11-09 10:45:06.865 15127 15139 D AngelSpeechProvider: rowId = 28444
11-09 10:45:06.869 15127 15139 D AngelSpeechProvider: appendUri = content://com.angelspeech.provider/patient/28444
11-09 10:45:06.869 15127 15139 D AngelSpeechProvider: Uri = content://com.angelspeech.provider/patient
11-09 10:45:06.963 15127 15139 D AngelSpeechProvider: rowId = 28445
11-09 10:45:06.963 15127 15139 D AngelSpeechProvider: appendUri = content://com.angelspeech.provider/patient/28445
11-09 10:45:06.963 15127 15139 D AngelSpeechProvider: Uri = content://com.angelspeech.provider/patient
11-09 10:45:07.058 15127 15139 D AngelSpeechProvider: rowId = 28446
11-09 10:45:07.064 15127 15139 D AngelSpeechProvider: appendUri = content://com.angelspeech.provider/patient/28446
11-09 10:45:07.064 15127 15139 D AngelSpeechProvider: Uri = content://com.angelspeech.provider/patient
11-09 10:45:07.127 15127 15139 D AngelSpeechProvider: rowId = 28447
11-09 10:45:07.127 15127 15139 D AngelSpeechProvider: appendUri = content://com.angelspeech.provider/patient/28447
11-09 10:45:07.127 15127 15139 D AngelSpeechProvider: Uri = content://com.angelspeech.provider/patient
11-09 10:45:07.182 15127 15139 D AngelSpeechProvider: rowId = 28448
11-09 10:45:07.189 15127 15139 D AngelSpeechProvider: appendUri = content://com.angelspeech.provider/patient/28448
11-09 10:45:07.189 15127 15139 D AngelSpeechProvider: Uri = content://com.angelspeech.provider/patient
11-09 10:45:07.252 15127 15139 D AngelSpeechProvider: rowId = 28449
11-09 10:45:07.260 15127 15139 D AngelSpeechProvider: appendUri = content://com.angelspeech.provider/patient/28449
11-09 10:45:07.260 15127 15139 D AngelSpeechProvider: Uri = content://com.angelspeech.provider/patient
11-09 10:45:07.614 15127 15139 D AngelSpeechProvider: rowId = 28450
11-09 10:45:07.614 15127 15139 D AngelSpeechProvider: appendUri = content://com.angelspeech.provider/patient/28450
11-09 10:45:07.619 15127 15139 D AngelSpeechProvider: Uri = content://com.angelspeech.provider/patient
11-09 10:45:07.682 15127 15139 D AngelSpeechProvider: rowId = 28451
11-09 10:45:07.689 15127 15139 D AngelSpeechProvider: appendUri = content://com.angelspeech.provider/patient/28451
11-09 10:45:07.689 15127 15139 D AngelSpeechProvider: Uri = content://com.angelspeech.provider/patient
11-09 10:45:07.744 15127 15139 D AngelSpeechProvider: rowId = 28452
11-09 10:45:07.744 15127 15139 D AngelSpeechProvider: appendUri = content://com.angelspeech.provider/patient/28452
11-09 10:45:07.752 15127 15139 D AngelSpeechProvider: Uri = content://com.angelspeech.provider/patient
11-09 10:45:07.807 15127 15139 D AngelSpeechProvider: rowId = 28453
11-09 10:45:07.807 15127 15139 D AngelSpeechProvider: appendUri = content://com.angelspeech.provider/patient/28453
11-09 10:45:07.807 15127 15139 D AngelSpeechProvider: Uri = content://com.angelspeech.provider/patient
11-09 10:45:07.869 15127 15139 D AngelSpeechProvider: rowId = 28454
11-09 10:45:07.877 15127 15139 D AngelSpeechProvider: appendUri = content://com.angelspeech.provider/patient/28454
11-09 10:45:07.877 15127 15139 D AngelSpeechProvider: Uri = content://com.angelspeech.provider/patient
11-09 10:45:07.939 15127 15139 D AngelSpeechProvider: rowId = 28455
11-09 10:45:07.939 15127 15139 D AngelSpeechProvider: appendUri = content://com.angelspeech.provider/patient/28455
11-09 10:45:07.947 15127 15139 D AngelSpeechProvider: Uri = content://com.angelspeech.provider/patient
11-09 10:45:08.041 15127 15139 D AngelSpeechProvider: rowId = 28456
11-09 10:45:08.049 15127 15139 D AngelSpeechProvider: appendUri = content://com.angelspeech.provider/patient/28456
11-09 10:45:08.049 15127 15139 D AngelSpeechProvider: Uri = content://com.angelspeech.provider/patient
11-09 10:45:08.104 15127 15139 D AngelSpeechProvider: rowId = 28457
11-09 10:45:08.111 15127 15139 D AngelSpeechProvider: appendUri = content://com.angelspeech.provider/patient/28457
11-09 10:45:08.111 15127 15139 D AngelSpeechProvider: Uri = content://com.angelspeech.provider/patient
11-09 10:45:08.158 15127 15139 D AngelSpeechProvider: rowId = 28458
11-09 10:45:08.158 15127 15139 D AngelSpeechProvider: appendUri = content://com.angelspeech.provider/patient/28458
11-09 10:45:08.166 15127 15139 D AngelSpeechProvider: Uri = content://com.angelspeech.provider/patient
11-09 10:45:08.223 15127 15139 D AngelSpeechProvider: rowId = 28459
11-09 10:45:08.228 15127 15139 D AngelSpeechProvider: appendUri = content://com.angelspeech.provider/patient/28459
11-09 10:45:08.228 15127 15139 D AngelSpeechProvider: Uri = content://com.angelspeech.provider/patient
11-09 10:45:08.292 15127 15139 D AngelSpeechProvider: rowId = 28460
11-09 10:45:08.292 15127 15139 D AngelSpeechProvider: appendUri = content://com.angelspeech.provider/patient/28460
11-09 10:45:08.292 15127 15139 D AngelSpeechProvider: Uri = content://com.angelspeech.provider/patient
11-09 10:45:08.353 15127 15139 D AngelSpeechProvider: rowId = 28461
11-09 10:45:08.361 15127 15139 D AngelSpeechProvider: appendUri = content://com.angelspeech.provider/patient/28461
11-09 10:45:08.361 15127 15139 D AngelSpeechProvider: Uri = content://com.angelspeech.provider/patient
11-09 10:45:08.416 15127 15139 D AngelSpeechProvider: rowId = 28462
11-09 10:45:08.432 15127 15139 D AngelSpeechProvider: appendUri = content://com.angelspeech.provider/patient/28462
11-09 10:45:08.439 15127 15139 D AngelSpeechProvider: Uri = content://com.angelspeech.provider/patient
11-09 10:45:08.502 15127 15139 D AngelSpeechProvider: rowId = 28463
11-09 10:45:08.510 15127 15139 D AngelSpeechProvider: appendUri = content://com.angelspeech.provider/patient/28463
11-09 10:45:08.510 15127 15139 D AngelSpeechProvider: Uri = content://com.angelspeech.provider/patient
11-09 10:45:08.582 15127 15139 D AngelSpeechProvider: rowId = 28464
11-09 10:45:08.588 15127 15139 D AngelSpeechProvider: appendUri = content://com.angelspeech.provider/patient/28464
11-09 10:45:08.588 15127 15139 D AngelSpeechProvider: Uri = content://com.angelspeech.provider/patient
11-09 10:45:08.658 15127 15139 D AngelSpeechProvider: rowId = 28465
11-09 10:45:08.658 15127 15139 D AngelSpeechProvider: appendUri = content://com.angelspeech.provider/patient/28465
11-09 10:45:08.658 15127 15139 D AngelSpeechProvider: Uri = content://com.angelspeech.provider/patient
11-09 10:45:08.713 15127 15139 D AngelSpeechProvider: rowId = 28466
11-09 10:45:08.721 15127 15139 D AngelSpeechProvider: appendUri = content://com.angelspeech.provider/patient/28466
11-09 10:45:08.721 15127 15139 D AngelSpeechProvider: Uri = content://com.angelspeech.provider/patient
11-09 10:45:08.783 15127 15139 D AngelSpeechProvider: rowId = 28467
11-09 10:45:08.783 15127 15139 D AngelSpeechProvider: appendUri = content://com.angelspeech.provider/patient/28467
11-09 10:45:08.791 15127 15139 D AngelSpeechProvider: Uri = content://com.angelspeech.provider/patient
11-09 10:45:08.861 15127 15139 D AngelSpeechProvider: rowId = 28468
11-09 10:45:08.861 15127 15139 D AngelSpeechProvider: appendUri = content://com.angelspeech.provider/patient/28468
11-09 10:45:08.861 15127 15139 D AngelSpeechProvider: Uri = content://com.angelspeech.provider/patient
11-09 10:45:08.916 15127 15139 D AngelSpeechProvider: rowId = 28469
11-09 10:45:08.924 15127 15139 D AngelSpeechProvider: appendUri = content://com.angelspeech.provider/patient/28469
11-09 10:45:08.924 15127 15139 D AngelSpeechProvider: Uri = content://com.angelspeech.provider/patient
11-09 10:45:09.072 15127 15139 D AngelSpeechProvider: rowId = 28470
11-09 10:45:09.080 15127 15139 D AngelSpeechProvider: appendUri = content://com.angelspeech.provider/patient/28470
11-09 10:45:09.080 15127 15139 D AngelSpeechProvider: Uri = content://com.angelspeech.provider/patient
11-09 10:45:09.158 15127 15139 D AngelSpeechProvider: rowId = 28471
11-09 10:45:09.158 15127 15139 D AngelSpeechProvider: appendUri = content://com.angelspeech.provider/patient/28471
11-09 10:45:09.158 15127 15139 D AngelSpeechProvider: Uri = content://com.angelspeech.provider/patient
11-09 10:45:09.213 15127 15139 D AngelSpeechProvider: rowId = 28472
11-09 10:45:09.213 15127 15139 D AngelSpeechProvider: appendUri = content://com.angelspeech.provider/patient/28472
11-09 10:45:09.213 15127 15139 D AngelSpeechProvider: Uri = content://com.angelspeech.provider/patient
11-09 10:45:09.275 15127 15139 D AngelSpeechProvider: rowId = 28473
11-09 10:45:09.283 15127 15139 D AngelSpeechProvider: appendUri = content://com.angelspeech.provider/patient/28473
11-09 10:45:09.283 15127 15139 D AngelSpeechProvider: Uri = content://com.angelspeech.provider/patient
11-09 10:45:09.331 15127 15139 D AngelSpeechProvider: rowId = 28474
11-09 10:45:09.331 15127 15139 D AngelSpeechProvider: appendUri = content://com.angelspeech.provider/patient/28474
11-09 10:45:09.331 15127 15139 D AngelSpeechProvider: Uri = content://com.angelspeech.provider/patient
11-09 10:45:09.400 15127 15139 D AngelSpeechProvider: rowId = 28512
11-09 10:45:09.408 15127 15139 D AngelSpeechProvider: appendUri = content://com.angelspeech.provider/patient/28512
11-09 10:45:09.408 15127 15139 D AngelSpeechProvider: Uri = content://com.angelspeech.provider/patient
11-09 10:45:09.463 15127 15139 D AngelSpeechProvider: rowId = 28476
11-09 10:45:09.463 15127 15139 D AngelSpeechProvider: appendUri = content://com.angelspeech.provider/patient/28476
11-09 10:45:09.471 15127 15139 D AngelSpeechProvider: Uri = content://com.angelspeech.provider/patient
11-09 10:45:09.525 15127 15139 D AngelSpeechProvider: rowId = 28477
11-09 10:45:09.525 15127 15139 D AngelSpeechProvider: appendUri = content://com.angelspeech.provider/patient/28477
11-09 10:45:09.525 15127 15139 D AngelSpeechProvider: Uri = content://com.angelspeech.provider/patient
11-09 10:45:09.593 15127 15139 D AngelSpeechProvider: rowId = 28478
11-09 10:45:09.596 15127 15139 D AngelSpeechProvider: appendUri = content://com.angelspeech.provider/patient/28478
11-09 10:45:09.596 15127 15139 D AngelSpeechProvider: Uri = content://com.angelspeech.provider/patient
11-09 10:45:09.643 15127 15139 D AngelSpeechProvider: rowId = 28479
11-09 10:45:09.650 15127 15139 D AngelSpeechProvider: appendUri = content://com.angelspeech.provider/patient/28479
