11-09 10:43:52.392 15076 15088 D AngelSpeechProvider: appendUri = content://com.angelspeech.provider/dayinfo/15326
11-09 10:43:52.400 15076 15088 D AngelSpeechProvider: Uri = content://com.angelspeech.provider/dayinfo
11-09 10:43:52.456 15076 15088 D AngelSpeechProvider: rowId = 15327
11-09 10:43:52.456 15076 15088 D AngelSpeechProvider: appendUri = content://com.angelspeech.provider/dayinfo/15327
11-09 10:43:52.463 15076 15088 D AngelSpeechProvider: Uri = content://com.angelspeech.provider/dayinfo
11-09 10:43:52.525 15076 15088 D AngelSpeechProvider: rowId = 15328
11-09 10:43:52.525 15076 15088 D AngelSpeechProvider: appendUri = content://com.angelspeech.provider/dayinfo/15328
11-09 10:43:52.533 15076 15088 D AngelSpeechProvider: Uri = content://com.angelspeech.provider/dayinfo
11-09 10:43:52.596 15076 15088 D AngelSpeechProvider: rowId = 15329
11-09 10:43:52.603 15076 15088 D AngelSpeechProvider: appendUri = content://com.angelspeech.provider/dayinfo/15329
11-09 10:43:52.603 15076 15088 D AngelSpeechProvider: Uri = content://com.angelspeech.provider/dayinfo
11-09 10:43:52.658 15076 15088 D AngelSpeechProvider: rowId = 15330
11-09 10:43:52.666 15076 15088 D AngelSpeechProvider: appendUri = content://com.angelspeech.provider/dayinfo/15330
11-09 10:43:52.666 15076 15088 D AngelSpeechProvider: Uri = content://com.angelspeech.provider/dayinfo
11-09 10:43:52.744 15076 15088 D AngelSpeechProvider: rowId = 15331
11-09 10:43:52.752 15076 15088 D AngelSpeechProvider: appendUri = content://com.angelspeech.provider/dayinfo/15331
11-09 10:43:52.752 15076 15088 D AngelSpeechProvider: Uri = content://com.angelspeech.provider/dayinfo
11-09 10:43:52.814 15076 15088 D AngelSpeechProvider: rowId = 15332
11-09 10:43:52.822 15076 15088 D AngelSpeechProvider: appendUri = content://com.angelspeech.provider/dayinfo/15332
11-09 10:43:52.822 15076 15088 D AngelSpeechProvider: Uri = content://com.angelspeech.provider/dayinfo
11-09 10:43:52.885 15076 15088 D AngelSpeechProvider: rowId = 15333
11-09 10:43:52.885 15076 15088 D AngelSpeechProvider: appendUri = content://com.angelspeech.provider/dayinfo/15333
11-09 10:43:52.885 15076 15088 D AngelSpeechProvider: Uri = content://com.angelspeech.provider/dayinfo
11-09 10:43:52.971 12918 12918 D dalvikvm: GC_EXPLICIT freed 201K, 45% free 4018K/7303K, external 2947K/3623K, paused 81ms
11-09 10:43:52.978 15076 15088 D AngelSpeechProvider: rowId = 15334
11-09 10:43:52.986  1397  1397 D RadioSignalLevel: cdma dbmLevel: 3, ecioLevel: 4
11-09 10:43:53.002 15076 15088 D AngelSpeechProvider: appendUri = content://com.angelspeech.provider/dayinfo/15334
11-09 10:43:53.002 15076 15088 D AngelSpeechProvider: Uri = content://com.angelspeech.provider/dayinfo
11-09 10:43:53.072 15076 15088 D AngelSpeechProvider: rowId = 15335
11-09 10:43:53.072 15076 15088 D AngelSpeechProvider: appendUri = content://com.angelspeech.provider/dayinfo/15335
11-09 10:43:53.072 15076 15088 D AngelSpeechProvider: Uri = content://com.angelspeech.provider/dayinfo
11-09 10:43:53.150 15076 15088 D AngelSpeechProvider: rowId = 15336
11-09 10:43:53.150 15076 15088 D AngelSpeechProvider: appendUri = content://com.angelspeech.provider/dayinfo/15336
11-09 10:43:53.150 15076 15088 D AngelSpeechProvider: Uri = content://com.angelspeech.provider/dayinfo
11-09 10:43:53.221 15076 15088 D AngelSpeechProvider: rowId = 15337
11-09 10:43:53.221 15076 15088 D AngelSpeechProvider: appendUri = content://com.angelspeech.provider/dayinfo/15337
11-09 10:43:53.228 15076 15088 D AngelSpeechProvider: Uri = content://com.angelspeech.provider/dayinfo
11-09 10:43:53.291 15076 15088 D AngelSpeechProvider: rowId = 15338
11-09 10:43:53.299 15076 15088 D AngelSpeechProvider: appendUri = content://com.angelspeech.provider/dayinfo/15338
11-09 10:43:53.299 15076 15088 D AngelSpeechProvider: Uri = content://com.angelspeech.provider/dayinfo
11-09 10:43:53.369 15076 15088 D AngelSpeechProvider: rowId = 15339
11-09 10:43:53.377 15076 15088 D AngelSpeechProvider: appendUri = content://com.angelspeech.provider/dayinfo/15339
11-09 10:43:53.377 15076 15088 D AngelSpeechProvider: Uri = content://com.angelspeech.provider/appt
11-09 10:43:53.447 15076 15088 D AngelSpeechProvider: rowId = 4
11-09 10:43:53.447 15076 15088 D AngelSpeechProvider: appendUri = content://com.angelspeech.provider/appt/4
11-09 10:43:53.447 15076 15088 D AngelSpeechProvider: Uri = content://com.angelspeech.provider/appt
11-09 10:43:53.549 15076 15088 D AngelSpeechProvider: rowId = 5
11-09 10:43:53.556 15076 15088 D AngelSpeechProvider: appendUri = content://com.angelspeech.provider/appt/5
11-09 10:43:53.556 15076 15088 D AngelSpeechProvider: Uri = content://com.angelspeech.provider/appt
11-09 10:43:53.619 15076 15088 D AngelSpeechProvider: rowId = 6
11-09 10:43:53.627 15076 15088 D AngelSpeechProvider: appendUri = content://com.angelspeech.provider/appt/6
11-09 10:43:53.627 15076 15088 E Noksha  : 179
11-09 10:43:53.627 15076 15076 D MyMessenger: Handle msg 99
11-09 10:43:53.635 15076 15076 D MyMessenger: SYNC_INTERVAL  = 900
11-09 10:43:53.674  1415  1415 I =====suggestion=====: switch to qwerty mode, enable?true
11-09 10:43:53.853  1415  1415 D dalvikvm: GC_FOR_MALLOC freed 8292K, 80% free 4326K/20679K, external 3309K/4132K, paused 54ms
11-09 10:43:53.900  1415  1415 D dalvikvm: GC_FOR_MALLOC freed <1K, 75% free 5285K/20679K, external 3309K/4132K, paused 32ms
11-09 10:43:53.932  1415  1415 D dalvikvm: GC_FOR_MALLOC freed <1K, 70% free 6243K/20679K, external 3309K/4132K, paused 30ms
11-09 10:43:53.963  1415  1415 D dalvikvm: GC_FOR_MALLOC freed 958K, 68% free 6722K/20679K, external 3309K/4132K, paused 30ms
11-09 10:43:54.025  1415  1430 D dalvikvm: GC_CONCURRENT freed 2396K, 70% free 6247K/20679K, external 3309K/4132K, paused 2ms+4ms
11-09 10:43:54.056  1415  1415 D dalvikvm: GC_FOR_MALLOC freed <1K, 66% free 7206K/20679K, external 3309K/4132K, paused 30ms
11-09 10:43:54.096  1415  1415 D dalvikvm: GC_FOR_MALLOC freed 958K, 63% free 7685K/20679K, external 3309K/4132K, paused 31ms
11-09 10:43:54.135  1415  1415 D dalvikvm: GC_FOR_MALLOC freed 2396K, 70% free 6250K/20679K, external 3309K/4132K, paused 40ms
11-09 10:43:54.174  1415  1415 D dalvikvm: GC_FOR_MALLOC freed <1K, 65% free 7404K/20679K, external 3309K/4132K, paused 30ms
11-09 10:43:54.213  1415  1415 D dalvikvm: GC_FOR_MALLOC freed <1K, 59% free 8557K/20679K, external 3309K/4132K, paused 31ms
11-09 10:43:54.244  1415  1415 D dalvikvm: GC_FOR_MALLOC freed 1153K, 56% free 9134K/20679K, external 3309K/4132K, paused 31ms
11-09 10:43:54.283  1415  1415 D dalvikvm: GC_FOR_MALLOC freed 2883K, 65% free 7407K/20679K, external 3309K/4132K, paused 30ms
11-09 10:43:54.322  1415  1415 D dalvikvm: GC_FOR_MALLOC freed <1K, 59% free 8560K/20679K, external 3309K/4132K, paused 29ms
11-09 10:43:54.353  1415  1415 D dalvikvm: GC_FOR_MALLOC freed <1K, 54% free 9713K/20679K, external 3309K/4132K, paused 31ms
11-09 10:43:54.392  1415  1415 D dalvikvm: GC_FOR_MALLOC freed 1153K, 51% free 10290K/20679K, external 3309K/4132K, paused 35ms
11-09 10:43:54.432  1415  1415 D dalvikvm: GC_FOR_MALLOC freed 2882K, 59% free 8564K/20679K, external 3309K/4132K, paused 31ms
11-09 10:43:54.471  1415  1415 D dalvikvm: GC_FOR_MALLOC freed <1K, 54% free 9714K/20679K, external 3309K/4132K, paused 30ms
11-09 10:43:54.510  1415  1415 D dalvikvm: GC_FOR_MALLOC freed <1K, 48% free 10864K/20679K, external 3309K/4132K, paused 32ms
11-09 10:43:54.510  1547 15091 W GDataClient: Unable to execute HTTP request.org.apache.http.conn.ConnectTimeoutException: Connect to /74.125.79.102:443 timed out
11-09 10:43:54.549  1415  1415 D dalvikvm: GC_FOR_MALLOC freed 1150K, 45% free 11440K/20679K, external 3309K/4132K, paused 33ms
11-09 10:43:54.557  1547 15091 D ContactsSyncAdapter: IO error, ignoring rest of feed
11-09 10:43:54.557  1547 15091 D ContactsSyncAdapter: org.apache.http.conn.ConnectTimeoutException: Connect to /74.125.79.102:443 timed out
11-09 10:43:54.557  1547 15091 D ContactsSyncAdapter: 	at org.apache.http.conn.scheme.PlainSocketFactory.connectSocket(PlainSocketFactory.java:121)
11-09 10:43:54.557  1547 15091 D ContactsSyncAdapter: 	at org.apache.http.impl.conn.DefaultClientConnectionOperator.openConnection(DefaultClientConnectionOperator.java:147)
11-09 10:43:54.557  1547 15091 D ContactsSyncAdapter: 	at org.apache.http.impl.conn.AbstractPoolEntry.open(AbstractPoolEntry.java:164)
11-09 10:43:54.557  1547 15091 D ContactsSyncAdapter: 	at org.apache.http.impl.conn.AbstractPooledConnAdapter.open(AbstractPooledConnAdapter.java:119)
11-09 10:43:54.557  1547 15091 D ContactsSyncAdapter: 	at org.apache.http.impl.client.DefaultRequestDirector.execute(DefaultRequestDirector.java:363)
11-09 10:43:54.557  1547 15091 D ContactsSyncAdapter: 	at org.apache.http.impl.client.AbstractHttpClient.execute(AbstractHttpClient.java:555)
11-09 10:43:54.557  1547 15091 D ContactsSyncAdapter: 	at org.apache.http.impl.client.AbstractHttpClient.execute(AbstractHttpClient.java:487)
11-09 10:43:54.557  1547 15091 D ContactsSyncAdapter: 	at android.net.http.AndroidHttpClient.execute(AndroidHttpClient.java:248)
11-09 10:43:54.557  1547 15091 D ContactsSyncAdapter: 	at com.google.android.common.http.GoogleHttpClient.executeWithoutRewriting(GoogleHttpClient.java:203)
11-09 10:43:54.557  1547 15091 D ContactsSyncAdapter: 	at com.google.android.common.http.GoogleHttpClient.execute(GoogleHttpClient.java:260)
11-09 10:43:54.557  1547 15091 D ContactsSyncAdapter: 	at com.google.android.common.http.GoogleHttpClient.execute(GoogleHttpClient.java:313)
11-09 10:43:54.557  1547 15091 D ContactsSyncAdapter: 	at com.google.android.common.gdata2.AndroidGDataClient.createAndExecuteMethod(AndroidGDataClient.java:282)
11-09 10:43:54.557  1547 15091 D ContactsSyncAdapter: 	at com.google.android.syncadapters.HttpsOnlyAndroidGDataClient.createAndExecuteMethod(HttpsOnlyAndroidGDataClient.java:32)
11-09 10:43:54.557  1547 15091 D ContactsSyncAdapter: 	at com.google.android.common.gdata2.AndroidGDataClient.getFeedAsStream(AndroidGDataClient.java:416)
11-09 10:43:54.557  1547 15091 D ContactsSyncAdapter: 	at com.google.wireless.gdata2.client.GDataServiceClient.getParserForFeed(GDataServiceClient.java:112)
11-09 10:43:54.557  1547 15091 D ContactsSyncAdapter: 	at com.google.android.syncadapters.GDataFeedFetcher.fetchFeed(GDataFeedFetcher.java:182)
11-09 10:43:54.557  1547 15091 D ContactsSyncAdapter: 	at com.google.android.syncadapters.GDataFeedFetcher.run(GDataFeedFetcher.java:96)
11-09 10:43:54.557  1547 15091 D ContactsSyncAdapter: 	at java.lang.Thread.run(Thread.java:1019)
11-09 10:43:54.564  1415  1415 I =====suggestion=====: switch to qwerty mode, enable?true
11-09 10:43:54.564  1415  1415 I =====suggestion=====: switch to qwerty mode, enable?true
11-09 10:43:54.619  1547 15090 D ContactsSyncAdapter: getServerDiffs failed
11-09 10:43:54.619  1547 15090 D ContactsSyncAdapter: java.io.IOException: connection failed during feed read of https://www.google.com/m8/feeds/groups/ptmn68@motorola.com/base2_property-android
11-09 10:43:54.619  1547 15090 D ContactsSyncAdapter: 	at com.google.android.syncadapters.contacts.ContactsSyncAdapter.getServerDiffs(ContactsSyncAdapter.java:999)
11-09 10:43:54.619  1547 15090 D ContactsSyncAdapter: 	at com.google.android.syncadapters.contacts.ContactsSyncAdapter.innerPerformSync(ContactsSyncAdapter.java:227)
11-09 10:43:54.619  1547 15090 D ContactsSyncAdapter: 	at com.google.android.syncadapters.contacts.ContactsSyncAdapter.onPerformLoggedSync(ContactsSyncAdapter.java:138)
11-09 10:43:54.619  1547 15090 D ContactsSyncAdapter: 	at com.google.android.common.LoggingThreadedSyncAdapter.onPerformSync(LoggingThreadedSyncAdapter.java:27)
11-09 10:43:54.619  1547 15090 D ContactsSyncAdapter: 	at android.content.AbstractThreadedSyncAdapter$SyncThread.run(AbstractThreadedSyncAdapter.java:164)
11-09 10:43:54.627  1547  1549 D dalvikvm: GC_CONCURRENT freed 1243K, 47% free 4527K/8391K, external 2357K/2773K, paused 3ms+12ms
11-09 10:43:54.635  1547 15090 D ContactsSyncAdapter: FAILURE: processed 0 records in 21142 ms from feed https://www.google.com/m8/feeds/groups/ptmn68@motorola.com/base2_property-android, updated time is 2011-11-08T06:38:35.803Z
11-09 10:43:54.642  1325  1348 D SyncManager: failed sync operation authority: com.android.contacts account: Account {name=ptmn68@motorola.com, type=com.google} extras: [] syncSource: 4 when: 411371476 expedited: false, SyncResult: stats [ numIoExceptions: 2]
11-09 10:43:54.721  1424  1424 I SyncStatIntentRcvr: Received intent: android.intent.action.SYNC_STATE_CHANGED
11-09 10:43:55.408 15076 15076 D Alpha   : run here
11-09 10:43:55.463 15076 15076 D AngelSpeechTabs: onCreate...
11-09 10:43:55.494 15076 15076 D ContactsActivity: onCreate...
11-09 10:43:55.541 15076 15076 D dalvikvm: GC_EXTERNAL_ALLOC freed 1093K, 48% free 3553K/6791K, external 4942K/5339K, paused 38ms
11-09 10:43:55.549  1397  1397 D RadioSignalLevel: cdma dbmLevel: 3, ecioLevel: 4
11-09 10:43:55.642 15076 15076 D MyScheduler: onCreate...
11-09 10:43:55.721 15076 15076 D MyScheduler: freeslots=[Ljava.lang.String;@4059d5e0
11-09 10:43:55.728 15076 15076 D MyScheduler: AM START=36
11-09 10:43:55.728 15076 15076 D MyScheduler: AM END=48
11-09 10:43:55.728 15076 15076 D MyScheduler: PM START=52
11-09 10:43:55.728 15076 15076 D MyScheduler: PM END=65
11-09 10:43:55.728 15076 15076 D MyScheduler: AM START=36
11-09 10:43:55.728 15076 15076 D MyScheduler: AM END=48
11-09 10:43:55.728 15076 15076 D MyScheduler: PM START=52
11-09 10:43:55.728 15076 15076 D MyScheduler: PM END=65
11-09 10:43:55.728 15076 15076 D MyScheduler: AM START=36
11-09 10:43:55.728 15076 15076 D MyScheduler: AM END=48
11-09 10:43:55.728 15076 15076 D MyScheduler: PM START=52
11-09 10:43:55.728 15076 15076 D MyScheduler: PM END=65
11-09 10:43:55.728 15076 15076 D MyScheduler: AM START=36
11-09 10:43:55.728 15076 15076 D MyScheduler: AM END=48
11-09 10:43:55.728 15076 15076 D MyScheduler: PM START=52
11-09 10:43:55.728 15076 15076 D MyScheduler: PM END=65
11-09 10:43:55.728 15076 15076 D MyScheduler: AM START=36
11-09 10:43:55.728 15076 15076 D MyScheduler: AM END=48
11-09 10:43:55.728 15076 15076 D MyScheduler: PM START=52
11-09 10:43:55.736 15076 15076 D MyScheduler: PM END=65
11-09 10:43:55.736 15076 15076 D MyScheduler: AM START=36
11-09 10:43:55.736 15076 15076 D MyScheduler: AM END=48
11-09 10:43:55.736 15076 15076 D MyScheduler: PM START=52
11-09 10:43:55.736 15076 15076 D MyScheduler: PM END=65
11-09 10:43:55.736 15076 15076 D MyScheduler: AM START=36
11-09 10:43:55.736 15076 15076 D MyScheduler: AM END=48
11-09 10:43:55.736 15076 15076 D MyScheduler: PM START=52
11-09 10:43:55.736 15076 15076 D MyScheduler: PM END=65
11-09 10:43:55.736 15076 15076 D MyScheduler: AM START=36
11-09 10:43:55.736 15076 15076 D MyScheduler: AM END=48
11-09 10:43:55.736 15076 15076 D MyScheduler: PM START=52
11-09 10:43:55.736 15076 15076 D MyScheduler: PM END=65
11-09 10:43:55.736 15076 15076 D MyScheduler: AM START=36
11-09 10:43:55.736 15076 15076 D MyScheduler: AM END=48
11-09 10:43:55.736 15076 15076 D MyScheduler: PM START=52
11-09 10:43:55.744 15076 15076 D MyScheduler: PM END=65
11-09 10:43:55.744 15076 15076 D MyScheduler: AM START=36
11-09 10:43:55.744 15076 15076 D MyScheduler: AM END=48
11-09 10:43:55.744 15076 15076 D MyScheduler: PM START=52
11-09 10:43:55.744 15076 15076 D MyScheduler: PM END=65
11-09 10:43:55.744 15076 15076 D MyScheduler: AM START=36
11-09 10:43:55.744 15076 15076 D MyScheduler: AM END=48
11-09 10:43:55.744 15076 15076 D MyScheduler: PM START=52
11-09 10:43:55.744 15076 15076 D MyScheduler: PM END=65
11-09 10:43:55.744 15076 15076 D MyScheduler: AM START=36
11-09 10:43:55.744 15076 15076 D MyScheduler: AM END=48
11-09 10:43:55.752 15076 15076 D MyScheduler: PM START=52
11-09 10:43:55.752 15076 15076 D MyScheduler: PM END=65
11-09 10:43:55.752 15076 15076 D MyScheduler: AM START=36
11-09 10:43:55.752 15076 15076 D MyScheduler: AM END=48
11-09 10:43:55.752 15076 15076 D MyScheduler: PM START=52
11-09 10:43:55.752 15076 15076 D MyScheduler: PM END=65
11-09 10:43:55.752 15076 15076 D MyScheduler: AM START=36
11-09 10:43:55.752 15076 15076 D MyScheduler: AM END=48
11-09 10:43:55.752 15076 15076 D MyScheduler: PM START=52
11-09 10:43:55.752 15076 15076 D MyScheduler: PM END=65
11-09 10:43:55.752 15076 15076 D MyScheduler: AM START=36
11-09 10:43:55.752 15076 15076 D MyScheduler: AM END=48
11-09 10:43:55.752 15076 15076 D MyScheduler: PM START=52
11-09 10:43:55.752 15076 15076 D MyScheduler: PM END=65
11-09 10:43:55.752 15076 15076 D MyScheduler: AM START=36
11-09 10:43:55.752 15076 15076 D MyScheduler: AM END=48
11-09 10:43:55.752 15076 15076 D MyScheduler: PM START=52
11-09 10:43:55.752 15076 15076 D MyScheduler: PM END=65
11-09 10:43:55.752 15076 15076 D MyScheduler: AM START=36
11-09 10:43:55.752 15076 15076 D MyScheduler: AM END=48
11-09 10:43:55.752 15076 15076 D MyScheduler: PM START=52
11-09 10:43:55.752 15076 15076 D MyScheduler: PM END=65
11-09 10:43:55.752 15076 15076 D MyScheduler: AM START=36
11-09 10:43:55.760 15076 15076 D MyScheduler: AM END=48
11-09 10:43:55.760 15076 15076 D MyScheduler: PM START=52
11-09 10:43:55.760 15076 15076 D MyScheduler: PM END=65
11-09 10:43:55.760 15076 15076 D MyScheduler: AM START=36
11-09 10:43:55.760 15076 15076 D MyScheduler: AM END=48
11-09 10:43:55.760 15076 15076 D MyScheduler: PM START=52
11-09 10:43:55.760 15076 15076 D MyScheduler: PM END=65
11-09 10:43:55.760 15076 15076 D MyScheduler: AM START=36
11-09 10:43:55.760 15076 15076 D MyScheduler: AM END=48
11-09 10:43:55.760 15076 15076 D MyScheduler: PM START=52
11-09 10:43:55.760 15076 15076 D MyScheduler: PM END=65
11-09 10:43:55.760 15076 15076 D MyScheduler: AM START=36
11-09 10:43:55.760 15076 15076 D MyScheduler: AM END=48
11-09 10:43:55.760 15076 15076 D MyScheduler: PM START=52
11-09 10:43:55.760 15076 15076 D MyScheduler: PM END=65
11-09 10:43:55.767 15076 15076 D MyScheduler: AM START=36
11-09 10:43:55.767 15076 15076 D MyScheduler: AM END=48
11-09 10:43:55.767 15076 15076 D MyScheduler: PM START=52
11-09 10:43:55.767 15076 15076 D MyScheduler: PM END=65
11-09 10:43:55.767 15076 15076 D MyScheduler: AM START=36
11-09 10:43:55.767 15076 15076 D MyScheduler: AM END=48
11-09 10:43:55.767 15076 15076 D MyScheduler: PM START=52
11-09 10:43:55.767 15076 15076 D MyScheduler: PM END=65
11-09 10:43:55.767 15076 15076 D MyScheduler: AM START=36
11-09 10:43:55.767 15076 15076 D MyScheduler: AM END=48
11-09 10:43:55.767 15076 15076 D MyScheduler: PM START=52
11-09 10:43:55.767 15076 15076 D MyScheduler: PM END=65
11-09 10:43:55.767 15076 15076 D MyScheduler: AM START=36
11-09 10:43:55.767 15076 15076 D MyScheduler: AM END=48
11-09 10:43:55.767 15076 15076 D MyScheduler: PM START=52
11-09 10:43:55.767 15076 15076 D MyScheduler: PM END=65
11-09 10:43:55.767 15076 15076 D MyScheduler: AM START=36
11-09 10:43:55.767 15076 15076 D MyScheduler: AM END=48
11-09 10:43:55.767 15076 15076 D MyScheduler: PM START=52
11-09 10:43:55.767 15076 15076 D MyScheduler: PM END=65
11-09 10:43:55.767 15076 15076 D MyScheduler: AM START=36
11-09 10:43:55.767 15076 15076 D MyScheduler: AM END=48
11-09 10:43:55.767 15076 15076 D MyScheduler: PM START=52
11-09 10:43:55.767 15076 15076 D MyScheduler: PM END=65
11-09 10:43:55.767 15076 15076 D MyScheduler: AM START=36
11-09 10:43:55.775 15076 15076 D MyScheduler: AM END=48
11-09 10:43:55.775 15076 15076 D MyScheduler: PM START=52
11-09 10:43:55.775 15076 15076 D MyScheduler: PM END=65
11-09 10:43:55.775 15076 15076 D MyScheduler: AM START=36
11-09 10:43:55.775 15076 15076 D MyScheduler: AM END=48
11-09 10:43:55.775 15076 15076 D MyScheduler: PM START=52
11-09 10:43:55.775 15076 15076 D MyScheduler: PM END=65
11-09 10:43:55.775 15076 15076 D MyScheduler: AM START=36
11-09 10:43:55.775 15076 15076 D MyScheduler: AM END=48
11-09 10:43:55.775 15076 15076 D MyScheduler: PM START=52
11-09 10:43:55.775 15076 15076 D MyScheduler: PM END=65
11-09 10:43:55.775 15076 15076 D MyScheduler: AM START=36
11-09 10:43:55.775 15076 15076 D MyScheduler: AM END=48
11-09 10:43:55.775 15076 15076 D MyScheduler: PM START=52
11-09 10:43:55.783 15076 15076 D MyScheduler: PM END=65
11-09 10:43:55.783 15076 15076 D MyScheduler: AM START=36
11-09 10:43:55.783 15076 15076 D MyScheduler: AM END=48
11-09 10:43:55.783 15076 15076 D MyScheduler: PM START=52
11-09 10:43:55.783 15076 15076 D MyScheduler: PM END=65
11-09 10:43:55.783 15076 15076 D MyScheduler: AM START=36
11-09 10:43:55.783 15076 15076 D MyScheduler: AM END=48
11-09 10:43:55.783 15076 15076 D MyScheduler: PM START=52
11-09 10:43:55.783 15076 15076 D MyScheduler: PM END=65
11-09 10:43:55.783 15076 15076 D MyScheduler: AM START=36
11-09 10:43:55.783 15076 15076 D MyScheduler: AM END=48
11-09 10:43:55.783 15076 15076 D MyScheduler: PM START=52
11-09 10:43:55.783 15076 15076 D MyScheduler: PM END=65
11-09 10:43:55.783 15076 15076 D MyScheduler: AM START=36
11-09 10:43:55.783 15076 15076 D MyScheduler: AM END=48
11-09 10:43:55.783 15076 15076 D MyScheduler: PM START=52
11-09 10:43:55.783 15076 15076 D MyScheduler: PM END=65
11-09 10:43:55.783 15076 15076 D MyScheduler: AM START=36
11-09 10:43:55.783 15076 15076 D MyScheduler: AM END=48
11-09 10:43:55.783 15076 15076 D MyScheduler: PM START=52
11-09 10:43:55.783 15076 15076 D MyScheduler: PM END=65
11-09 10:43:55.783 15076 15076 D MyScheduler: AM START=36
11-09 10:43:55.791 15076 15076 D MyScheduler: AM END=48
11-09 10:43:55.791 15076 15076 D MyScheduler: PM START=52
11-09 10:43:55.791 15076 15076 D MyScheduler: PM END=65
11-09 10:43:55.791 15076 15076 D MyScheduler: AM START=36
11-09 10:43:55.791 15076 15076 D MyScheduler: AM END=48
11-09 10:43:55.791 15076 15076 D MyScheduler: PM START=52
11-09 10:43:55.791 15076 15076 D MyScheduler: PM END=65
11-09 10:43:55.791 15076 15076 D MyScheduler: AM START=36
11-09 10:43:55.791 15076 15076 D MyScheduler: AM END=48
11-09 10:43:55.791 15076 15076 D MyScheduler: PM START=52
11-09 10:43:55.791 15076 15076 D MyScheduler: PM END=65
11-09 10:43:55.791 15076 15076 D MyScheduler: AM START=36
11-09 10:43:55.791 15076 15076 D MyScheduler: AM END=48
11-09 10:43:55.791 15076 15076 D MyScheduler: PM START=52
11-09 10:43:55.791 15076 15076 D MyScheduler: PM END=65
11-09 10:43:55.799 15076 15076 D MyScheduler: AM START=36
11-09 10:43:55.799 15076 15076 D MyScheduler: AM END=48
11-09 10:43:55.799 15076 15076 D MyScheduler: PM START=52
11-09 10:43:55.799 15076 15076 D MyScheduler: PM END=65
11-09 10:43:55.799 15076 15076 D MyScheduler: AM START=36
11-09 10:43:55.799 15076 15076 D MyScheduler: AM END=48
11-09 10:43:55.799 15076 15076 D MyScheduler: PM START=52
11-09 10:43:55.799 15076 15076 D MyScheduler: PM END=65
11-09 10:43:55.799 15076 15076 D MyScheduler: AM START=36
11-09 10:43:55.799 15076 15076 D MyScheduler: AM END=48
11-09 10:43:55.799 15076 15076 D MyScheduler: PM START=52
11-09 10:43:55.799 15076 15076 D MyScheduler: PM END=65
11-09 10:43:55.799 15076 15076 D MyScheduler: AM START=36
11-09 10:43:55.799 15076 15076 D MyScheduler: AM END=48
11-09 10:43:55.799 15076 15076 D MyScheduler: PM START=52
11-09 10:43:55.799 15076 15076 D MyScheduler: PM END=65
11-09 10:43:55.799 15076 15076 D MyScheduler: AM START=36
11-09 10:43:55.799 15076 15076 D MyScheduler: AM END=48
11-09 10:43:55.806 15076 15076 D MyScheduler: PM START=52
11-09 10:43:55.806 15076 15076 D MyScheduler: PM END=65
11-09 10:43:55.806 15076 15076 D MyScheduler: AM START=36
11-09 10:43:55.806 15076 15076 D MyScheduler: AM END=48
11-09 10:43:55.806 15076 15076 D MyScheduler: PM START=52
11-09 10:43:55.806 15076 15076 D MyScheduler: PM END=65
11-09 10:43:55.806 15076 15076 D MyScheduler: AM START=36
11-09 10:43:55.806 15076 15076 D MyScheduler: AM END=48
11-09 10:43:55.806 15076 15076 D MyScheduler: PM START=52
11-09 10:43:55.806 15076 15076 D MyScheduler: PM END=65
11-09 10:43:55.806 15076 15076 D MyScheduler: AM START=36
11-09 10:43:55.806 15076 15076 D MyScheduler: AM END=48
11-09 10:43:55.806 15076 15076 D MyScheduler: PM START=52
11-09 10:43:55.806 15076 15076 D MyScheduler: PM END=65
11-09 10:43:55.806 15076 15076 D MyScheduler: AM START=36
11-09 10:43:55.814 15076 15076 D MyScheduler: AM END=48
11-09 10:43:55.814 15076 15076 D MyScheduler: PM START=52
11-09 10:43:55.814 15076 15076 D MyScheduler: PM END=65
11-09 10:43:55.814 15076 15076 D MyScheduler: AM START=36
11-09 10:43:55.814 15076 15076 D MyScheduler: AM END=48
11-09 10:43:55.814 15076 15076 D MyScheduler: PM START=52
11-09 10:43:55.814 15076 15076 D MyScheduler: PM END=65
11-09 10:43:55.814 15076 15076 D MyScheduler: AM START=36
11-09 10:43:55.814 15076 15076 D MyScheduler: AM END=48
11-09 10:43:55.814 15076 15076 D MyScheduler: PM START=52
11-09 10:43:55.814 15076 15076 D MyScheduler: PM END=65
11-09 10:43:55.814 15076 15076 D MyScheduler: AM START=36
11-09 10:43:55.814 15076 15076 D MyScheduler: AM END=48
11-09 10:43:55.814 15076 15076 D MyScheduler: PM START=52
11-09 10:43:55.814 15076 15076 D MyScheduler: PM END=65
11-09 10:43:55.814 15076 15076 D MyScheduler: AM START=36
11-09 10:43:55.814 15076 15076 D MyScheduler: AM END=48
11-09 10:43:55.814 15076 15076 D MyScheduler: PM START=52
11-09 10:43:55.814 15076 15076 D MyScheduler: PM END=65
11-09 10:43:55.814 15076 15076 D MyScheduler: AM START=36
11-09 10:43:55.822 15076 15076 D MyScheduler: AM END=48
11-09 10:43:55.822 15076 15076 D MyScheduler: PM START=52
11-09 10:43:55.822 15076 15076 D MyScheduler: PM END=65
11-09 10:43:55.822 15076 15076 D MyScheduler: AM START=36
11-09 10:43:55.822 15076 15076 D MyScheduler: AM END=48
11-09 10:43:55.822 15076 15076 D MyScheduler: PM START=52
11-09 10:43:55.822 15076 15076 D MyScheduler: PM END=65
11-09 10:43:55.822 15076 15076 D MyScheduler: AM START=36
11-09 10:43:55.822 15076 15076 D MyScheduler: AM END=48
11-09 10:43:55.822 15076 15076 D MyScheduler: PM START=52
11-09 10:43:55.822 15076 15076 D MyScheduler: PM END=65
11-09 10:43:55.822 15076 15076 D MyScheduler: AM START=36
11-09 10:43:55.822 15076 15076 D MyScheduler: AM END=48
11-09 10:43:55.822 15076 15076 D MyScheduler: PM START=52
11-09 10:43:55.822 15076 15076 D MyScheduler: PM END=65
11-09 10:43:55.822 15076 15076 D MyScheduler: AM START=36
11-09 10:43:55.822 15076 15076 D MyScheduler: AM END=48
11-09 10:43:55.822 15076 15076 D MyScheduler: PM START=52
11-09 10:43:55.822 15076 15076 D MyScheduler: PM END=65
11-09 10:43:55.822 15076 15076 D MyScheduler: AM START=36
11-09 10:43:55.830 15076 15076 D MyScheduler: AM END=48
11-09 10:43:55.830 15076 15076 D MyScheduler: PM START=52
11-09 10:43:55.830 15076 15076 D MyScheduler: PM END=65
11-09 10:43:55.830 15076 15076 D MyScheduler: AM START=36
11-09 10:43:55.830 15076 15076 D MyScheduler: AM END=48
11-09 10:43:55.830 15076 15076 D MyScheduler: PM START=52
11-09 10:43:55.830 15076 15076 D MyScheduler: PM END=65
11-09 10:43:55.838 15076 15076 D Alpha   : showScheduleDate weekday=3
11-09 10:43:55.846 15076 15076 D MyScheduler: onResume...
11-09 10:43:55.846 15076 15076 D MyScheduler: epochDay=15286
11-09 10:43:55.846 15076 15076 D MyScheduler: freeslots=[Ljava.lang.String;@40551f18
11-09 10:43:55.861 15076 15076 D MyScheduler: AM START=36
11-09 10:43:55.861 15076 15076 D MyScheduler: AM END=48
11-09 10:43:55.861 15076 15076 D MyScheduler: PM START=52
11-09 10:43:55.861 15076 15076 D MyScheduler: PM END=65
11-09 10:43:55.861 15076 15076 D MyScheduler: AM START=36
11-09 10:43:55.861 15076 15076 D MyScheduler: AM END=48
11-09 10:43:55.861 15076 15076 D MyScheduler: PM START=52
11-09 10:43:55.861 15076 15076 D MyScheduler: PM END=65
11-09 10:43:55.861 15076 15076 D MyScheduler: AM START=36
11-09 10:43:55.861 15076 15076 D MyScheduler: AM END=48
11-09 10:43:55.861 15076 15076 D MyScheduler: PM START=52
11-09 10:43:55.861 15076 15076 D MyScheduler: PM END=65
11-09 10:43:55.861 15076 15076 D MyScheduler: AM START=36
11-09 10:43:55.861 15076 15076 D MyScheduler: AM END=48
11-09 10:43:55.861 15076 15076 D MyScheduler: PM START=52
11-09 10:43:55.861 15076 15076 D MyScheduler: PM END=65
11-09 10:43:55.861 15076 15076 D MyScheduler: AM START=36
11-09 10:43:55.861 15076 15076 D MyScheduler: AM END=48
11-09 10:43:55.861 15076 15076 D MyScheduler: PM START=52
11-09 10:43:55.861 15076 15076 D MyScheduler: PM END=65
11-09 10:43:55.861 15076 15076 D MyScheduler: AM START=36
11-09 10:43:55.861 15076 15076 D MyScheduler: AM END=48
11-09 10:43:55.861 15076 15076 D MyScheduler: PM START=52
11-09 10:43:55.861 15076 15076 D MyScheduler: PM END=65
11-09 10:43:55.861 15076 15076 D MyScheduler: AM START=36
11-09 10:43:55.861 15076 15076 D MyScheduler: AM END=48
11-09 10:43:55.861 15076 15076 D MyScheduler: PM START=52
11-09 10:43:55.861 15076 15076 D MyScheduler: PM END=65
11-09 10:43:55.869 15076 15076 D MyScheduler: AM START=36
11-09 10:43:55.869 15076 15076 D MyScheduler: AM END=48
11-09 10:43:55.869 15076 15076 D MyScheduler: PM START=52
11-09 10:43:55.869 15076 15076 D MyScheduler: PM END=65
11-09 10:43:55.869 15076 15076 D MyScheduler: AM START=36
11-09 10:43:55.869 15076 15076 D MyScheduler: AM END=48
11-09 10:43:55.869 15076 15076 D MyScheduler: PM START=52
11-09 10:43:55.869 15076 15076 D MyScheduler: PM END=65
11-09 10:43:55.869 15076 15076 D MyScheduler: AM START=36
11-09 10:43:55.869 15076 15076 D MyScheduler: AM END=48
11-09 10:43:55.869 15076 15076 D MyScheduler: PM START=52
11-09 10:43:55.869 15076 15076 D MyScheduler: PM END=65
11-09 10:43:55.869 15076 15076 D MyScheduler: AM START=36
11-09 10:43:55.869 15076 15076 D MyScheduler: AM END=48
11-09 10:43:55.869 15076 15076 D MyScheduler: PM START=52
11-09 10:43:55.869 15076 15076 D MyScheduler: PM END=65
11-09 10:43:55.869 15076 15076 D MyScheduler: AM START=36
11-09 10:43:55.869 15076 15076 D MyScheduler: AM END=48
11-09 10:43:55.877 15076 15076 D MyScheduler: PM START=52
11-09 10:43:55.877 15076 15076 D MyScheduler: PM END=65
11-09 10:43:55.877 15076 15076 D MyScheduler: AM START=36
11-09 10:43:55.877 15076 15076 D MyScheduler: AM END=48
11-09 10:43:55.877 15076 15076 D MyScheduler: PM START=52
11-09 10:43:55.877 15076 15076 D MyScheduler: PM END=65
11-09 10:43:55.877 15076 15076 D MyScheduler: AM START=36
11-09 10:43:55.877 15076 15076 D MyScheduler: AM END=48
11-09 10:43:55.877 15076 15076 D MyScheduler: PM START=52
11-09 10:43:55.877 15076 15076 D MyScheduler: PM END=65
11-09 10:43:55.877 15076 15076 D MyScheduler: AM START=36
11-09 10:43:55.877 15076 15076 D MyScheduler: AM END=48
11-09 10:43:55.877 15076 15076 D MyScheduler: PM START=52
11-09 10:43:55.877 15076 15076 D MyScheduler: PM END=65
11-09 10:43:55.877 15076 15076 D MyScheduler: AM START=36
11-09 10:43:55.877 15076 15076 D MyScheduler: AM END=48
11-09 10:43:55.885 15076 15076 D MyScheduler: PM START=52
11-09 10:43:55.885 15076 15076 D MyScheduler: PM END=65
11-09 10:43:55.885 15076 15076 D MyScheduler: AM START=36
11-09 10:43:55.885 15076 15076 D MyScheduler: AM END=48
11-09 10:43:55.885 15076 15076 D MyScheduler: PM START=52
11-09 10:43:55.885 15076 15076 D MyScheduler: PM END=65
11-09 10:43:55.885 15076 15076 D MyScheduler: AM START=36
11-09 10:43:55.885 15076 15076 D MyScheduler: AM END=48
11-09 10:43:55.885 15076 15076 D MyScheduler: PM START=52
11-09 10:43:55.885 15076 15076 D MyScheduler: PM END=65
11-09 10:43:55.885 15076 15076 D MyScheduler: AM START=36
11-09 10:43:55.885 15076 15076 D MyScheduler: AM END=48
11-09 10:43:55.885 15076 15076 D MyScheduler: PM START=52
11-09 10:43:55.885 15076 15076 D MyScheduler: PM END=65
11-09 10:43:55.885 15076 15076 D MyScheduler: AM START=36
11-09 10:43:55.885 15076 15076 D MyScheduler: AM END=48
11-09 10:43:55.885 15076 15076 D MyScheduler: PM START=52
11-09 10:43:55.892 15076 15076 D MyScheduler: PM END=65
11-09 10:43:55.892 15076 15076 D MyScheduler: AM START=36
11-09 10:43:55.892 15076 15076 D MyScheduler: AM END=48
11-09 10:43:55.892 15076 15076 D MyScheduler: PM START=52
11-09 10:43:55.892 15076 15076 D MyScheduler: PM END=65
11-09 10:43:55.892 15076 15076 D MyScheduler: AM START=36
11-09 10:43:55.892 15076 15076 D MyScheduler: AM END=48
11-09 10:43:55.892 15076 15076 D MyScheduler: PM START=52
11-09 10:43:55.892 15076 15076 D MyScheduler: PM END=65
11-09 10:43:55.892 15076 15076 D MyScheduler: AM START=36
11-09 10:43:55.892 15076 15076 D MyScheduler: AM END=48
11-09 10:43:55.892 15076 15076 D MyScheduler: PM START=52
11-09 10:43:55.892 15076 15076 D MyScheduler: PM END=65
11-09 10:43:55.892 15076 15076 D MyScheduler: AM START=36
11-09 10:43:55.892 15076 15076 D MyScheduler: AM END=48
11-09 10:43:55.892 15076 15076 D MyScheduler: PM START=52
11-09 10:43:55.892 15076 15076 D MyScheduler: PM END=65
11-09 10:43:55.892 15076 15076 D MyScheduler: AM START=36
11-09 10:43:55.892 15076 15076 D MyScheduler: AM END=48
11-09 10:43:55.892 15076 15076 D MyScheduler: PM START=52
11-09 10:43:55.900 15076 15076 D MyScheduler: PM END=65
11-09 10:43:55.900 15076 15076 D MyScheduler: AM START=36
11-09 10:43:55.900 15076 15076 D MyScheduler: AM END=48
11-09 10:43:55.900 15076 15076 D MyScheduler: PM START=52
11-09 10:43:55.900 15076 15076 D MyScheduler: PM END=65
11-09 10:43:55.900 15076 15076 D MyScheduler: AM START=36
11-09 10:43:55.900 15076 15076 D MyScheduler: AM END=48
11-09 10:43:55.900 15076 15076 D MyScheduler: PM START=52
11-09 10:43:55.900 15076 15076 D MyScheduler: PM END=65
11-09 10:43:55.900 15076 15076 D MyScheduler: AM START=36
11-09 10:43:55.900 15076 15076 D MyScheduler: AM END=48
11-09 10:43:55.900 15076 15076 D MyScheduler: PM START=52
11-09 10:43:55.900 15076 15076 D MyScheduler: PM END=65
11-09 10:43:55.900 15076 15076 D MyScheduler: AM START=36
11-09 10:43:55.900 15076 15076 D MyScheduler: AM END=48
11-09 10:43:55.900 15076 15076 D MyScheduler: PM START=52
11-09 10:43:55.900 15076 15076 D MyScheduler: PM END=65
11-09 10:43:55.900 15076 15076 D MyScheduler: AM START=36
11-09 10:43:55.900 15076 15076 D MyScheduler: AM END=48
11-09 10:43:55.908 15076 15076 D MyScheduler: PM START=52
11-09 10:43:55.908 15076 15076 D MyScheduler: PM END=65
11-09 10:43:55.908 15076 15076 D MyScheduler: AM START=36
11-09 10:43:55.908 15076 15076 D MyScheduler: AM END=48
11-09 10:43:55.908 15076 15076 D MyScheduler: PM START=52
11-09 10:43:55.908 15076 15076 D MyScheduler: PM END=65
11-09 10:43:55.908 15076 15076 D MyScheduler: AM START=36
11-09 10:43:55.908 15076 15076 D MyScheduler: AM END=48
11-09 10:43:55.908 15076 15076 D MyScheduler: PM START=52
11-09 10:43:55.908 15076 15076 D MyScheduler: PM END=65
11-09 10:43:55.908 15076 15076 D MyScheduler: AM START=36
11-09 10:43:55.908 15076 15076 D MyScheduler: AM END=48
11-09 10:43:55.908 15076 15076 D MyScheduler: PM START=52
11-09 10:43:55.908 15076 15076 D MyScheduler: PM END=65
11-09 10:43:55.908 15076 15076 D MyScheduler: AM START=36
11-09 10:43:55.908 15076 15076 D MyScheduler: AM END=48
11-09 10:43:55.908 15076 15076 D MyScheduler: PM START=52
11-09 10:43:55.908 15076 15076 D MyScheduler: PM END=65
11-09 10:43:55.908 15076 15076 D MyScheduler: AM START=36
11-09 10:43:55.908 15076 15076 D MyScheduler: AM END=48
11-09 10:43:55.916 15076 15076 D MyScheduler: PM START=52
11-09 10:43:55.916 15076 15076 D MyScheduler: PM END=65
11-09 10:43:55.916 15076 15076 D MyScheduler: AM START=36
11-09 10:43:55.916 15076 15076 D MyScheduler: AM END=48
11-09 10:43:55.916 15076 15076 D MyScheduler: PM START=52
11-09 10:43:55.916 15076 15076 D MyScheduler: PM END=65
11-09 10:43:55.916 15076 15076 D MyScheduler: AM START=36
11-09 10:43:55.916 15076 15076 D MyScheduler: AM END=48
11-09 10:43:55.916 15076 15076 D MyScheduler: PM START=52
11-09 10:43:55.916 15076 15076 D MyScheduler: PM END=65
11-09 10:43:55.916 15076 15076 D MyScheduler: AM START=36
11-09 10:43:55.916 15076 15076 D MyScheduler: AM END=48
11-09 10:43:55.916 15076 15076 D MyScheduler: PM START=52
11-09 10:43:55.916 15076 15076 D MyScheduler: PM END=65
11-09 10:43:55.916 15076 15076 D MyScheduler: AM START=36
11-09 10:43:55.916 15076 15076 D MyScheduler: AM END=48
11-09 10:43:55.916 15076 15076 D MyScheduler: PM START=52
11-09 10:43:55.916 15076 15076 D MyScheduler: PM END=65
11-09 10:43:55.924 15076 15076 D MyScheduler: AM START=36
11-09 10:43:55.924 15076 15076 D MyScheduler: AM END=48
11-09 10:43:55.924 15076 15076 D MyScheduler: PM START=52
11-09 10:43:55.924 15076 15076 D MyScheduler: PM END=65
11-09 10:43:55.924 15076 15076 D MyScheduler: AM START=36
11-09 10:43:55.924 15076 15076 D MyScheduler: AM END=48
11-09 10:43:55.924 15076 15076 D MyScheduler: PM START=52
11-09 10:43:55.924 15076 15076 D MyScheduler: PM END=65
11-09 10:43:55.924 15076 15076 D MyScheduler: AM START=36
11-09 10:43:55.924 15076 15076 D MyScheduler: AM END=48
11-09 10:43:55.924 15076 15076 D MyScheduler: PM START=52
11-09 10:43:55.924 15076 15076 D MyScheduler: PM END=65
11-09 10:43:55.924 15076 15076 D MyScheduler: AM START=36
11-09 10:43:55.924 15076 15076 D MyScheduler: AM END=48
11-09 10:43:55.924 15076 15076 D MyScheduler: PM START=52
11-09 10:43:55.924 15076 15076 D MyScheduler: PM END=65
11-09 10:43:55.924 15076 15076 D MyScheduler: AM START=36
11-09 10:43:55.924 15076 15076 D MyScheduler: AM END=48
11-09 10:43:55.924 15076 15076 D MyScheduler: PM START=52
11-09 10:43:55.924 15076 15076 D MyScheduler: PM END=65
11-09 10:43:55.924 15076 15076 D MyScheduler: AM START=36
11-09 10:43:55.924 15076 15076 D MyScheduler: AM END=48
11-09 10:43:55.924 15076 15076 D MyScheduler: PM START=52
11-09 10:43:55.924 15076 15076 D MyScheduler: PM END=65
11-09 10:43:55.924 15076 15076 D MyScheduler: AM START=36
11-09 10:43:55.924 15076 15076 D MyScheduler: AM END=48
11-09 10:43:55.924 15076 15076 D MyScheduler: PM START=52
11-09 10:43:55.924 15076 15076 D MyScheduler: PM END=65
11-09 10:43:55.924 15076 15076 D MyScheduler: AM START=36
11-09 10:43:55.924 15076 15076 D MyScheduler: AM END=48
11-09 10:43:55.931 15076 15076 D MyScheduler: PM START=52
11-09 10:43:55.931 15076 15076 D MyScheduler: PM END=65
11-09 10:43:55.931 15076 15076 D MyScheduler: AM START=36
11-09 10:43:55.931 15076 15076 D MyScheduler: AM END=48
11-09 10:43:55.931 15076 15076 D MyScheduler: PM START=52
11-09 10:43:55.931 15076 15076 D MyScheduler: PM END=65
11-09 10:43:55.931 15076 15076 D MyScheduler: AM START=36
11-09 10:43:55.931 15076 15076 D MyScheduler: AM END=48
11-09 10:43:55.931 15076 15076 D MyScheduler: PM START=52
11-09 10:43:55.931 15076 15076 D MyScheduler: PM END=65
11-09 10:43:55.931 15076 15076 D MyScheduler: AM START=36
11-09 10:43:55.931 15076 15076 D MyScheduler: AM END=48
11-09 10:43:55.931 15076 15076 D MyScheduler: PM START=52
11-09 10:43:55.931 15076 15076 D MyScheduler: PM END=65
11-09 10:43:55.931 15076 15076 D MyScheduler: AM START=36
11-09 10:43:55.939 15076 15076 D MyScheduler: AM END=48
11-09 10:43:55.939 15076 15076 D MyScheduler: PM START=52
11-09 10:43:55.939 15076 15076 D MyScheduler: PM END=65
11-09 10:43:55.939 15076 15076 D MyScheduler: AM START=36
11-09 10:43:55.939 15076 15076 D MyScheduler: AM END=48
11-09 10:43:55.939 15076 15076 D MyScheduler: PM START=52
11-09 10:43:55.939 15076 15076 D MyScheduler: PM END=65
11-09 10:43:55.939 15076 15076 D MyScheduler: AM START=36
11-09 10:43:55.939 15076 15076 D MyScheduler: AM END=48
11-09 10:43:55.939 15076 15076 D MyScheduler: PM START=52
11-09 10:43:55.939 15076 15076 D MyScheduler: PM END=65
11-09 10:43:55.939 15076 15076 D MyScheduler: AM START=36
11-09 10:43:55.939 15076 15076 D MyScheduler: AM END=48
11-09 10:43:55.939 15076 15076 D MyScheduler: PM START=52
11-09 10:43:55.939 15076 15076 D MyScheduler: PM END=65
11-09 10:43:55.939 15076 15076 D MyScheduler: AM START=36
11-09 10:43:55.939 15076 15076 D MyScheduler: AM END=48
11-09 10:43:55.939 15076 15076 D MyScheduler: PM START=52
11-09 10:43:55.939 15076 15076 D MyScheduler: PM END=65
11-09 10:43:55.939 15076 15076 D MyScheduler: AM START=36
11-09 10:43:55.939 15076 15076 D MyScheduler: AM END=48
11-09 10:43:55.939 15076 15076 D MyScheduler: PM START=52
11-09 10:43:55.947 15076 15076 D MyScheduler: PM END=65
11-09 10:43:55.947 15076 15076 D MyScheduler: AM START=36
11-09 10:43:55.947 15076 15076 D MyScheduler: AM END=48
11-09 10:43:55.947 15076 15076 D MyScheduler: PM START=52
11-09 10:43:55.947 15076 15076 D MyScheduler: PM END=65
11-09 10:43:55.947 15076 15076 D MyScheduler: AM START=36
11-09 10:43:55.947 15076 15076 D MyScheduler: AM END=48
11-09 10:43:55.947 15076 15076 D MyScheduler: PM START=52
11-09 10:43:55.947 15076 15076 D MyScheduler: PM END=65
11-09 10:43:55.947 15076 15076 D MyScheduler: AM START=36
11-09 10:43:55.947 15076 15076 D MyScheduler: AM END=48
11-09 10:43:55.947 15076 15076 D MyScheduler: PM START=52
11-09 10:43:55.947 15076 15076 D MyScheduler: PM END=65
11-09 10:43:55.947 15076 15076 D MyScheduler: AM START=36
11-09 10:43:55.947 15076 15076 D MyScheduler: AM END=48
11-09 10:43:55.947 15076 15076 D MyScheduler: PM START=52
11-09 10:43:55.947 15076 15076 D MyScheduler: PM END=65
11-09 10:43:55.947 15076 15076 D MyScheduler: DATA SET CHANGED
11-09 10:43:55.947 15076 15076 D MyScheduler: mTimeSlotList size = 60
11-09 10:43:56.064  1415  1415 D MotoIMEEntry: onFinishInput is called
11-09 10:43:56.064  1415  1415 I =====suggestion=====: switch to qwerty mode, enable?true
11-09 10:43:56.236  1325  1356 I ActivityManager: Displayed com.AngelSpeech.rest/.AngelSpeechTabs: +787ms
11-09 10:43:56.299  1415  1415 D dalvikvm: GC_FOR_MALLOC freed 8313K, 80% free 4326K/20679K, external 3309K/4132K, paused 34ms
11-09 10:43:56.338  1415  1415 D dalvikvm: GC_FOR_MALLOC freed <1K, 75% free 5288K/20679K, external 3309K/4132K, paused 30ms
11-09 10:43:56.377  1415  1415 D dalvikvm: GC_FOR_MALLOC freed <1K, 70% free 6249K/20679K, external 3309K/4132K, paused 34ms
11-09 10:43:56.416  1415  1415 D dalvikvm: GC_FOR_MALLOC freed 961K, 68% free 6730K/20679K, external 3309K/4132K, paused 30ms
11-09 10:43:56.478  1415  1430 D dalvikvm: GC_CONCURRENT freed 2403K, 70% free 6253K/20679K, external 3309K/4132K, paused 2ms+3ms
11-09 10:43:56.510  1415  1415 D dalvikvm: GC_FOR_MALLOC freed <1K, 66% free 7214K/20679K, external 3309K/4132K, paused 30ms
11-09 10:43:56.549  1415  1415 D dalvikvm: GC_FOR_MALLOC freed 961K, 63% free 7695K/20679K, external 3309K/4132K, paused 31ms
11-09 10:43:56.588  1415  1415 D dalvikvm: GC_FOR_MALLOC freed 2403K, 70% free 6256K/20679K, external 3309K/4132K, paused 34ms
11-09 10:43:56.627  1415  1415 D dalvikvm: GC_FOR_MALLOC freed <1K, 65% free 7412K/20679K, external 3309K/4132K, paused 30ms
11-09 10:43:56.666  1415  1415 D dalvikvm: GC_FOR_MALLOC freed <1K, 59% free 8568K/20679K, external 3309K/4132K, paused 32ms
11-09 10:43:56.697  1415  1415 D dalvikvm: GC_FOR_MALLOC freed 1156K, 56% free 9146K/20679K, external 3309K/4132K, paused 33ms
11-09 10:43:56.736  1415  1415 D dalvikvm: GC_FOR_MALLOC freed 2890K, 65% free 7416K/20679K, external 3309K/4132K, paused 31ms
11-09 10:43:56.775  1415  1415 D dalvikvm: GC_FOR_MALLOC freed <1K, 59% free 8572K/20679K, external 3309K/4132K, paused 31ms
11-09 10:43:56.814  1415  1415 D dalvikvm: GC_FOR_MALLOC freed <1K, 53% free 9728K/20679K, external 3309K/4132K, paused 33ms
11-09 10:43:56.853  1415  1415 D dalvikvm: GC_FOR_MALLOC freed 1155K, 51% free 10306K/20679K, external 3309K/4132K, paused 31ms
11-09 10:43:56.892  1415  1415 D dalvikvm: GC_FOR_MALLOC freed 2889K, 59% free 8575K/20679K, external 3309K/4132K, paused 34ms
11-09 10:43:56.932  1415  1415 D dalvikvm: GC_FOR_MALLOC freed <1K, 53% free 9728K/20679K, external 3309K/4132K, paused 31ms
11-09 10:43:56.978  1415  1415 D dalvikvm: GC_FOR_MALLOC freed <1K, 48% free 10882K/20679K, external 3309K/4132K, paused 40ms
11-09 10:43:57.017  1415  1415 D dalvikvm: GC_FOR_MALLOC freed 1153K, 45% free 11458K/20679K, external 3309K/4132K, paused 31ms
11-09 10:43:57.025  1415  1415 I =====suggestion=====: switch to qwerty mode, enable?true
11-09 10:43:57.025  1415  1415 I =====suggestion=====: switch to qwerty mode, enable?true
11-09 10:43:58.119  1397  1397 D RadioSignalLevel: cdma dbmLevel: 3, ecioLevel: 4
11-09 10:44:02.252  1415  1415 D MotoIMEEntry::onConfigurationChanged: newconfig = { scale=1.0 imsi=310/4 loc=en_US touch=3 keys=1/1/2 nav=1/1 orien=1 layout=34 uiMode=17 seq=78}
11-09 10:44:02.252  1420  1420 D PhoneApp: updateProximitySensorMode: state = IDLE
11-09 10:44:02.252  1420  1420 D PhoneApp: updateProximitySensorMode: lock already released.
11-09 10:44:02.267  1415  1415 I =====suggestion=====: switch to qwerty mode, enable?true
11-09 10:44:02.377 15076 15076 D AngelSpeechTabs: onCreate...
11-09 10:44:02.517  1415  1415 D dalvikvm: GC_FOR_MALLOC freed 8331K, 80% free 4322K/20679K, external 3309K/4132K, paused 30ms
11-09 10:44:02.564  1415  1415 D dalvikvm: GC_FOR_MALLOC freed <1K, 75% free 5286K/20679K, external 3309K/4132K, paused 40ms
11-09 10:44:02.603  1415  1415 D dalvikvm: GC_FOR_MALLOC freed <1K, 70% free 6251K/20679K, external 3309K/4132K, paused 34ms
11-09 10:44:02.642  1415  1415 D dalvikvm: GC_FOR_MALLOC freed 964K, 68% free 6733K/20679K, external 3309K/4132K, paused 32ms
11-09 10:44:02.705  1415  1430 D dalvikvm: GC_CONCURRENT freed 2410K, 70% free 6254K/20679K, external 3309K/4132K, paused 2ms+4ms
11-09 10:44:02.736  1415  1415 D dalvikvm: GC_FOR_MALLOC freed <1K, 66% free 7218K/20679K, external 3309K/4132K, paused 32ms
11-09 10:44:02.775  1415  1415 D dalvikvm: GC_FOR_MALLOC freed 964K, 63% free 7701K/20679K, external 3309K/4132K, paused 37ms
11-09 10:44:02.814  1415  1415 D dalvikvm: GC_FOR_MALLOC freed 2411K, 70% free 6257K/20679K, external 3309K/4132K, paused 32ms
11-09 10:44:02.861  1415  1415 D dalvikvm: GC_FOR_MALLOC freed <1K, 65% free 7416K/20679K, external 3309K/4132K, paused 33ms
11-09 10:44:02.892  1415  1415 D dalvikvm: GC_FOR_MALLOC freed <1K, 59% free 8575K/20679K, external 3309K/4132K, paused 33ms
11-09 10:44:02.939  1415  1415 D dalvikvm: GC_FOR_MALLOC freed 1159K, 56% free 9155K/20679K, external 3309K/4132K, paused 34ms
11-09 10:44:02.978  1415  1415 D dalvikvm: GC_FOR_MALLOC freed 2897K, 65% free 7419K/20679K, external 3309K/4132K, paused 35ms
11-09 10:44:03.033 15076 15076 D ContactsActivity: onCreate...
11-09 10:44:03.111  1415  1415 D dalvikvm: GC_FOR_MALLOC freed <1K, 59% free 8578K/20679K, external 3309K/4132K, paused 121ms
11-09 10:44:03.135 15076 15076 D MyScheduler: onCreate...
11-09 10:44:03.182 15076 15076 D MyScheduler: freeslots=[Ljava.lang.String;@406934c0
11-09 10:44:03.197 15076 15076 D MyScheduler: AM START=36
11-09 10:44:03.197 15076 15076 D MyScheduler: AM END=48
11-09 10:44:03.197  1415  1415 D dalvikvm: GC_FOR_MALLOC freed <1K, 53% free 9737K/20679K, external 3309K/4132K, paused 85ms
11-09 10:44:03.197 15076 15076 D MyScheduler: PM START=52
11-09 10:44:03.197 15076 15076 D MyScheduler: PM END=65
11-09 10:44:03.197 15076 15076 D MyScheduler: AM START=36
11-09 10:44:03.197 15076 15076 D MyScheduler: AM END=48
11-09 10:44:03.197 15076 15076 D MyScheduler: PM START=52
11-09 10:44:03.197 15076 15076 D MyScheduler: PM END=65
11-09 10:44:03.197 15076 15076 D MyScheduler: AM START=36
11-09 10:44:03.197 15076 15076 D MyScheduler: AM END=48
11-09 10:44:03.197 15076 15076 D MyScheduler: PM START=52
11-09 10:44:03.197 15076 15076 D MyScheduler: PM END=65
11-09 10:44:03.205 15076 15076 D MyScheduler: AM START=36
11-09 10:44:03.205 15076 15076 D MyScheduler: AM END=48
11-09 10:44:03.205 15076 15076 D MyScheduler: PM START=52
11-09 10:44:03.205 15076 15076 D MyScheduler: PM END=65
11-09 10:44:03.205 15076 15076 D MyScheduler: AM START=36
11-09 10:44:03.205 15076 15076 D MyScheduler: AM END=48
11-09 10:44:03.205 15076 15076 D MyScheduler: PM START=52
11-09 10:44:03.205 15076 15076 D MyScheduler: PM END=65
11-09 10:44:03.213 15076 15076 D MyScheduler: AM START=36
11-09 10:44:03.213 15076 15076 D MyScheduler: AM END=48
11-09 10:44:03.213 15076 15076 D MyScheduler: PM START=52
11-09 10:44:03.213 15076 15076 D MyScheduler: PM END=65
11-09 10:44:03.213 15076 15076 D MyScheduler: AM START=36
11-09 10:44:03.213 15076 15076 D MyScheduler: AM END=48
11-09 10:44:03.213 15076 15076 D MyScheduler: PM START=52
11-09 10:44:03.213 15076 15076 D MyScheduler: PM END=65
11-09 10:44:03.213 15076 15076 D MyScheduler: AM START=36
11-09 10:44:03.213 15076 15076 D MyScheduler: AM END=48
11-09 10:44:03.213 15076 15076 D MyScheduler: PM START=52
11-09 10:44:03.213 15076 15076 D MyScheduler: PM END=65
11-09 10:44:03.213 15076 15076 D MyScheduler: AM START=36
11-09 10:44:03.213 15076 15076 D MyScheduler: AM END=48
11-09 10:44:03.213 15076 15076 D MyScheduler: PM START=52
11-09 10:44:03.213 15076 15076 D MyScheduler: PM END=65
11-09 10:44:03.213 15076 15076 D MyScheduler: AM START=36
11-09 10:44:03.213 15076 15076 D MyScheduler: AM END=48
11-09 10:44:03.213 15076 15076 D MyScheduler: PM START=52
11-09 10:44:03.213 15076 15076 D MyScheduler: PM END=65
11-09 10:44:03.213 15076 15076 D MyScheduler: AM START=36
11-09 10:44:03.213 15076 15076 D MyScheduler: AM END=48
11-09 10:44:03.213 15076 15076 D MyScheduler: PM START=52
11-09 10:44:03.221 15076 15076 D MyScheduler: PM END=65
11-09 10:44:03.221 15076 15076 D MyScheduler: AM START=36
11-09 10:44:03.221 15076 15076 D MyScheduler: AM END=48
11-09 10:44:03.221 15076 15076 D MyScheduler: PM START=52
11-09 10:44:03.221 15076 15076 D MyScheduler: PM END=65
11-09 10:44:03.221 15076 15076 D MyScheduler: AM START=36
11-09 10:44:03.221 15076 15076 D MyScheduler: AM END=48
11-09 10:44:03.221 15076 15076 D MyScheduler: PM START=52
11-09 10:44:03.228 15076 15076 D MyScheduler: PM END=65
11-09 10:44:03.228 15076 15076 D MyScheduler: AM START=36
