--------- beginning of /dev/log/main
11-09 10:39:42.689  1624  1624 I QQQSP   :    returnedPolicy = 0
11-09 10:39:42.697  1424  1424 D PollingManager: wake lock released
11-09 10:39:42.704  1421  1421 I BlurEmailProvider: EASEmailSvc: no accounts configured, stopping the service.
11-09 10:39:42.712  1624  2276 I WeatherService: ***updateStale
11-09 10:39:42.720  1624  2276 W WeatherService: ERROR: current location forecast not present
11-09 10:39:43.704  1547  1549 D dalvikvm: GC_CONCURRENT freed 1185K, 46% free 4554K/8391K, external 2357K/2773K, paused 8ms+4ms
11-09 10:39:46.126  1397  1397 D RadioSignalLevel: cdma dbmLevel: 3, ecioLevel: 4
11-09 10:39:48.220  1325  4305 D ConnectivityService: reportNetworkCondition(1, 100)
11-09 10:39:48.220  1325  1363 D ConnectivityService: Inet connectivity change, net=1, condition=100,mActiveDefaultNetwork=1
11-09 10:39:48.220  1325  1363 D ConnectivityService: starting a change hold
11-09 10:39:48.728  1325  1363 D ConnectivityService: Inet hold end, net=1, condition =100, published condition =0
11-09 10:39:48.736  1397  1397 D RadioSignalLevel: cdma dbmLevel: 3, ecioLevel: 4
11-09 10:39:50.907  1325  1357 D MotorolaSettingsProvider: property: sys.mot_settings_secure_version=193
11-09 10:39:50.907  1325  1357 D MotorolaSettingsProvider: insert notifying for content://com.motorola.android.providers.settings/settings/lock_pin_current_failed_attempts
11-09 10:39:50.931  1500  1500 D UsbService: onReceive(), received intent:android.intent.action.USER_PRESENT
11-09 10:39:51.001  1415  1415 I =====suggestion=====: switch to qwerty mode, enable?true
11-09 10:39:51.259  1415  1415 D dalvikvm: GC_FOR_MALLOC freed 8008K, 78% free 4321K/19527K, external 3984K/4132K, paused 70ms
11-09 10:39:51.290  1415  1415 D dalvikvm: GC_FOR_MALLOC freed <1K, 74% free 5238K/19527K, external 3984K/4132K, paused 28ms
11-09 10:39:51.329  1415  1415 D dalvikvm: GC_FOR_MALLOC freed <1K, 69% free 6156K/19527K, external 3984K/4132K, paused 30ms
11-09 10:39:51.361  1415  1415 D dalvikvm: GC_FOR_MALLOC freed 917K, 67% free 6615K/19527K, external 3984K/4132K, paused 31ms
11-09 10:39:51.407  1415  1415 D dalvikvm: GC_FOR_MALLOC freed 2294K, 69% free 6160K/19527K, external 3984K/4132K, paused 29ms
11-09 10:39:51.431  1397  1397 D RadioSignalLevel: cdma dbmLevel: 3, ecioLevel: 4
11-09 10:39:51.501  1325  1475 D AlarmManagerService: Kernel timezone updated to -480 minutes west of GMT
11-09 10:39:51.525  1415  1415 D dalvikvm: GC_FOR_MALLOC freed <1K, 64% free 7078K/19527K, external 3984K/4132K, paused 109ms
11-09 10:39:50.111 14937 14937 E dalvikvm: could not disable core file generation for pid 14937: Operation not permitted
11-09 10:39:50.221  1225  1225 D dalvikvm: GC_EXPLICIT freed 11K, 45% free 3011K/5379K, external 2357K/2773K, paused 189ms
11-09 10:39:50.260  1415  1415 D dalvikvm: GC_FOR_MALLOC freed 918K, 62% free 7537K/19527K, external 3984K/4132K, paused 141ms
11-09 10:39:50.314  1225  1225 D dalvikvm: GC_EXPLICIT freed <1K, 45% free 3011K/5379K, external 2357K/2773K, paused 96ms
11-09 10:39:50.400  1225  1225 D dalvikvm: GC_EXPLICIT freed <1K, 45% free 3011K/5379K, external 2357K/2773K, paused 76ms
11-09 10:39:50.400  1415  1430 D dalvikvm: GC_CONCURRENT freed 2295K, 63% free 7276K/19527K, external 3984K/4132K, paused 3ms+5ms
11-09 10:39:50.447  1415  1415 D dalvikvm: GC_FOR_MALLOC freed <1K, 58% free 8388K/19527K, external 3984K/4132K, paused 40ms
11-09 10:39:50.502  1415  1415 D dalvikvm: GC_FOR_MALLOC freed 1112K, 55% free 8945K/19527K, external 3984K/4132K, paused 50ms
11-09 10:39:50.557  1415  1415 D dalvikvm: GC_FOR_MALLOC freed 2781K, 63% free 7279K/19527K, external 3984K/4132K, paused 46ms
11-09 10:39:50.596  1913  1913 D AlertReceiver: onReceive: a=android.intent.action.TIME_SET Intent { act=android.intent.action.TIME_SET flg=0x20000000 cmp=com.android.calendar/.AlertReceiver }
11-09 10:39:50.635  1415  1415 D dalvikvm: GC_FOR_MALLOC freed <1K, 58% free 8392K/19527K, external 3984K/4132K, paused 68ms
11-09 10:39:50.682  1415  1415 D dalvikvm: GC_FOR_MALLOC freed <1K, 52% free 9504K/19527K, external 3984K/4132K, paused 40ms
11-09 10:39:50.721  1415  1415 D dalvikvm: GC_FOR_MALLOC freed 1112K, 49% free 10060K/19527K, external 3984K/4132K, paused 35ms
11-09 10:39:50.760  1415  1415 D dalvikvm: GC_FOR_MALLOC freed 2781K, 58% free 8395K/19527K, external 3984K/4132K, paused 34ms
11-09 10:39:50.799  1415  1415 D dalvikvm: GC_FOR_MALLOC freed <1K, 52% free 9505K/19527K, external 3984K/4132K, paused 34ms
11-09 10:39:50.838  1415  1415 D dalvikvm: GC_FOR_MALLOC freed <1K, 46% free 10615K/19527K, external 3984K/4132K, paused 30ms
11-09 10:39:50.861  1913 14947 D AlertService: 0 Action = android.intent.action.TIME_SET
11-09 10:39:50.869  1415  1415 D dalvikvm: GC_FOR_MALLOC freed 1109K, 43% free 11170K/19527K, external 3984K/4132K, paused 32ms
11-09 10:39:50.885  1447  1447 I FotaAutoUpdate: autoUpdateFeatureOn:falseautoUpdateAirtimeFree:falseautoUpdateInterval:1209600autoUpdateImplicitDeferInterval:86400autoUpdateAfterMDNChangeInterval:120
11-09 10:39:50.892  1447  1447 I FotaAutoUpdate: onStart Called:android.intent.action.TIME_SET
11-09 10:39:50.916  1415  1415 I =====suggestion=====: switch to qwerty mode, enable?true
11-09 10:39:50.916  1415  1415 I =====suggestion=====: switch to qwerty mode, enable?true
11-09 10:39:50.916  1447  1447 V FotaAutoUpdate: mServiceHandler is not null
11-09 10:39:50.939  1415  1415 I =====suggestion=====: switch to qwerty mode, enable?true
11-09 10:39:50.939  1415  1415 I =====suggestion=====: switch to qwerty mode, enable?true
11-09 10:39:50.971  1415  1415 I =====suggestion=====: switch to qwerty mode, enable?true
11-09 10:39:50.971  1415  1415 I =====suggestion=====: switch to qwerty mode, enable?true
11-09 10:39:50.978  1415  1415 I =====suggestion=====: switch to qwerty mode, enable?true
11-09 10:39:50.978  1415  1415 I =====suggestion=====: switch to qwerty mode, enable?true
11-09 10:39:50.978  1415  1415 I =====suggestion=====: switch to qwerty mode, enable?true
11-09 10:39:50.978 14949 14949 E dalvikvm: could not disable core file generation for pid 14949: Operation not permitted
11-09 10:39:51.182 14949 14949 W dalvikvm: Refusing to reopen boot DEX '/system/framework/com.motorola.android.widget.jar'
11-09 10:39:51.213  1913 14947 D Calendar: missed alarms found: 0
11-09 10:39:51.221  1447 14948 I FotaAutoUpdate: handleMessage(android.intent.action.TIME_SET)
11-09 10:39:51.244  1913 14947 D AlertService: No fired or scheduled alerts
11-09 10:39:51.299 14949 14949 I ActivityThread: Pub com.motorola.blur.alarmclock: com.motorola.blur.alarmclock.AlarmProvider
11-09 10:39:51.361  1424  1741 I NormalAsyncConnection: Connected local addr: 192.168.0.108/192.168.0.108:56242 to remote addr: jabber-cloud106-blur.svcmot.com/144.189.118.86:5222
11-09 10:39:51.377  1415  1415 D dalvikvm: GC_EXTERNAL_ALLOC freed 2795K, 52% free 9502K/19527K, external 3984K/4132K, paused 263ms
11-09 10:39:51.478 14949 14957 V AlarmClock: Enter onHandleIntent,Received action= android.intent.action.TIME_SET
11-09 10:39:51.525  1420  1420 D SystemClock: Setting time of day to sec=1320806390
11-09 10:39:51.525  1424  1741 I TLSStateManager: org.apache.harmony.nio.internal.SocketChannelImpl@40a08198: Wrote out 212 bytes of data with 0 bytes remaining.
11-09 10:39:51.807 14959 14959 E dalvikvm: could not disable core file generation for pid 14959: Operation not permitted
11-09 10:39:51.948  1424  1741 I TLSStateManager: org.apache.harmony.nio.internal.SocketChannelImpl@40a08198: Read 208 bytes into buffer
11-09 10:39:51.971  1325  1475 D MotorolaSettingsProvider: property: sys.mot_settings_secure_version=194
11-09 10:39:51.971  1325  1475 D MotorolaSettingsProvider: insert notifying for content://com.motorola.android.providers.settings/settings/next_alarm_utc
11-09 10:39:52.072 14959 14959 I ActivityThread: Pub com.motorola.vvm.provider: com.motorola.vvm.provider.VvmProvider
11-09 10:39:52.260  1424  1741 I TLSStateManager: org.apache.harmony.nio.internal.SocketChannelImpl@40a08198: Read 254 bytes into buffer
11-09 10:39:52.275  1424  1741 I TLSStateManager: org.apache.harmony.nio.internal.SocketChannelImpl@40a08198: Wrote out 78 bytes of data with 0 bytes remaining.
11-09 10:39:52.416 14959 14959 V VVMReceiver: onReceive
11-09 10:39:52.416 14959 14959 V VVMReceiver: Recieved ACTION_TIME_CHANGED broadcast
11-09 10:39:52.471  1397  1397 D RadioSignalLevel: cdma dbmLevel: 2, ecioLevel: 4
11-09 10:39:52.502 14967 14967 E dalvikvm: could not disable core file generation for pid 14967: Operation not permitted
11-09 10:39:52.517 14967 14971 D dalvikvm: Debugger has detached; object registry had 1 entries
11-09 10:39:52.564  1424  1741 I TLSStateManager: org.apache.harmony.nio.internal.SocketChannelImpl@40a08198: Read 1448 bytes into buffer
11-09 10:39:52.564  1424  1741 I TLSStateManager: org.apache.harmony.nio.internal.SocketChannelImpl@40a08198: Read 2896 bytes into buffer
11-09 10:39:52.611 14967 14967 I BaseRuleCheckerReceiver: Passing broadcast action com.android.providers.calendar.APPWIDGET_UPDATE to subclass handler
11-09 10:39:52.650  1913  1913 D CalAppWidgetService: Caller className :com.android.providers.calendar.CalendarWidgetProvider
11-09 10:39:52.697 14967 14967 I RuCkSv/GroupsRuleChecke: Processing rule check ACTION com.motorola.blur.suggestions.intent.action.ACTION_RULE_CHECK_GROUPS
11-09 10:39:52.728  1913 14975 W CalAppWidgetService: Cursor is not null, primaryCount is: 1
11-09 10:39:52.869  1415  1415 D =====suggestion=====:  getWordsFromMainDict 
11-09 10:39:52.869  1415  1415 D =====suggestion=====:  The type is the LATINIME_ENG_QWERTY 
11-09 10:39:52.877  1415  1415 D =====LatinMainDecoderService=====: In LatinMainDecoderService  getWords . The codesSize : 1
11-09 10:39:52.877  1415  1415 D =====LatinMainDecoderService=====: Begin decode info for  LATINIME_ENG_QWERTY
11-09 10:39:52.877  1415  1415 D BinaryDictionary: ------------getSuggestions(..., 1)=48
11-09 10:39:52.885  1415  1415 D =====LatinMainDecoderService=====: <<<<get Suggestions word count :48, time = 11mm
11-09 10:39:53.236  1415  1415 D =====suggestion=====:  getWordsFromMainDict 
11-09 10:39:53.236  1415  1415 D =====suggestion=====:  The type is the LATINIME_ENG_QWERTY 
11-09 10:39:53.236  1415  1415 D =====LatinMainDecoderService=====: In LatinMainDecoderService  getWords . The codesSize : 2
11-09 10:39:53.236  1415  1415 D =====LatinMainDecoderService=====: Begin decode info for  LATINIME_ENG_QWERTY
11-09 10:39:53.236  1415  1415 D =====LatinMainDecoderService=====: Begin decode info for  LATINIME_ENG_QWERTY
11-09 10:39:53.244  1415  1415 D BinaryDictionary: ------------getSuggestions(..., 2)=48
11-09 10:39:53.252  1415  1415 D =====LatinMainDecoderService=====: <<<<get Suggestions word count :48, time = 9mm
11-09 10:39:53.252  1325  1327 D dalvikvm: GC_CONCURRENT freed 1959K, 34% free 9099K/13639K, external 7332K/9152K, paused 13ms+11ms
11-09 10:39:53.322 14967 14976 I RuCkHd/GroupsRuleChecke: Checking Rule...
11-09 10:39:53.603 14977 14977 E dalvikvm: could not disable core file generation for pid 14977: Operation not permitted
11-09 10:39:53.627 14977 14981 D dalvikvm: Debugger has detached; object registry had 1 entries
11-09 10:39:53.666 14977 14977 I ActivityThread: Pub com.motorola.blur.suggestions: com.motorola.blur.provider.suggestions.SuggestionsProvider
11-09 10:39:54.096  1424  1741 I TLSStateManager: org.apache.harmony.nio.internal.SocketChannelImpl@40a08198: Read 429 bytes into buffer
11-09 10:39:54.267  1424  1453 D dalvikvm: GC_CONCURRENT freed 1976K, 43% free 7193K/12487K, external 2677K/3103K, paused 8ms+6ms
11-09 10:39:54.314  1424  1741 I TLSStateManager: org.apache.harmony.nio.internal.SocketChannelImpl@40a08198: Wrote out 310 bytes of data with 0 bytes remaining.
11-09 10:39:54.978  1415  1415 D dalvikvm: GC_FOR_MALLOC freed 5982K, 69% free 6182K/19527K, external 3984K/4975K, paused 40ms
11-09 10:39:55.010  1415  1415 D dalvikvm: GC_FOR_MALLOC freed 922K, 66% free 6641K/19527K, external 3984K/4975K, paused 34ms
11-09 10:39:55.057  1424  1741 I TLSStateManager: org.apache.harmony.nio.internal.SocketChannelImpl@40a08198: Read 6 bytes into buffer
11-09 10:39:55.064  1415  1415 D dalvikvm: GC_FOR_MALLOC freed 2301K, 69% free 6186K/19527K, external 3984K/4975K, paused 35ms
11-09 10:39:55.096  1415  1415 D dalvikvm: GC_FOR_MALLOC freed <1K, 64% free 7107K/19527K, external 3984K/4975K, paused 31ms
11-09 10:39:55.135  1415  1415 D dalvikvm: GC_FOR_MALLOC freed 920K, 62% free 7568K/19527K, external 3984K/4975K, paused 33ms
11-09 10:39:55.189  1415  1430 D dalvikvm: GC_CONCURRENT freed 2302K, 63% free 7308K/19527K, external 3984K/4975K, paused 2ms+3ms
11-09 10:39:55.228  1415  1415 D dalvikvm: GC_FOR_MALLOC freed <1K, 57% free 8423K/19527K, external 3984K/4975K, paused 30ms
11-09 10:39:55.267  1415  1415 D dalvikvm: GC_FOR_MALLOC freed 1115K, 55% free 8981K/19527K, external 3984K/4975K, paused 35ms
11-09 10:39:55.307  1415  1415 D dalvikvm: GC_FOR_MALLOC freed 2788K, 63% free 7314K/19527K, external 3984K/4975K, paused 33ms
11-09 10:39:55.338  1424  1741 I TLSStateManager: org.apache.harmony.nio.internal.SocketChannelImpl@40a08198: Read 37 bytes into buffer
11-09 10:39:55.346  1424  1741 I TLSStateManager: org.apache.harmony.nio.internal.SocketChannelImpl@40a08198: Wrote out 182 bytes of data with 0 bytes remaining.
11-09 10:39:55.361  1415  1415 D dalvikvm: GC_FOR_MALLOC freed <1K, 57% free 8429K/19527K, external 3984K/4975K, paused 46ms
11-09 10:39:55.408  1415  1415 D dalvikvm: GC_FOR_MALLOC freed <1K, 52% free 9544K/19527K, external 3984K/4975K, paused 41ms
11-09 10:39:55.455  1415  1415 D dalvikvm: GC_FOR_MALLOC freed 1115K, 49% free 10102K/19527K, external 3984K/4975K, paused 36ms
11-09 10:39:55.486  1415  1415 D dalvikvm: GC_FOR_MALLOC freed 2788K, 57% free 8435K/19527K, external 3984K/4975K, paused 31ms
11-09 10:39:55.533  1415  1415 D dalvikvm: GC_FOR_MALLOC freed <1K, 52% free 9548K/19527K, external 3984K/4975K, paused 38ms
11-09 10:39:55.572  1415  1415 D dalvikvm: GC_FOR_MALLOC freed <1K, 46% free 10660K/19527K, external 3984K/4975K, paused 35ms
11-09 10:39:55.611  1415  1415 D dalvikvm: GC_FOR_MALLOC freed 1112K, 43% free 11217K/19527K, external 3984K/4975K, paused 31ms
11-09 10:39:55.635  1424  1741 I TLSStateManager: org.apache.harmony.nio.internal.SocketChannelImpl@40a08198: Read 372 bytes into buffer
11-09 10:39:55.650  1424  1741 I TLSStateManager: org.apache.harmony.nio.internal.SocketChannelImpl@40a08198: Wrote out 299 bytes of data with 0 bytes remaining.
11-09 10:39:55.736  1913  1919 D dalvikvm: GC_EXPLICIT freed 280K, 47% free 3559K/6663K, external 2953K/3537K, paused 34ms
11-09 10:39:56.174  1450 14049 D dalvikvm: GC_EXPLICIT freed 219K, 49% free 3485K/6727K, external 2357K/2773K, paused 35ms
11-09 10:39:56.283  1424  1741 I TLSStateManager: org.apache.harmony.nio.internal.SocketChannelImpl@40a08198: Read 119 bytes into buffer
11-09 10:39:56.291  1424 14834 I XMPPConnection: Finished connecting user 4503600220426241 to service: jabber-cloud106-blur.svcmot.com on host: jabber-cloud106-blur.svcmot.com and port: 5222
11-09 10:39:56.291  1424 14834 D PollingManager: registerApp(): PushService
11-09 10:39:56.330 14967 14976 D dalvikvm: GC_EXPLICIT freed 565K, 48% free 3086K/5831K, external 2357K/2773K, paused 32ms
11-09 10:39:56.557  1424  1741 I TLSStateManager: org.apache.harmony.nio.internal.SocketChannelImpl@40a08198: Read 156 bytes into buffer
11-09 10:39:57.392 14977 14984 D dalvikvm: GC_EXPLICIT freed 636K, 48% free 3138K/5959K, external 2357K/2773K, paused 32ms
11-09 10:39:57.510  1325  1497 D dalvikvm: GC_EXPLICIT freed 659K, 35% free 8962K/13639K, external 4275K/5877K, paused 98ms
11-09 10:39:57.517  1397  1397 D RadioSignalLevel: cdma dbmLevel: 2, ecioLevel: 4
11-09 10:39:58.447  1450  4014 D dalvikvm: GC_EXPLICIT freed 160K, 48% free 3532K/6727K, external 2357K/2773K, paused 87ms
11-09 10:39:58.478  1415  1415 D =====suggestion=====:  getWordsFromMainDict 
11-09 10:39:58.478  1415  1415 D =====suggestion=====:  The type is the LATINIME_ENG_QWERTY 
11-09 10:39:58.478  1415  1415 D =====LatinMainDecoderService=====: In LatinMainDecoderService  getWords . The codesSize : 1
11-09 10:39:58.478  1415  1415 D =====LatinMainDecoderService=====: Begin decode info for  LATINIME_ENG_QWERTY
11-09 10:39:58.478  1415  1415 D BinaryDictionary: ------------getSuggestions(..., 1)=48
11-09 10:39:58.478  1415  1415 D =====LatinMainDecoderService=====: <<<<get Suggestions word count :48, time = 4mm
11-09 10:39:58.682 14967 14976 D dalvikvm: GC_EXPLICIT freed 542K, 47% free 3092K/5831K, external 2357K/2773K, paused 30ms
11-09 10:39:59.471  1415  1415 D =====suggestion=====:  getWordsFromMainDict 
11-09 10:39:59.471  1415  1415 D =====suggestion=====:  The type is the LATINIME_ENG_QWERTY 
11-09 10:39:59.471  1415  1415 D =====LatinMainDecoderService=====: In LatinMainDecoderService  getWords . The codesSize : 2
11-09 10:39:59.471  1415  1415 D =====LatinMainDecoderService=====: Begin decode info for  LATINIME_ENG_QWERTY
11-09 10:39:59.471  1415  1415 D =====LatinMainDecoderService=====: Begin decode info for  LATINIME_ENG_QWERTY
11-09 10:39:59.471  1415  1415 D BinaryDictionary: ------------getSuggestions(..., 2)=2
11-09 10:39:59.471  1415  1415 D =====LatinMainDecoderService=====: <<<<get Suggestions word count :2, time = 1mm
11-09 10:40:00.025  1397  1397 D RadioSignalLevel: cdma dbmLevel: 2, ecioLevel: 4
11-09 10:40:00.307 14967 14976 I RuCkHd/GroupsRuleChecke: Writing results to Suggestions ContentProvider
11-09 10:40:00.486  1415  1415 D =====suggestion=====:  getWordsFromMainDict 
11-09 10:40:00.486  1415  1415 D =====suggestion=====:  The type is the LATINIME_ENG_QWERTY 
11-09 10:40:00.486  1415  1415 D =====LatinMainDecoderService=====: In LatinMainDecoderService  getWords . The codesSize : 1
11-09 10:40:00.486  1415  1415 D =====LatinMainDecoderService=====: Begin decode info for  LATINIME_ENG_QWERTY
11-09 10:40:00.494  1415  1415 D BinaryDictionary: ------------getSuggestions(..., 1)=48
11-09 10:40:00.494  1415  1415 D =====LatinMainDecoderService=====: <<<<get Suggestions word count :48, time = 5mm
11-09 10:40:00.589 14967 14976 I RuCkHd/GroupsRuleChecke: Stopping service
11-09 10:40:01.072  1415  1415 D =====suggestion=====:  getWordsFromMainDict 
11-09 10:40:01.080  1415  1415 D =====suggestion=====:  The type is the LATINIME_ENG_QWERTY 
11-09 10:40:01.080  1415  1415 D =====LatinMainDecoderService=====: In LatinMainDecoderService  getWords . The codesSize : 2
11-09 10:40:01.080  1415  1415 D =====LatinMainDecoderService=====: Begin decode info for  LATINIME_ENG_QWERTY
11-09 10:40:01.080  1415  1415 D =====LatinMainDecoderService=====: Begin decode info for  LATINIME_ENG_QWERTY
11-09 10:40:01.088  1415  1415 D BinaryDictionary: ------------getSuggestions(..., 2)=48
11-09 10:40:01.096  1415  1415 D =====LatinMainDecoderService=====: <<<<get Suggestions word count :48, time = 14mm
11-09 10:40:01.307 12918 14913 E Gmail   : IOException: org.apache.http.conn.ConnectTimeoutException: Connect to /74.125.79.102:443 timed out
11-09 10:40:01.307  1325  1348 D SyncManager: failed sync operation authority: gmail-ls account: Account {name=ptmn68@motorola.com, type=com.google} extras: [feed=https://mail.google.com/a/motorola.com/g/?client=1315290345230 ] syncSource: 0 when: 410352909 expedited: false, SyncResult: stats [ numIoExceptions: 1]
11-09 10:40:01.447  1415  1415 D =====suggestion=====:  getWordsFromMainDict 
11-09 10:40:01.447  1415  1415 D =====suggestion=====:  The type is the LATINIME_ENG_QWERTY 
11-09 10:40:01.447  1415  1415 D =====LatinMainDecoderService=====: In LatinMainDecoderService  getWords . The codesSize : 3
11-09 10:40:01.447  1415  1415 D =====LatinMainDecoderService=====: Begin decode info for  LATINIME_ENG_QWERTY
11-09 10:40:01.447  1415  1415 D =====LatinMainDecoderService=====: Begin decode info for  LATINIME_ENG_QWERTY
11-09 10:40:01.447  1415  1415 D =====LatinMainDecoderService=====: Begin decode info for  LATINIME_ENG_QWERTY
11-09 10:40:01.447  1415  1415 D BinaryDictionary: ------------getSuggestions(..., 3)=25
11-09 10:40:01.447  1415  1415 D =====LatinMainDecoderService=====: <<<<get Suggestions word count :25, time = 0mm
11-09 10:40:01.822  1325  1495 D ConnectivityService: in getAllNetworkInfo: mNetworksDefined=8, result count=6
11-09 10:40:01.869  1415  1415 D =====suggestion=====:  getWordsFromMainDict 
11-09 10:40:01.869  1415  1415 D =====suggestion=====:  The type is the LATINIME_ENG_QWERTY 
11-09 10:40:01.869  1415  1415 D =====LatinMainDecoderService=====: In LatinMainDecoderService  getWords . The codesSize : 4
11-09 10:40:01.869  1415  1415 D =====LatinMainDecoderService=====: Begin decode info for  LATINIME_ENG_QWERTY
11-09 10:40:01.869  1415  1415 D =====LatinMainDecoderService=====: Begin decode info for  LATINIME_ENG_QWERTY
11-09 10:40:01.869  1415  1415 D =====LatinMainDecoderService=====: Begin decode info for  LATINIME_ENG_QWERTY
11-09 10:40:01.869  1415  1415 D =====LatinMainDecoderService=====: Begin decode info for  LATINIME_ENG_QWERTY
11-09 10:40:01.869  1415  1415 D BinaryDictionary: ------------getSuggestions(..., 4)=5
11-09 10:40:01.869  1415  1415 D =====LatinMainDecoderService=====: <<<<get Suggestions word count :5, time = 1mm
11-09 10:40:01.947  1325  1332 D ConnectivityService: in getAllNetworkInfo: mNetworksDefined=8, result count=6
11-09 10:40:03.346  1415  1415 D =====suggestion=====:  getWordsFromMainDict 
11-09 10:40:03.346  1415  1415 D =====suggestion=====:  The type is the LATINIME_ENG_QWERTY 
11-09 10:40:03.346  1415  1415 D =====LatinMainDecoderService=====: In LatinMainDecoderService  getWords . The codesSize : 5
11-09 10:40:03.346  1415  1415 D =====LatinMainDecoderService=====: Begin decode info for  LATINIME_ENG_QWERTY
11-09 10:40:03.346  1415  1415 D =====LatinMainDecoderService=====: Begin decode info for  LATINIME_ENG_QWERTY
11-09 10:40:03.346  1415  1415 D =====LatinMainDecoderService=====: Begin decode info for  LATINIME_ENG_QWERTY
11-09 10:40:03.346  1415  1415 D =====LatinMainDecoderService=====: Begin decode info for  LATINIME_ENG_QWERTY
11-09 10:40:03.346  1415  1415 D =====LatinMainDecoderService=====: Begin decode info for  LATINIME_ENG_QWERTY
11-09 10:40:03.346  1415  1415 D BinaryDictionary: ------------getSuggestions(..., 5)=2
11-09 10:40:03.346  1415  1415 D =====LatinMainDecoderService=====: <<<<get Suggestions word count :2, time = 0mm
11-09 10:40:03.916  1415  1415 D =====suggestion=====:  getWordsFromMainDict 
11-09 10:40:03.916  1415  1415 D =====suggestion=====:  The type is the LATINIME_ENG_QWERTY 
11-09 10:40:03.916  1415  1415 D =====LatinMainDecoderService=====: In LatinMainDecoderService  getWords . The codesSize : 6
11-09 10:40:03.916  1415  1415 D =====LatinMainDecoderService=====: Begin decode info for  LATINIME_ENG_QWERTY
11-09 10:40:03.916  1415  1415 D =====LatinMainDecoderService=====: Begin decode info for  LATINIME_ENG_QWERTY
11-09 10:40:03.916  1415  1415 D =====LatinMainDecoderService=====: Begin decode info for  LATINIME_ENG_QWERTY
11-09 10:40:03.916  1415  1415 D =====LatinMainDecoderService=====: Begin decode info for  LATINIME_ENG_QWERTY
11-09 10:40:03.916  1415  1415 D =====LatinMainDecoderService=====: Begin decode info for  LATINIME_ENG_QWERTY
11-09 10:40:03.916  1415  1415 D =====LatinMainDecoderService=====: Begin decode info for  LATINIME_ENG_QWERTY
11-09 10:40:03.916  1415  1415 D BinaryDictionary: ------------getSuggestions(..., 6)=1
11-09 10:40:03.924  1415  1415 D =====LatinMainDecoderService=====: <<<<get Suggestions word count :1, time = 1mm
11-09 10:40:04.322  1415  1415 D =====suggestion=====:  getWordsFromMainDict 
11-09 10:40:04.322  1415  1415 D =====suggestion=====:  The type is the LATINIME_ENG_QWERTY 
11-09 10:40:04.322  1415  1415 D =====LatinMainDecoderService=====: In LatinMainDecoderService  getWords . The codesSize : 7
11-09 10:40:04.322  1415  1415 D =====LatinMainDecoderService=====: Begin decode info for  LATINIME_ENG_QWERTY
11-09 10:40:04.322  1415  1415 D =====LatinMainDecoderService=====: Begin decode info for  LATINIME_ENG_QWERTY
11-09 10:40:04.322  1415  1415 D =====LatinMainDecoderService=====: Begin decode info for  LATINIME_ENG_QWERTY
11-09 10:40:04.322  1415  1415 D =====LatinMainDecoderService=====: Begin decode info for  LATINIME_ENG_QWERTY
11-09 10:40:04.322  1415  1415 D =====LatinMainDecoderService=====: Begin decode info for  LATINIME_ENG_QWERTY
11-09 10:40:04.322  1415  1415 D =====LatinMainDecoderService=====: Begin decode info for  LATINIME_ENG_QWERTY
11-09 10:40:04.322  1415  1415 D =====LatinMainDecoderService=====: Begin decode info for  LATINIME_ENG_QWERTY
11-09 10:40:04.322  1415  1415 D BinaryDictionary: ------------getSuggestions(..., 7)=0
11-09 10:40:04.330  1415  1415 D =====LatinMainDecoderService=====: <<<<get Suggestions word count :0, time = 0mm
11-09 10:40:04.775  1415  1415 D =====suggestion=====:  getWordsFromMainDict 
11-09 10:40:04.775  1415  1415 D =====suggestion=====:  The type is the LATINIME_ENG_QWERTY 
11-09 10:40:04.775  1415  1415 D =====LatinMainDecoderService=====: In LatinMainDecoderService  getWords . The codesSize : 8
11-09 10:40:04.775  1415  1415 D =====LatinMainDecoderService=====: Begin decode info for  LATINIME_ENG_QWERTY
11-09 10:40:04.775  1415  1415 D =====LatinMainDecoderService=====: Begin decode info for  LATINIME_ENG_QWERTY
11-09 10:40:04.775  1415  1415 D =====LatinMainDecoderService=====: Begin decode info for  LATINIME_ENG_QWERTY
11-09 10:40:04.775  1415  1415 D =====LatinMainDecoderService=====: Begin decode info for  LATINIME_ENG_QWERTY
11-09 10:40:04.775  1415  1415 D =====LatinMainDecoderService=====: Begin decode info for  LATINIME_ENG_QWERTY
11-09 10:40:04.775  1415  1415 D =====LatinMainDecoderService=====: Begin decode info for  LATINIME_ENG_QWERTY
11-09 10:40:04.775  1415  1415 D =====LatinMainDecoderService=====: Begin decode info for  LATINIME_ENG_QWERTY
11-09 10:40:04.775  1415  1415 D =====LatinMainDecoderService=====: Begin decode info for  LATINIME_ENG_QWERTY
11-09 10:40:04.783  1415  1415 D BinaryDictionary: ------------getSuggestions(..., 8)=0
11-09 10:40:04.783  1415  1415 D =====LatinMainDecoderService=====: <<<<get Suggestions word count :0, time = 1mm
11-09 10:40:05.096 14418 14418 D dalvikvm: GC_EXPLICIT freed 322K, 46% free 3013K/5511K, external 2357K/2773K, paused 30ms
11-09 10:40:07.627  1415  1415 D dalvikvm: GC_FOR_MALLOC freed 8780K, 78% free 4337K/19527K, external 4659K/4975K, paused 36ms
11-09 10:40:07.666  1415  1415 D dalvikvm: GC_FOR_MALLOC freed 3K, 69% free 6186K/19527K, external 3984K/4975K, paused 29ms
11-09 10:40:07.697  1397  1397 D RadioSignalLevel: cdma dbmLevel: 2, ecioLevel: 4
11-09 10:40:07.705  1415  1415 D dalvikvm: GC_FOR_MALLOC freed 926K, 66% free 6649K/19527K, external 3984K/4975K, paused 38ms
11-09 10:40:07.752  1415  1415 D dalvikvm: GC_FOR_MALLOC freed 2315K, 69% free 6192K/19527K, external 3984K/4975K, paused 31ms
11-09 10:40:07.791  1415  1415 D dalvikvm: GC_FOR_MALLOC freed <1K, 64% free 7118K/19527K, external 3984K/4975K, paused 34ms
11-09 10:40:07.830  1415  1415 D dalvikvm: GC_FOR_MALLOC freed 926K, 62% free 7581K/19527K, external 3984K/4975K, paused 38ms
11-09 10:40:07.861  1415  1415 D dalvikvm: GC_FOR_MALLOC freed 2315K, 69% free 6198K/19527K, external 3984K/4975K, paused 30ms
11-09 10:40:07.900  1415  1415 D dalvikvm: GC_FOR_MALLOC freed <1K, 63% free 7318K/19527K, external 3984K/4975K, paused 29ms
11-09 10:40:07.939  1415  1415 D dalvikvm: GC_FOR_MALLOC freed <1K, 57% free 8439K/19527K, external 3984K/4975K, paused 30ms
11-09 10:40:07.971  1415  1415 D dalvikvm: GC_FOR_MALLOC freed 1120K, 54% free 9000K/19527K, external 3984K/4975K, paused 30ms
11-09 10:40:08.002  1415  1415 D dalvikvm: GC_FOR_MALLOC freed 2802K, 63% free 7324K/19527K, external 3984K/4975K, paused 29ms
11-09 10:40:08.041  1415  1415 D dalvikvm: GC_FOR_MALLOC freed <1K, 57% free 8445K/19527K, external 3984K/4975K, paused 30ms
11-09 10:40:08.080  1415  1415 D dalvikvm: GC_FOR_MALLOC freed <1K, 52% free 9565K/19527K, external 3984K/4975K, paused 30ms
11-09 10:40:08.111  1415  1415 D dalvikvm: GC_FOR_MALLOC freed 1120K, 49% free 10126K/19527K, external 3984K/4975K, paused 30ms
11-09 10:40:08.142  1415  1415 D dalvikvm: GC_FOR_MALLOC freed 2801K, 57% free 8451K/19527K, external 3984K/4975K, paused 30ms
11-09 10:40:08.189  1415  1415 D dalvikvm: GC_FOR_MALLOC freed <1K, 51% free 9569K/19527K, external 3984K/4975K, paused 30ms
11-09 10:40:08.221  1415  1415 D dalvikvm: GC_FOR_MALLOC freed <1K, 46% free 10686K/19527K, external 3984K/4975K, paused 30ms
11-09 10:40:08.252  1415  1415 D dalvikvm: GC_FOR_MALLOC freed 1117K, 43% free 11245K/19527K, external 3984K/4975K, paused 30ms
11-09 10:40:08.260  1415  1415 I dalvikvm-heap: Grow heap (frag case) to 18.051MB for 1149948-byte allocation
11-09 10:40:08.299  1415  1418 D dalvikvm: GC_FOR_MALLOC freed 0K, 41% free 12368K/20679K, external 3984K/4975K, paused 31ms
11-09 10:40:09.682  1415  1415 I =====suggestion=====: switch to qwerty mode, enable?true
11-09 10:40:09.846  1415  1430 D dalvikvm: GC_CONCURRENT freed 8109K, 71% free 6197K/20679K, external 3984K/4975K, paused 3ms+3ms
11-09 10:40:09.877  1415  1415 D dalvikvm: GC_FOR_MALLOC freed 931K, 68% free 6663K/20679K, external 3984K/4975K, paused 29ms
11-09 10:40:09.924  1415  1415 D dalvikvm: GC_FOR_MALLOC freed 2327K, 71% free 6203K/20679K, external 3984K/4975K, paused 30ms
11-09 10:40:09.955  1415  1415 D dalvikvm: GC_FOR_MALLOC freed <1K, 66% free 7135K/20679K, external 3984K/4975K, paused 30ms
11-09 10:40:09.986  1415  1415 D dalvikvm: GC_FOR_MALLOC freed 931K, 64% free 7600K/20679K, external 3984K/4975K, paused 30ms
11-09 10:40:10.017  1415  1415 D dalvikvm: GC_FOR_MALLOC freed 2328K, 70% free 6210K/20679K, external 3984K/4975K, paused 29ms
11-09 10:40:10.057  1415  1415 D dalvikvm: GC_FOR_MALLOC freed <1K, 65% free 7336K/20679K, external 3984K/4975K, paused 29ms
11-09 10:40:10.096  1415  1415 D dalvikvm: GC_FOR_MALLOC freed <1K, 60% free 8461K/20679K, external 3984K/4975K, paused 30ms
11-09 10:40:10.127  1415  1415 D dalvikvm: GC_FOR_MALLOC freed 1125K, 57% free 9024K/20679K, external 3984K/4975K, paused 30ms
11-09 10:40:10.174  1415  1415 D dalvikvm: GC_FOR_MALLOC freed 2814K, 65% free 7342K/20679K, external 3984K/4975K, paused 36ms
11-09 10:40:10.213  1415  1415 D dalvikvm: GC_FOR_MALLOC freed <1K, 60% free 8467K/20679K, external 3984K/4975K, paused 34ms
11-09 10:40:10.252  1415  1415 D dalvikvm: GC_FOR_MALLOC freed <1K, 54% free 9593K/20679K, external 3984K/4975K, paused 30ms
11-09 10:40:10.260  1397  1397 D RadioSignalLevel: cdma dbmLevel: 2, ecioLevel: 4
11-09 10:40:10.291  1415  1415 D dalvikvm: GC_FOR_MALLOC freed 1125K, 51% free 10156K/20679K, external 3984K/4975K, paused 37ms
11-09 10:40:10.330  1415  1415 D dalvikvm: GC_FOR_MALLOC freed 2814K, 60% free 8473K/20679K, external 3984K/4975K, paused 37ms
11-09 10:40:10.369  1415  1415 D dalvikvm: GC_FOR_MALLOC freed <1K, 54% free 9596K/20679K, external 3984K/4975K, paused 30ms
11-09 10:40:10.416  1415  1415 D dalvikvm: GC_FOR_MALLOC freed <1K, 49% free 10719K/20679K, external 3984K/4975K, paused 38ms
11-09 10:40:10.439  1424  1424 I SyncStatIntentRcvr: Received intent: android.intent.action.SYNC_STATE_CHANGED
11-09 10:40:10.471  1415  1415 D dalvikvm: GC_FOR_MALLOC freed 1123K, 46% free 11281K/20679K, external 3984K/4975K, paused 50ms
11-09 10:40:10.471  1415  1415 I =====suggestion=====: switch to qwerty mode, enable?true
11-09 10:40:12.822  1397  1397 D RadioSignalLevel: cdma dbmLevel: 2, ecioLevel: 4
11-09 10:40:15.385  1397  1397 D RadioSignalLevel: cdma dbmLevel: 2, ecioLevel: 4
11-09 10:40:16.963  1415  1415 D =====suggestion=====:  getWordsFromMainDict 
11-09 10:40:16.963  1415  1415 D =====suggestion=====:  The type is the LATINIME_ENG_QWERTY 
11-09 10:40:16.963  1415  1415 D =====LatinMainDecoderService=====: In LatinMainDecoderService  getWords . The codesSize : 1
11-09 10:40:16.963  1415  1415 D =====LatinMainDecoderService=====: Begin decode info for  LATINIME_ENG_QWERTY
11-09 10:40:16.971  1415  1415 D BinaryDictionary: ------------getSuggestions(..., 1)=48
11-09 10:40:16.971  1415  1415 D =====LatinMainDecoderService=====: <<<<get Suggestions word count :48, time = 8mm
11-09 10:40:17.947  1397  1397 D RadioSignalLevel: cdma dbmLevel: 2, ecioLevel: 4
11-09 10:40:18.861  1415  1415 D =====suggestion=====:  getWordsFromMainDict 
11-09 10:40:18.861  1415  1415 D =====suggestion=====:  The type is the LATINIME_ENG_QWERTY 
11-09 10:40:18.861  1415  1415 D =====LatinMainDecoderService=====: In LatinMainDecoderService  getWords . The codesSize : 2
11-09 10:40:18.861  1415  1415 D =====LatinMainDecoderService=====: Begin decode info for  LATINIME_ENG_QWERTY
11-09 10:40:18.861  1415  1415 D =====LatinMainDecoderService=====: Begin decode info for  LATINIME_ENG_QWERTY
11-09 10:40:18.869  1415  1415 D BinaryDictionary: ------------getSuggestions(..., 2)=48
11-09 10:40:18.869  1415  1415 D =====LatinMainDecoderService=====: <<<<get Suggestions word count :48, time = 10mm
11-09 10:40:19.236  1415  1415 D =====suggestion=====:  getWordsFromMainDict 
11-09 10:40:19.236  1415  1415 D =====suggestion=====:  The type is the LATINIME_ENG_QWERTY 
11-09 10:40:19.236  1415  1415 D =====LatinMainDecoderService=====: In LatinMainDecoderService  getWords . The codesSize : 3
11-09 10:40:19.236  1415  1415 D =====LatinMainDecoderService=====: Begin decode info for  LATINIME_ENG_QWERTY
11-09 10:40:19.236  1415  1415 D =====LatinMainDecoderService=====: Begin decode info for  LATINIME_ENG_QWERTY
11-09 10:40:19.236  1415  1415 D =====LatinMainDecoderService=====: Begin decode info for  LATINIME_ENG_QWERTY
11-09 10:40:19.244  1415  1415 D BinaryDictionary: ------------getSuggestions(..., 3)=39
11-09 10:40:19.244  1415  1415 D =====LatinMainDecoderService=====: <<<<get Suggestions word count :39, time = 3mm
11-09 10:40:19.650  1415  1415 D =====suggestion=====:  getWordsFromMainDict 
11-09 10:40:19.650  1415  1415 D =====suggestion=====:  The type is the LATINIME_ENG_QWERTY 
11-09 10:40:19.650  1415  1415 D =====LatinMainDecoderService=====: In LatinMainDecoderService  getWords . The codesSize : 4
11-09 10:40:19.650  1415  1415 D =====LatinMainDecoderService=====: Begin decode info for  LATINIME_ENG_QWERTY
11-09 10:40:19.650  1415  1415 D =====LatinMainDecoderService=====: Begin decode info for  LATINIME_ENG_QWERTY
11-09 10:40:19.650  1415  1415 D =====LatinMainDecoderService=====: Begin decode info for  LATINIME_ENG_QWERTY
11-09 10:40:19.650  1415  1415 D =====LatinMainDecoderService=====: Begin decode info for  LATINIME_ENG_QWERTY
11-09 10:40:19.650  1415  1415 D BinaryDictionary: ------------getSuggestions(..., 4)=17
11-09 10:40:19.658  1415  1415 D =====LatinMainDecoderService=====: <<<<get Suggestions word count :17, time = 1mm
11-09 10:40:20.260  1415  1415 D =====suggestion=====:  getWordsFromMainDict 
11-09 10:40:20.260  1415  1415 D =====suggestion=====:  The type is the LATINIME_ENG_QWERTY 
11-09 10:40:20.260  1415  1415 D =====LatinMainDecoderService=====: In LatinMainDecoderService  getWords . The codesSize : 5
11-09 10:40:20.260  1415  1415 D =====LatinMainDecoderService=====: Begin decode info for  LATINIME_ENG_QWERTY
11-09 10:40:20.260  1415  1415 D =====LatinMainDecoderService=====: Begin decode info for  LATINIME_ENG_QWERTY
11-09 10:40:20.260  1415  1415 D =====LatinMainDecoderService=====: Begin decode info for  LATINIME_ENG_QWERTY
11-09 10:40:20.260  1415  1415 D =====LatinMainDecoderService=====: Begin decode info for  LATINIME_ENG_QWERTY
11-09 10:40:20.260  1415  1415 D =====LatinMainDecoderService=====: Begin decode info for  LATINIME_ENG_QWERTY
11-09 10:40:20.260  1415  1415 D BinaryDictionary: ------------getSuggestions(..., 5)=8
11-09 10:40:20.267  1415  1415 D =====LatinMainDecoderService=====: <<<<get Suggestions word count :8, time = 2mm
11-09 10:40:20.510  1397  1397 D RadioSignalLevel: cdma dbmLevel: 2, ecioLevel: 4
11-09 10:40:20.838  1415  1415 D =====suggestion=====:  getWordsFromMainDict 
11-09 10:40:20.838  1415  1415 D =====suggestion=====:  The type is the LATINIME_ENG_QWERTY 
11-09 10:40:20.838  1415  1415 D =====LatinMainDecoderService=====: In LatinMainDecoderService  getWords . The codesSize : 6
11-09 10:40:20.838  1415  1415 D =====LatinMainDecoderService=====: Begin decode info for  LATINIME_ENG_QWERTY
11-09 10:40:20.838  1415  1415 D =====LatinMainDecoderService=====: Begin decode info for  LATINIME_ENG_QWERTY
11-09 10:40:20.838  1415  1415 D =====LatinMainDecoderService=====: Begin decode info for  LATINIME_ENG_QWERTY
11-09 10:40:20.838  1415  1415 D =====LatinMainDecoderService=====: Begin decode info for  LATINIME_ENG_QWERTY
11-09 10:40:20.838  1415  1415 D =====LatinMainDecoderService=====: Begin decode info for  LATINIME_ENG_QWERTY
11-09 10:40:20.838  1415  1415 D =====LatinMainDecoderService=====: Begin decode info for  LATINIME_ENG_QWERTY
11-09 10:40:20.838  1415  1415 D BinaryDictionary: ------------getSuggestions(..., 6)=1
11-09 10:40:20.838  1415  1415 D =====LatinMainDecoderService=====: <<<<get Suggestions word count :1, time = 0mm
11-09 10:40:21.385  1415  1415 D =====suggestion=====:  getWordsFromMainDict 
11-09 10:40:21.385  1415  1415 D =====suggestion=====:  The type is the LATINIME_ENG_QWERTY 
11-09 10:40:21.385  1415  1415 D =====LatinMainDecoderService=====: In LatinMainDecoderService  getWords . The codesSize : 7
11-09 10:40:21.385  1415  1415 D =====LatinMainDecoderService=====: Begin decode info for  LATINIME_ENG_QWERTY
11-09 10:40:21.385  1415  1415 D =====LatinMainDecoderService=====: Begin decode info for  LATINIME_ENG_QWERTY
11-09 10:40:21.385  1415  1415 D =====LatinMainDecoderService=====: Begin decode info for  LATINIME_ENG_QWERTY
11-09 10:40:21.385  1415  1415 D =====LatinMainDecoderService=====: Begin decode info for  LATINIME_ENG_QWERTY
11-09 10:40:21.385  1415  1415 D =====LatinMainDecoderService=====: Begin decode info for  LATINIME_ENG_QWERTY
11-09 10:40:21.385  1415  1415 D =====LatinMainDecoderService=====: Begin decode info for  LATINIME_ENG_QWERTY
11-09 10:40:21.385  1415  1415 D =====LatinMainDecoderService=====: Begin decode info for  LATINIME_ENG_QWERTY
11-09 10:40:21.385  1415  1415 D BinaryDictionary: ------------getSuggestions(..., 7)=0
11-09 10:40:21.392  1415  1415 D =====LatinMainDecoderService=====: <<<<get Suggestions word count :0, time = 1mm
11-09 10:40:22.119  1415  1415 D =====suggestion=====:  getWordsFromMainDict 
11-09 10:40:22.119  1415  1415 D =====suggestion=====:  The type is the LATINIME_ENG_QWERTY 
11-09 10:40:22.119  1415  1415 D =====LatinMainDecoderService=====: In LatinMainDecoderService  getWords . The codesSize : 8
11-09 10:40:22.119  1415  1415 D =====LatinMainDecoderService=====: Begin decode info for  LATINIME_ENG_QWERTY
11-09 10:40:22.119  1415  1415 D =====LatinMainDecoderService=====: Begin decode info for  LATINIME_ENG_QWERTY
11-09 10:40:22.119  1415  1415 D =====LatinMainDecoderService=====: Begin decode info for  LATINIME_ENG_QWERTY
11-09 10:40:22.119  1415  1415 D =====LatinMainDecoderService=====: Begin decode info for  LATINIME_ENG_QWERTY
11-09 10:40:22.119  1415  1415 D =====LatinMainDecoderService=====: Begin decode info for  LATINIME_ENG_QWERTY
11-09 10:40:22.119  1415  1415 D =====LatinMainDecoderService=====: Begin decode info for  LATINIME_ENG_QWERTY
11-09 10:40:22.119  1415  1415 D =====LatinMainDecoderService=====: Begin decode info for  LATINIME_ENG_QWERTY
11-09 10:40:22.127  1415  1415 D =====LatinMainDecoderService=====: Begin decode info for  LATINIME_ENG_QWERTY
11-09 10:40:22.127  1415  1415 D BinaryDictionary: ------------getSuggestions(..., 8)=0
11-09 10:40:22.127  1415  1415 D =====LatinMainDecoderService=====: <<<<get Suggestions word count :0, time = 1mm
11-09 10:40:22.369  1415  1415 D =====suggestion=====:  getWordsFromMainDict 
11-09 10:40:22.369  1415  1415 D =====suggestion=====:  The type is the LATINIME_ENG_QWERTY 
11-09 10:40:22.377  1415  1415 D =====LatinMainDecoderService=====: In LatinMainDecoderService  getWords . The codesSize : 9
11-09 10:40:22.377  1415  1415 D =====LatinMainDecoderService=====: Begin decode info for  LATINIME_ENG_QWERTY
11-09 10:40:22.377  1415  1415 D =====LatinMainDecoderService=====: Begin decode info for  LATINIME_ENG_QWERTY
11-09 10:40:22.377  1415  1415 D =====LatinMainDecoderService=====: Begin decode info for  LATINIME_ENG_QWERTY
11-09 10:40:22.377  1415  1415 D =====LatinMainDecoderService=====: Begin decode info for  LATINIME_ENG_QWERTY
11-09 10:40:22.377  1415  1415 D =====LatinMainDecoderService=====: Begin decode info for  LATINIME_ENG_QWERTY
11-09 10:40:22.377  1415  1415 D =====LatinMainDecoderService=====: Begin decode info for  LATINIME_ENG_QWERTY
11-09 10:40:22.377  1415  1415 D =====LatinMainDecoderService=====: Begin decode info for  LATINIME_ENG_QWERTY
11-09 10:40:22.377  1415  1415 D =====LatinMainDecoderService=====: Begin decode info for  LATINIME_ENG_QWERTY
11-09 10:40:22.377  1415  1415 D =====LatinMainDecoderService=====: Begin decode info for  LATINIME_ENG_QWERTY
11-09 10:40:22.377  1415  1415 D BinaryDictionary: ------------getSuggestions(..., 9)=0
11-09 10:40:22.377  1415  1415 D =====LatinMainDecoderService=====: <<<<get Suggestions word count :0, time = 1mm
11-09 10:40:22.424  1547 14988 W GDataClient: Unable to execute HTTP request.org.apache.http.conn.ConnectTimeoutException: Connect to /74.125.79.102:443 timed out
11-09 10:40:22.424  1547 14988 D CalendarSyncAdapter: Unable to get calendar accountsorg.apache.http.conn.ConnectTimeoutException: Connect to /74.125.79.102:443 timed out
11-09 10:40:22.447  1325  1348 D SyncManager: failed sync operation authority: com.android.calendar account: Account {name=ptmn68@motorola.com, type=com.google} extras: [] syncSource: 4 when: 410439649 expedited: false, SyncResult: stats [ numIoExceptions: 1]
11-09 10:40:22.557  1424  1424 I SyncStatIntentRcvr: Received intent: android.intent.action.SYNC_STATE_CHANGED
11-09 10:40:22.564 12918 14990 I Gmail   : MainSyncRequestProto: lowestBkwdConvoId: 0, highestHandledServerOp: 2607218, normalSync: true
11-09 10:40:23.072  1397  1397 D RadioSignalLevel: cdma dbmLevel: 2, ecioLevel: 4
11-09 10:40:23.338  1415  1415 D =====suggestion=====:  getWordsFromMainDict 
11-09 10:40:23.338  1415  1415 D =====suggestion=====:  The type is the LATINIME_ENG_QWERTY 
11-09 10:40:23.338  1415  1415 D =====LatinMainDecoderService=====: In LatinMainDecoderService  getWords . The codesSize : 10
11-09 10:40:23.338  1415  1415 D =====LatinMainDecoderService=====: Begin decode info for  LATINIME_ENG_QWERTY
11-09 10:40:23.338  1415  1415 D =====LatinMainDecoderService=====: Begin decode info for  LATINIME_ENG_QWERTY
11-09 10:40:23.338  1415  1415 D =====LatinMainDecoderService=====: Begin decode info for  LATINIME_ENG_QWERTY
11-09 10:40:23.338  1415  1415 D =====LatinMainDecoderService=====: Begin decode info for  LATINIME_ENG_QWERTY
11-09 10:40:23.338  1415  1415 D =====LatinMainDecoderService=====: Begin decode info for  LATINIME_ENG_QWERTY
11-09 10:40:23.346  1415  1415 D =====LatinMainDecoderService=====: Begin decode info for  LATINIME_ENG_QWERTY
11-09 10:40:23.346  1415  1415 D =====LatinMainDecoderService=====: Begin decode info for  LATINIME_ENG_QWERTY
11-09 10:40:23.346  1415  1415 D =====LatinMainDecoderService=====: Begin decode info for  LATINIME_ENG_QWERTY
11-09 10:40:23.346  1415  1415 D =====LatinMainDecoderService=====: Begin decode info for  LATINIME_ENG_QWERTY
11-09 10:40:23.346  1415  1415 D =====LatinMainDecoderService=====: Begin decode info for  LATINIME_ENG_QWERTY
11-09 10:40:23.346  1415  1415 D BinaryDictionary: ------------getSuggestions(..., 10)=0
11-09 10:40:23.346  1415  1415 D =====LatinMainDecoderService=====: <<<<get Suggestions word count :0, time = 0mm
11-09 10:40:23.799  1415  1415 D =====suggestion=====:  getWordsFromMainDict 
11-09 10:40:23.799  1415  1415 D =====suggestion=====:  The type is the LATINIME_ENG_QWERTY 
11-09 10:40:23.799  1415  1415 D =====LatinMainDecoderService=====: In LatinMainDecoderService  getWords . The codesSize : 11
11-09 10:40:23.799  1415  1415 D =====LatinMainDecoderService=====: Begin decode info for  LATINIME_ENG_QWERTY
11-09 10:40:23.799  1415  1415 D =====LatinMainDecoderService=====: Begin decode info for  LATINIME_ENG_QWERTY
11-09 10:40:23.799  1415  1415 D =====LatinMainDecoderService=====: Begin decode info for  LATINIME_ENG_QWERTY
11-09 10:40:23.799  1415  1415 D =====LatinMainDecoderService=====: Begin decode info for  LATINIME_ENG_QWERTY
11-09 10:40:23.807  1415  1415 D =====LatinMainDecoderService=====: Begin decode info for  LATINIME_ENG_QWERTY
11-09 10:40:23.807  1415  1415 D =====LatinMainDecoderService=====: Begin decode info for  LATINIME_ENG_QWERTY
11-09 10:40:23.807  1415  1415 D =====LatinMainDecoderService=====: Begin decode info for  LATINIME_ENG_QWERTY
11-09 10:40:23.807  1415  1415 D =====LatinMainDecoderService=====: Begin decode info for  LATINIME_ENG_QWERTY
11-09 10:40:23.807  1415  1415 D =====LatinMainDecoderService=====: Begin decode info for  LATINIME_ENG_QWERTY
11-09 10:40:23.807  1415  1415 D =====LatinMainDecoderService=====: Begin decode info for  LATINIME_ENG_QWERTY
11-09 10:40:23.807  1415  1415 D =====LatinMainDecoderService=====: Begin decode info for  LATINIME_ENG_QWERTY
11-09 10:40:23.807  1415  1415 D BinaryDictionary: ------------getSuggestions(..., 11)=0
11-09 10:40:23.807  1415  1415 D =====LatinMainDecoderService=====: <<<<get Suggestions word count :0, time = 1mm
11-09 10:40:24.361  1415  1415 D dalvikvm: GC_FOR_MALLOC freed 8707K, 79% free 4343K/20679K, external 4659K/4975K, paused 43ms
11-09 10:40:24.400  1415  1415 D dalvikvm: GC_FOR_MALLOC freed 2K, 70% free 6213K/20679K, external 3984K/4975K, paused 30ms
11-09 10:40:24.432  1415  1415 D dalvikvm: GC_FOR_MALLOC freed 936K, 68% free 6682K/20679K, external 3984K/4975K, paused 29ms
11-09 10:40:24.478  1415  1415 D dalvikvm: GC_FOR_MALLOC freed 2341K, 70% free 6219K/20679K, external 3984K/4975K, paused 29ms
11-09 10:40:24.510  1415  1415 D dalvikvm: GC_FOR_MALLOC freed <1K, 66% free 7156K/20679K, external 3984K/4975K, paused 29ms
11-09 10:40:24.541  1415  1415 D dalvikvm: GC_FOR_MALLOC freed 936K, 64% free 7625K/20679K, external 3984K/4975K, paused 30ms
11-09 10:40:24.572  1415  1415 D dalvikvm: GC_FOR_MALLOC freed 2342K, 70% free 6225K/20679K, external 3984K/4975K, paused 31ms
11-09 10:40:24.619  1415  1415 D dalvikvm: GC_FOR_MALLOC freed <1K, 65% free 7357K/20679K, external 3984K/4975K, paused 31ms
11-09 10:40:24.650  1415  1415 D dalvikvm: GC_FOR_MALLOC freed <1K, 59% free 8488K/20679K, external 3984K/4975K, paused 31ms
11-09 10:40:24.689  1415  1415 D dalvikvm: GC_FOR_MALLOC freed 1131K, 57% free 9054K/20679K, external 3984K/4975K, paused 30ms
11-09 10:40:24.721  1415  1415 D dalvikvm: GC_FOR_MALLOC freed 2828K, 65% free 7363K/20679K, external 3984K/4975K, paused 31ms
11-09 10:40:24.760  1415  1415 D dalvikvm: GC_FOR_MALLOC freed <1K, 59% free 8494K/20679K, external 3984K/4975K, paused 30ms
11-09 10:40:24.791  1415  1415 D dalvikvm: GC_FOR_MALLOC freed <1K, 54% free 9625K/20679K, external 3984K/4975K, paused 30ms
11-09 10:40:24.838  1415  1415 D dalvikvm: GC_FOR_MALLOC freed 1131K, 51% free 10191K/20679K, external 3984K/4975K, paused 37ms
11-09 10:40:24.869  1415  1415 D dalvikvm: GC_FOR_MALLOC freed 2828K, 59% free 8500K/20679K, external 3984K/4975K, paused 31ms
11-09 10:40:24.908  1415  1415 D dalvikvm: GC_FOR_MALLOC freed <1K, 54% free 9628K/20679K, external 3984K/4975K, paused 30ms
11-09 10:40:24.947  1415  1415 D dalvikvm: GC_FOR_MALLOC freed <1K, 48% free 10757K/20679K, external 3984K/4975K, paused 30ms
11-09 10:40:24.978  1415  1415 D dalvikvm: GC_FOR_MALLOC freed 1128K, 46% free 11321K/20679K, external 3984K/4975K, paused 30ms
11-09 10:40:25.150  1325  1474 D dalvikvm: GC_EXPLICIT freed 650K, 35% free 8971K/13639K, external 4275K/5877K, paused 98ms
11-09 10:40:25.197 14991 14991 E dalvikvm: could not disable core file generation for pid 14991: Operation not permitted
11-09 10:40:25.400  1415  1415 D =====suggestion=====:  getWordsFromMainDict 
11-09 10:40:25.400  1415  1415 D =====suggestion=====:  The type is the LATINIME_ENG_QWERTY 
11-09 10:40:25.400  1415  1415 D =====LatinMainDecoderService=====: In LatinMainDecoderService  getWords . The codesSize : 2
11-09 10:40:25.400  1415  1415 D =====LatinMainDecoderService=====: Begin decode info for  LATINIME_ENG_QWERTY
11-09 10:40:25.400  1415  1415 D =====LatinMainDecoderService=====: Begin decode info for  LATINIME_ENG_QWERTY
11-09 10:40:25.400  1415  1415 D BinaryDictionary: ------------getSuggestions(..., 2)=48
11-09 10:40:25.400  1415  1415 D =====LatinMainDecoderService=====: <<<<get Suggestions word count :48, time = 4mm
11-09 10:40:25.619  1397  1397 D RadioSignalLevel: cdma dbmLevel: 2, ecioLevel: 4
11-09 10:40:25.760  1415  1415 D =====suggestion=====:  getWordsFromMainDict 
11-09 10:40:25.760  1415  1415 D =====suggestion=====:  The type is the LATINIME_ENG_QWERTY 
11-09 10:40:25.760  1415  1415 D =====LatinMainDecoderService=====: In LatinMainDecoderService  getWords . The codesSize : 3
11-09 10:40:25.760  1415  1415 D =====LatinMainDecoderService=====: Begin decode info for  LATINIME_ENG_QWERTY
11-09 10:40:25.760  1415  1415 D =====LatinMainDecoderService=====: Begin decode info for  LATINIME_ENG_QWERTY
