11-09 10:42:27.924 14899 14899 D MyScheduler: AM START=36
11-09 10:42:27.924 14899 14899 D MyScheduler: AM END=48
11-09 10:42:27.924 14899 14899 D MyScheduler: PM START=52
11-09 10:42:27.924 14899 14899 D MyScheduler: PM END=65
11-09 10:42:27.924 14899 14899 D MyScheduler: AM START=36
11-09 10:42:27.924 14899 14899 D MyScheduler: AM END=48
11-09 10:42:27.924 14899 14899 D MyScheduler: PM START=52
11-09 10:42:27.924 14899 14899 D MyScheduler: PM END=65
11-09 10:42:27.924 14899 14899 D MyScheduler: AM START=36
11-09 10:42:27.924 14899 14899 D MyScheduler: AM END=48
11-09 10:42:27.924 14899 14899 D MyScheduler: PM START=52
11-09 10:42:27.924 14899 14899 D MyScheduler: PM END=65
11-09 10:42:27.924 14899 14899 D MyScheduler: AM START=36
11-09 10:42:27.924 14899 14899 D MyScheduler: AM END=48
11-09 10:42:27.924 14899 14899 D MyScheduler: PM START=52
11-09 10:42:27.924 14899 14899 D MyScheduler: PM END=65
11-09 10:42:27.924 14899 14899 D MyScheduler: AM START=36
11-09 10:42:27.924 14899 14899 D MyScheduler: AM END=48
11-09 10:42:27.924 14899 14899 D MyScheduler: PM START=52
11-09 10:42:27.924 14899 14899 D MyScheduler: PM END=65
11-09 10:42:27.924 14899 14899 D MyScheduler: AM START=36
11-09 10:42:27.924 14899 14899 D MyScheduler: AM END=48
11-09 10:42:27.924 14899 14899 D MyScheduler: PM START=52
11-09 10:42:27.924 14899 14899 D MyScheduler: PM END=65
11-09 10:42:27.924 14899 14899 D MyScheduler: AM START=36
11-09 10:42:27.924 14899 14899 D MyScheduler: AM END=48
11-09 10:42:27.924 14899 14899 D MyScheduler: PM START=52
11-09 10:42:27.924 14899 14899 D MyScheduler: PM END=65
11-09 10:42:27.924 14899 14899 D MyScheduler: AM START=36
11-09 10:42:27.924 14899 14899 D MyScheduler: AM END=48
11-09 10:42:27.924 14899 14899 D MyScheduler: PM START=52
11-09 10:42:27.924 14899 14899 D MyScheduler: PM END=65
11-09 10:42:27.924 14899 14899 D MyScheduler: AM START=36
11-09 10:42:27.924 14899 14899 D MyScheduler: AM END=48
11-09 10:42:27.924 14899 14899 D MyScheduler: PM START=52
11-09 10:42:27.924 14899 14899 D MyScheduler: PM END=65
11-09 10:42:27.924 14899 14899 D MyScheduler: AM START=36
11-09 10:42:27.924 14899 14899 D MyScheduler: AM END=48
11-09 10:42:27.924 14899 14899 D MyScheduler: PM START=52
11-09 10:42:27.924 14899 14899 D MyScheduler: PM END=65
11-09 10:42:27.924 14899 14899 D MyScheduler: AM START=36
11-09 10:42:27.924 14899 14899 D MyScheduler: AM END=48
11-09 10:42:27.924 14899 14899 D MyScheduler: PM START=52
11-09 10:42:27.924 14899 14899 D MyScheduler: PM END=65
11-09 10:42:27.924 14899 14899 D MyScheduler: AM START=36
11-09 10:42:27.924 14899 14899 D MyScheduler: AM END=48
11-09 10:42:27.924 14899 14899 D MyScheduler: PM START=52
11-09 10:42:27.924 14899 14899 D MyScheduler: PM END=65
11-09 10:42:27.924 14899 14899 D MyScheduler: AM START=36
11-09 10:42:27.924 14899 14899 D MyScheduler: AM END=48
11-09 10:42:27.924 14899 14899 D MyScheduler: PM START=52
11-09 10:42:27.924 14899 14899 D MyScheduler: PM END=65
11-09 10:42:27.924 14899 14899 D MyScheduler: AM START=36
11-09 10:42:27.924 14899 14899 D MyScheduler: AM END=48
11-09 10:42:27.924 14899 14899 D MyScheduler: PM START=52
11-09 10:42:27.924 14899 14899 D MyScheduler: PM END=65
11-09 10:42:27.924 14899 14899 D MyScheduler: AM START=36
11-09 10:42:27.924 14899 14899 D MyScheduler: AM END=48
11-09 10:42:27.924 14899 14899 D MyScheduler: PM START=52
11-09 10:42:27.924 14899 14899 D MyScheduler: PM END=65
11-09 10:42:27.924 14899 14899 D MyScheduler: AM START=36
11-09 10:42:27.924 14899 14899 D MyScheduler: AM END=48
11-09 10:42:27.924 14899 14899 D MyScheduler: PM START=52
11-09 10:42:27.924 14899 14899 D MyScheduler: PM END=65
11-09 10:42:27.931 14899 14899 D MyScheduler: AM START=36
11-09 10:42:27.931 14899 14899 D MyScheduler: AM END=48
11-09 10:42:27.931 14899 14899 D MyScheduler: PM START=52
11-09 10:42:27.931 14899 14899 D MyScheduler: PM END=65
11-09 10:42:27.931 14899 14899 D MyScheduler: AM START=36
11-09 10:42:27.931 14899 14899 D MyScheduler: AM END=48
11-09 10:42:27.931 14899 14899 D MyScheduler: PM START=52
11-09 10:42:27.931 14899 14899 D MyScheduler: PM END=65
11-09 10:42:27.931 14899 14899 D MyScheduler: AM START=36
11-09 10:42:27.931 14899 14899 D MyScheduler: AM END=48
11-09 10:42:27.931 14899 14899 D MyScheduler: PM START=52
11-09 10:42:27.931 14899 14899 D MyScheduler: PM END=65
11-09 10:42:27.931 14899 14899 D MyScheduler: AM START=36
11-09 10:42:27.931 14899 14899 D MyScheduler: AM END=48
11-09 10:42:27.931 14899 14899 D MyScheduler: PM START=52
11-09 10:42:27.931 14899 14899 D MyScheduler: PM END=65
11-09 10:42:27.931 14899 14899 D MyScheduler: AM START=36
11-09 10:42:27.931 14899 14899 D MyScheduler: AM END=48
11-09 10:42:27.931 14899 14899 D MyScheduler: PM START=52
11-09 10:42:27.931 14899 14899 D MyScheduler: PM END=65
11-09 10:42:27.931 14899 14899 D MyScheduler: AM START=36
11-09 10:42:27.931 14899 14899 D MyScheduler: AM END=48
11-09 10:42:27.931 14899 14899 D MyScheduler: PM START=52
11-09 10:42:27.931 14899 14899 D MyScheduler: PM END=65
11-09 10:42:27.931 14899 14899 D MyScheduler: AM START=36
11-09 10:42:27.931 14899 14899 D MyScheduler: AM END=48
11-09 10:42:27.931 14899 14899 D MyScheduler: PM START=52
11-09 10:42:27.931 14899 14899 D MyScheduler: PM END=65
11-09 10:42:27.931 14899 14899 D MyScheduler: AM START=36
11-09 10:42:27.931 14899 14899 D MyScheduler: AM END=48
11-09 10:42:27.931 14899 14899 D MyScheduler: PM START=52
11-09 10:42:27.931 14899 14899 D MyScheduler: PM END=65
11-09 10:42:27.931 14899 14899 D MyScheduler: AM START=36
11-09 10:42:27.931 14899 14899 D MyScheduler: AM END=48
11-09 10:42:27.931 14899 14899 D MyScheduler: PM START=52
11-09 10:42:27.931 14899 14899 D MyScheduler: PM END=65
11-09 10:42:27.931 14899 14899 D MyScheduler: AM START=36
11-09 10:42:27.931 14899 14899 D MyScheduler: AM END=48
11-09 10:42:27.931 14899 14899 D MyScheduler: PM START=52
11-09 10:42:27.931 14899 14899 D MyScheduler: PM END=65
11-09 10:42:27.931 14899 14899 D MyScheduler: AM START=36
11-09 10:42:27.931 14899 14899 D MyScheduler: AM END=48
11-09 10:42:27.931 14899 14899 D MyScheduler: PM START=52
11-09 10:42:27.931 14899 14899 D MyScheduler: PM END=65
11-09 10:42:27.931 14899 14899 D MyScheduler: AM START=36
11-09 10:42:27.931 14899 14899 D MyScheduler: AM END=48
11-09 10:42:27.931 14899 14899 D MyScheduler: PM START=52
11-09 10:42:27.931 14899 14899 D MyScheduler: PM END=65
11-09 10:42:27.931 14899 14899 D MyScheduler: AM START=36
11-09 10:42:27.931 14899 14899 D MyScheduler: AM END=48
11-09 10:42:27.931 14899 14899 D MyScheduler: PM START=52
11-09 10:42:27.931 14899 14899 D MyScheduler: PM END=65
11-09 10:42:27.931 14899 14899 D MyScheduler: AM START=36
11-09 10:42:27.931 14899 14899 D MyScheduler: AM END=48
11-09 10:42:27.931 14899 14899 D MyScheduler: PM START=52
11-09 10:42:27.931 14899 14899 D MyScheduler: PM END=65
11-09 10:42:27.931 14899 14899 D MyScheduler: AM START=36
11-09 10:42:27.931 14899 14899 D MyScheduler: AM END=48
11-09 10:42:27.931 14899 14899 D MyScheduler: PM START=52
11-09 10:42:27.931 14899 14899 D MyScheduler: PM END=65
11-09 10:42:27.939 14899 14899 D MyScheduler: AM START=36
11-09 10:42:27.939 14899 14899 D MyScheduler: AM END=48
11-09 10:42:27.939 14899 14899 D MyScheduler: PM START=52
11-09 10:42:27.939 14899 14899 D MyScheduler: PM END=65
11-09 10:42:27.939 14899 14899 D MyScheduler: AM START=36
11-09 10:42:27.939 14899 14899 D MyScheduler: AM END=48
11-09 10:42:27.939 14899 14899 D MyScheduler: PM START=52
11-09 10:42:27.939 14899 14899 D MyScheduler: PM END=65
11-09 10:42:27.939 14899 14899 D MyScheduler: AM START=36
11-09 10:42:27.939 14899 14899 D MyScheduler: AM END=48
11-09 10:42:27.939 14899 14899 D MyScheduler: PM START=52
11-09 10:42:27.939 14899 14899 D MyScheduler: PM END=65
11-09 10:42:27.939 14899 14899 D MyScheduler: AM START=36
11-09 10:42:27.939 14899 14899 D MyScheduler: AM END=48
11-09 10:42:27.939 14899 14899 D MyScheduler: PM START=52
11-09 10:42:27.939 14899 14899 D MyScheduler: PM END=65
11-09 10:42:27.939 14899 14899 D MyScheduler: AM START=36
11-09 10:42:27.939 14899 14899 D MyScheduler: AM END=48
11-09 10:42:27.939 14899 14899 D MyScheduler: PM START=52
11-09 10:42:27.939 14899 14899 D MyScheduler: PM END=65
11-09 10:42:27.939 14899 14899 D MyScheduler: AM START=36
11-09 10:42:27.939 14899 14899 D MyScheduler: AM END=48
11-09 10:42:27.939 14899 14899 D MyScheduler: PM START=52
11-09 10:42:27.939 14899 14899 D MyScheduler: PM END=65
11-09 10:42:27.939 14899 14899 D MyScheduler: AM START=36
11-09 10:42:27.939 14899 14899 D MyScheduler: AM END=48
11-09 10:42:27.939 14899 14899 D MyScheduler: PM START=52
11-09 10:42:27.939 14899 14899 D MyScheduler: PM END=65
11-09 10:42:27.939 14899 14899 D MyScheduler: AM START=36
11-09 10:42:27.939 14899 14899 D MyScheduler: AM END=48
11-09 10:42:27.939 14899 14899 D MyScheduler: PM START=52
11-09 10:42:27.939 14899 14899 D MyScheduler: PM END=65
11-09 10:42:27.939 14899 14899 D MyScheduler: AM START=36
11-09 10:42:27.939 14899 14899 D MyScheduler: AM END=48
11-09 10:42:27.939 14899 14899 D MyScheduler: PM START=52
11-09 10:42:27.939 14899 14899 D MyScheduler: PM END=65
11-09 10:42:27.939 14899 14899 D MyScheduler: AM START=36
11-09 10:42:27.939 14899 14899 D MyScheduler: AM END=48
11-09 10:42:27.939 14899 14899 D MyScheduler: PM START=52
11-09 10:42:27.939 14899 14899 D MyScheduler: PM END=65
11-09 10:42:27.939 14899 14899 D MyScheduler: AM START=36
11-09 10:42:27.939 14899 14899 D MyScheduler: AM END=48
11-09 10:42:27.939 14899 14899 D MyScheduler: PM START=52
11-09 10:42:27.939 14899 14899 D MyScheduler: PM END=65
11-09 10:42:27.939 14899 14899 D MyScheduler: AM START=36
11-09 10:42:27.939 14899 14899 D MyScheduler: AM END=48
11-09 10:42:27.939 14899 14899 D MyScheduler: PM START=52
11-09 10:42:27.939 14899 14899 D MyScheduler: PM END=65
11-09 10:42:27.939 14899 14899 D MyScheduler: AM START=36
11-09 10:42:27.939 14899 14899 D MyScheduler: AM END=48
11-09 10:42:27.939 14899 14899 D MyScheduler: PM START=52
11-09 10:42:27.939 14899 14899 D MyScheduler: PM END=65
11-09 10:42:27.939 14899 14899 D MyScheduler: AM START=36
11-09 10:42:27.939 14899 14899 D MyScheduler: AM END=48
11-09 10:42:27.939 14899 14899 D MyScheduler: PM START=52
11-09 10:42:27.939 14899 14899 D MyScheduler: PM END=65
11-09 10:42:27.939 14899 14899 D MyScheduler: AM START=36
11-09 10:42:27.939 14899 14899 D MyScheduler: AM END=48
11-09 10:42:27.939 14899 14899 D MyScheduler: PM START=52
11-09 10:42:27.939 14899 14899 D MyScheduler: PM END=65
11-09 10:42:27.947 14899 14899 D Alpha   : showScheduleDate weekday=3
11-09 10:42:27.947 14899 14899 E start   : 0
11-09 10:42:27.947 14899 14899 E before  : 0
11-09 10:42:27.947 14899 14899 E Count   : 0
11-09 10:42:27.947 14899 14899 D AndroidRuntime: Shutting down VM
11-09 10:42:27.947 14899 14899 W dalvikvm: threadid=1: thread exiting with uncaught exception (group=0x40018560)
11-09 10:42:28.213  1325  1327 D dalvikvm: JIT code cache reset in 4 ms (1048572 bytes 8/0)
11-09 10:42:28.228  1325  1327 D dalvikvm: GC_CONCURRENT freed 1847K, 34% free 9055K/13639K, external 4992K/5877K, paused 4ms+13ms
11-09 10:42:29.978 12918 15027 E Gmail   : IOException: org.apache.http.conn.ConnectTimeoutException: Connect to /74.125.79.102:443 timed out
11-09 10:42:30.002  1325  1348 D SyncManager: failed sync operation authority: gmail-ls account: Account {name=ptmn68@motorola.com, type=com.google} extras: [] syncSource: 4 when: 410912936 expedited: false, SyncResult: stats [ numIoExceptions: 1]
11-09 10:42:30.072  1424  1424 I SyncStatIntentRcvr: Received intent: android.intent.action.SYNC_STATE_CHANGED
11-09 10:42:30.955  1325  1356 D dalvikvm: GC_EXPLICIT freed 519K, 34% free 9016K/13639K, external 4983K/5877K, paused 142ms
11-09 10:42:31.072  1397  1397 D RadioSignalLevel: cdma dbmLevel: 2, ecioLevel: 4
11-09 10:42:31.879  1325  1333 W SurfaceFlinger: timeout expired mFreezeDisplay=0, mFreezeCount=2
11-09 10:42:32.978 15037 15037 E dalvikvm: could not disable core file generation for pid 15037: Operation not permitted
11-09 10:42:33.127 15037 15037 V DMSvc   : onCreate()
11-09 10:42:33.174 15037 15037 D DMSvc   : com.motorola.android.datamanager.DataManagerService: The database path is:/data/data/com.motorola.android.datamanager/databases/DataManager.db
11-09 10:42:33.635  1397  1397 D RadioSignalLevel: cdma dbmLevel: 3, ecioLevel: 4
11-09 10:42:35.736 15037 15037 D NetStatUtils: Receive a broadcast: android.intent.action.ANY_DATA_STATE
11-09 10:42:35.775 15037 15037 D NetStatUtils: Received android.intent.action.ANY_DATA_STATE broadcast - state = DISCONNECTED, unavailable = true
11-09 10:42:35.775 15037 15037 D NetStatUtils: This APN: VZWINTERNET is down now.
11-09 10:42:35.775 15037 15037 E NetStatUtils: The report APN is not in local map, un-match case, fatal error!!
11-09 10:42:35.775 15037 15037 D NetStatUtils: Receive a broadcast: android.net.conn.CONNECTIVITY_CHANGE
11-09 10:42:35.783 15037 15037 D NetStatUtils: NetworkInfo: type: WIFI[], state: CONNECTED/CONNECTED, reason: (unspecified), extra: (none), roaming: false, failover: false, isAvailable: true
11-09 10:42:42.377 12677 12677 D dalvikvm: GC_EXPLICIT freed 20K, 46% free 3039K/5575K, external 2357K/2773K, paused 56ms
11-09 10:42:42.978 15047 15047 E dalvikvm: could not disable core file generation for pid 15047: Operation not permitted
11-09 10:42:43.111 15047 15047 I ActivityThread: Pub com.motorola.blur.friendfeed.search: com.motorola.blur.friendfeed.FriendFeedSearchProvider
11-09 10:42:43.158 15047 15047 I ActivityThread: Pub com.motorola.blur.friendfeed: com.motorola.blur.friendfeed.FriendFeedProvider
11-09 10:42:46.432  1397  1397 D RadioSignalLevel: cdma dbmLevel: 3, ecioLevel: 4
11-09 10:42:51.150  1547 15035 W GDataClient: Unable to execute HTTP request.org.apache.http.conn.ConnectTimeoutException: Connect to /74.125.79.102:443 timed out
11-09 10:42:51.158  1547 15035 D CalendarSyncAdapter: IO error, ignoring rest of feed
11-09 10:42:51.158  1547 15035 D CalendarSyncAdapter: org.apache.http.conn.ConnectTimeoutException: Connect to /74.125.79.102:443 timed out
11-09 10:42:51.158  1547 15035 D CalendarSyncAdapter: 	at org.apache.http.conn.scheme.PlainSocketFactory.connectSocket(PlainSocketFactory.java:121)
11-09 10:42:51.158  1547 15035 D CalendarSyncAdapter: 	at org.apache.http.impl.conn.DefaultClientConnectionOperator.openConnection(DefaultClientConnectionOperator.java:147)
11-09 10:42:51.158  1547 15035 D CalendarSyncAdapter: 	at org.apache.http.impl.conn.AbstractPoolEntry.open(AbstractPoolEntry.java:164)
11-09 10:42:51.158  1547 15035 D CalendarSyncAdapter: 	at org.apache.http.impl.conn.AbstractPooledConnAdapter.open(AbstractPooledConnAdapter.java:119)
11-09 10:42:51.158  1547 15035 D CalendarSyncAdapter: 	at org.apache.http.impl.client.DefaultRequestDirector.execute(DefaultRequestDirector.java:363)
11-09 10:42:51.158  1547 15035 D CalendarSyncAdapter: 	at org.apache.http.impl.client.AbstractHttpClient.execute(AbstractHttpClient.java:555)
11-09 10:42:51.158  1547 15035 D CalendarSyncAdapter: 	at org.apache.http.impl.client.AbstractHttpClient.execute(AbstractHttpClient.java:487)
11-09 10:42:51.158  1547 15035 D CalendarSyncAdapter: 	at android.net.http.AndroidHttpClient.execute(AndroidHttpClient.java:248)
11-09 10:42:51.158  1547 15035 D CalendarSyncAdapter: 	at com.google.android.common.http.GoogleHttpClient.executeWithoutRewriting(GoogleHttpClient.java:203)
11-09 10:42:51.158  1547 15035 D CalendarSyncAdapter: 	at com.google.android.common.http.GoogleHttpClient.execute(GoogleHttpClient.java:260)
11-09 10:42:51.158  1547 15035 D CalendarSyncAdapter: 	at com.google.android.common.http.GoogleHttpClient.execute(GoogleHttpClient.java:313)
11-09 10:42:51.158  1547 15035 D CalendarSyncAdapter: 	at com.google.android.common.gdata2.AndroidGDataClient.createAndExecuteMethod(AndroidGDataClient.java:282)
11-09 10:42:51.158  1547 15035 D CalendarSyncAdapter: 	at com.google.android.syncadapters.HttpsOnlyAndroidGDataClient.createAndExecuteMethod(HttpsOnlyAndroidGDataClient.java:32)
11-09 10:42:51.158  1547 15035 D CalendarSyncAdapter: 	at com.google.android.common.gdata2.AndroidGDataClient.getFeedAsStream(AndroidGDataClient.java:416)
11-09 10:42:51.158  1547 15035 D CalendarSyncAdapter: 	at com.google.wireless.gdata2.client.GDataServiceClient.getParserForFeed(GDataServiceClient.java:112)
11-09 10:42:51.158  1547 15035 D CalendarSyncAdapter: 	at com.google.android.syncadapters.GDataFeedFetcher.fetchFeed(GDataFeedFetcher.java:182)
11-09 10:42:51.158  1547 15035 D CalendarSyncAdapter: 	at com.google.android.syncadapters.GDataFeedFetcher.run(GDataFeedFetcher.java:96)
11-09 10:42:51.158  1547 15035 D CalendarSyncAdapter: 	at java.lang.Thread.run(Thread.java:1019)
11-09 10:42:51.158  1547 15034 D CalendarSyncAdapter: getServerDiffs failed
11-09 10:42:51.158  1547 15034 D CalendarSyncAdapter: java.io.IOException: connection failed during feed read of https://www.google.com/calendar/feeds/ptmn68%40motorola.com/private/full
11-09 10:42:51.158  1547 15034 D CalendarSyncAdapter: 	at com.google.android.syncadapters.calendar.CalendarSyncAdapter.getServerDiffsImpl(CalendarSyncAdapter.java:1924)
11-09 10:42:51.158  1547 15034 D CalendarSyncAdapter: 	at com.google.android.syncadapters.calendar.CalendarSyncAdapter.getServerDiffsForFeed(CalendarSyncAdapter.java:1645)
11-09 10:42:51.158  1547 15034 D CalendarSyncAdapter: 	at com.google.android.syncadapters.calendar.CalendarSyncAdapter.getServerDiffsOrig(CalendarSyncAdapter.java:809)
11-09 10:42:51.158  1547 15034 D CalendarSyncAdapter: 	at com.google.android.syncadapters.calendar.CalendarSyncAdapter.innerPerformSync(CalendarSyncAdapter.java:359)
11-09 10:42:51.158  1547 15034 D CalendarSyncAdapter: 	at com.google.android.syncadapters.calendar.CalendarSyncAdapter.onPerformLoggedSync(CalendarSyncAdapter.java:252)
11-09 10:42:51.158  1547 15034 D CalendarSyncAdapter: 	at com.google.android.common.LoggingThreadedSyncAdapter.onPerformSync(LoggingThreadedSyncAdapter.java:27)
11-09 10:42:51.158  1547 15034 D CalendarSyncAdapter: 	at android.content.AbstractThreadedSyncAdapter$SyncThread.run(AbstractThreadedSyncAdapter.java:164)
11-09 10:42:51.158  1547 15034 D CalendarSyncAdapter: FAILURE: processed 0 records in 21019 ms from feed https://www.google.com/calendar/feeds/ptmn68%40motorola.com/private/full, updated time is 2011-11-03T02:28:27.000Z
11-09 10:42:51.189  1325  1348 D SyncManager: failed sync operation authority: com.android.calendar account: Account {name=ptmn68@motorola.com, type=com.google} extras: [feed=https://www.google.com/calendar/feeds/ptmn68%40motorola.com/private/full ] syncSource: 0 when: 410891876 expedited: false, SyncResult: stats [ numIoExceptions: 2]
11-09 10:42:51.228  1424  1424 I SyncStatIntentRcvr: Received intent: android.intent.action.SYNC_STATE_CHANGED
11-09 10:42:51.244 12918 15056 I Gmail   : MainSyncRequestProto: lowestBkwdConvoId: 0, highestHandledServerOp: 2607218, normalSync: true
11-09 10:42:52.971 15057 15057 E dalvikvm: could not disable core file generation for pid 15057: Operation not permitted
11-09 10:42:56.322  1624  1624 D dalvikvm: GC_EXPLICIT freed 245K, 46% free 3912K/7239K, external 2357K/2773K, paused 35ms
11-09 10:43:03.611  1325  1352 D BatteryTempPolicy: updateBatteryTemp temperature = 290, Threshhold = 3
11-09 10:43:03.650  1420  1420 D PhoneApp: FTR33129: Received ACTION_BATTERY CHANGED, mBatteryLevel=90,mPlugType=2
11-09 10:43:03.658 13997 13997 E GlobalUnplugService: plugged = true,mBatteryPlugged=true
11-09 10:43:08.721 12654 12654 D dalvikvm: GC_EXPLICIT freed 34K, 47% free 3161K/5895K, external 2357K/2773K, paused 58ms
11-09 10:43:12.252 12918 15056 E Gmail   : IOException: org.apache.http.conn.ConnectTimeoutException: Connect to /74.125.79.102:443 timed out
11-09 10:43:12.267  1325  1348 D SyncManager: failed sync operation authority: gmail-ls account: Account {name=alphalilin@gmail.com, type=com.google} extras: [feed=https://mail.google.com/mail/g/?client=1318152395871 ] syncSource: 0 when: 410997382 expedited: false, SyncResult: stats [ numIoExceptions: 1]
11-09 10:43:12.330  1424  1424 I SyncStatIntentRcvr: Received intent: android.intent.action.SYNC_STATE_CHANGED
11-09 10:43:17.314 15068 15068 E dalvikvm: could not disable core file generation for pid 15068: Operation not permitted
11-09 10:43:17.463 15068 15068 I ActivityThread: Pub com.motorola.blur.home.clock: com.motorola.blur.home.clock.db.ClockWidgetProvider
11-09 10:43:17.486 15068 15068 I ActivityThread: Pub com.motorola.stickynote: com.motorola.stickynote.StickyNoteProvider
11-09 10:43:17.502 15068 15068 I ActivityThread: Pub com.motorola.blur.quickcontact.quickcontactprovider: com.motorola.blur.quickcontact.QuickContactProvider
11-09 10:43:17.557 15068 15068 V QuickContactWidget: getInstance()
11-09 10:43:17.557 15068 15068 V QuickContactWidget: WidgetService()
11-09 10:43:17.564 12640 12640 D dalvikvm: GC_EXPLICIT freed 12K, 45% free 3163K/5703K, external 3306K/3529K, paused 180ms
11-09 10:43:21.127  1325  1339 W KeyCharacterMap: Can't open keycharmap file
11-09 10:43:21.127  1325  1339 W KeyCharacterMap: Error loading keycharmap file '/data/usr/keychars/sholes-keypad.kcm.bin'. hw.keyboards.0.devname='sholes-keypad'
11-09 10:43:22.447  2530  2530 D dalvikvm: GC_EXPLICIT freed 12K, 43% free 4004K/6983K, external 2357K/2773K, paused 64ms
11-09 10:43:23.666 14899 14899 I Process : Sending signal. PID: 14899 SIG: 9
11-09 10:43:23.803 15076 15076 E dalvikvm: could not disable core file generation for pid 15076: Operation not permitted
11-09 10:43:23.838  1415  1415 I =====suggestion=====: switch to qwerty mode, enable?true
11-09 10:43:23.916  1225  1225 D dalvikvm: GC_EXPLICIT freed 11K, 45% free 3011K/5379K, external 2357K/2773K, paused 142ms
11-09 10:43:24.002  1225  1225 D dalvikvm: GC_EXPLICIT freed <1K, 45% free 3011K/5379K, external 2357K/2773K, paused 72ms
11-09 10:43:24.064  1225  1225 D dalvikvm: GC_EXPLICIT freed <1K, 45% free 3011K/5379K, external 2357K/2773K, paused 56ms
11-09 10:43:24.072  1415  1415 D dalvikvm: GC_FOR_MALLOC freed 8278K, 80% free 4327K/20679K, external 3309K/4132K, paused 50ms
11-09 10:43:24.103 15076 15076 I ActivityThread: Pub com.angelspeech.provider: com.AngelSpeech.rest.AngelSpeechProvider
11-09 10:43:24.166  1415  1415 D dalvikvm: GC_FOR_MALLOC freed 1K, 75% free 5282K/20679K, external 3309K/4132K, paused 70ms
11-09 10:43:24.236  1415  1415 D dalvikvm: GC_FOR_MALLOC freed <1K, 70% free 6237K/20679K, external 3309K/4132K, paused 62ms
11-09 10:43:24.244 15076 15076 D dalvikvm: GC_EXTERNAL_ALLOC freed 70K, 43% free 3085K/5379K, external 2734K/2773K, paused 62ms
11-09 10:43:24.307  1415  1415 D dalvikvm: GC_FOR_MALLOC freed 955K, 68% free 6715K/20679K, external 3309K/4132K, paused 65ms
11-09 10:43:24.392  1415  1415 D dalvikvm: GC_FOR_MALLOC freed 2389K, 70% free 6241K/20679K, external 3309K/4132K, paused 66ms
11-09 10:43:24.416 15076 15076 D MyMessenger: start sync
11-09 10:43:24.455  1415  1415 D dalvikvm: GC_FOR_MALLOC freed <1K, 66% free 7197K/20679K, external 3309K/4132K, paused 65ms
11-09 10:43:24.525  1415  1415 D dalvikvm: GC_FOR_MALLOC freed 955K, 63% free 7675K/20679K, external 3309K/4132K, paused 61ms
11-09 10:43:24.533 15076 15076 D dalvikvm: GC_EXTERNAL_ALLOC freed 78K, 42% free 3185K/5447K, external 4134K/4232K, paused 61ms
11-09 10:43:24.619  1415  1415 D dalvikvm: GC_FOR_MALLOC freed 2389K, 70% free 6245K/20679K, external 3309K/4132K, paused 89ms
11-09 10:43:24.689  1325  1356 I ActivityManager: Displayed com.AngelSpeech.rest/.Login: +743ms (total +917ms)
11-09 10:43:24.721  1415  1415 D dalvikvm: GC_FOR_MALLOC freed <1K, 65% free 7395K/20679K, external 3309K/4132K, paused 71ms
11-09 10:43:24.830  1397  1397 D RadioSignalLevel: cdma dbmLevel: 2, ecioLevel: 4
11-09 10:43:24.861 15076 15076 D MyMessenger: run here
11-09 10:43:24.861  1415  1415 D dalvikvm: GC_FOR_MALLOC freed <1K, 59% free 8545K/20679K, external 3309K/4132K, paused 143ms
11-09 10:43:24.877 15076 15076 E error code: 200
11-09 10:43:24.994  1325  1356 I ActivityManager: Displayed com.AngelSpeech.rest/.MyMessenger: +1s225ms
11-09 10:43:25.010  1415  1415 D dalvikvm: GC_FOR_MALLOC freed 1150K, 56% free 9121K/20679K, external 3309K/4132K, paused 108ms
11-09 10:43:25.072  1415  1415 D dalvikvm: GC_FOR_MALLOC freed 2876K, 65% free 7398K/20679K, external 3309K/4132K, paused 46ms
11-09 10:43:25.158  1415  1415 D dalvikvm: GC_FOR_MALLOC freed <1K, 59% free 8549K/20679K, external 3309K/4132K, paused 56ms
11-09 10:43:25.228  1415  1415 D dalvikvm: GC_FOR_MALLOC freed <1K, 54% free 9699K/20679K, external 3309K/4132K, paused 65ms
11-09 10:43:25.307  1415  1415 D dalvikvm: GC_FOR_MALLOC freed 1150K, 51% free 10274K/20679K, external 3309K/4132K, paused 60ms
11-09 10:43:25.361  1415  1415 D dalvikvm: GC_FOR_MALLOC freed 2875K, 59% free 8552K/20679K, external 3309K/4132K, paused 49ms
11-09 10:43:25.455  1415  1415 D dalvikvm: GC_FOR_MALLOC freed <1K, 54% free 9700K/20679K, external 3309K/4132K, paused 69ms
11-09 10:43:25.517  1415  1415 D dalvikvm: GC_FOR_MALLOC freed <1K, 48% free 10847K/20679K, external 3309K/4132K, paused 55ms
11-09 10:43:25.588  1415  1415 D dalvikvm: GC_FOR_MALLOC freed 1147K, 45% free 11421K/20679K, external 3309K/4132K, paused 63ms
11-09 10:43:25.611  1415  1415 I =====suggestion=====: switch to qwerty mode, enable?true
11-09 10:43:25.611  1415  1415 I =====suggestion=====: switch to qwerty mode, enable?true
11-09 10:43:27.416 15068 15068 I GPSToggle: Service onCreate
11-09 10:43:27.416 15068 15068 I GPSToggle: Observer Registered
11-09 10:43:29.306 15076 15088 D AngelSpeechProvider: Uri = content://com.angelspeech.provider/patient
11-09 10:43:29.408 15076 15088 D AngelSpeechProvider: rowId = 28492
11-09 10:43:29.416 15076 15088 D AngelSpeechProvider: appendUri = content://com.angelspeech.provider/patient/28492
11-09 10:43:29.416 15076 15088 D AngelSpeechProvider: Uri = content://com.angelspeech.provider/patient
11-09 10:43:29.791 15076 15088 D AngelSpeechProvider: rowId = 155
11-09 10:43:29.791 15076 15088 D AngelSpeechProvider: appendUri = content://com.angelspeech.provider/patient/155
11-09 10:43:29.791 15076 15088 D AngelSpeechProvider: Uri = content://com.angelspeech.provider/patient
11-09 10:43:29.873 15076 15088 D AngelSpeechProvider: rowId = 27751
11-09 10:43:29.877 15076 15088 D AngelSpeechProvider: appendUri = content://com.angelspeech.provider/patient/27751
11-09 10:43:29.877 15076 15088 D AngelSpeechProvider: Uri = content://com.angelspeech.provider/patient
11-09 10:43:29.955  1397  1397 D RadioSignalLevel: cdma dbmLevel: 2, ecioLevel: 4
11-09 10:43:29.971 15076 15088 D AngelSpeechProvider: rowId = 27752
11-09 10:43:29.978 15076 15088 D AngelSpeechProvider: appendUri = content://com.angelspeech.provider/patient/27752
11-09 10:43:29.978 15076 15088 D AngelSpeechProvider: Uri = content://com.angelspeech.provider/patient
11-09 10:43:30.072 15076 15088 D AngelSpeechProvider: rowId = 27753
11-09 10:43:30.080 15076 15088 D AngelSpeechProvider: appendUri = content://com.angelspeech.provider/patient/27753
11-09 10:43:30.080 15076 15088 D AngelSpeechProvider: Uri = content://com.angelspeech.provider/patient
11-09 10:43:30.143 15076 15088 D AngelSpeechProvider: rowId = 27754
11-09 10:43:30.143 15076 15088 D AngelSpeechProvider: appendUri = content://com.angelspeech.provider/patient/27754
11-09 10:43:30.143 15076 15088 D AngelSpeechProvider: Uri = content://com.angelspeech.provider/patient
11-09 10:43:30.197 15076 15088 D AngelSpeechProvider: rowId = 27756
11-09 10:43:30.213 15076 15088 D AngelSpeechProvider: appendUri = content://com.angelspeech.provider/patient/27756
11-09 10:43:30.213 15076 15088 D AngelSpeechProvider: Uri = content://com.angelspeech.provider/patient
11-09 10:43:30.275 15076 15088 D AngelSpeechProvider: rowId = 27760
11-09 10:43:30.283 15076 15088 D AngelSpeechProvider: appendUri = content://com.angelspeech.provider/patient/27760
11-09 10:43:30.283 15076 15088 D AngelSpeechProvider: Uri = content://com.angelspeech.provider/patient
11-09 10:43:30.346 15076 15088 D AngelSpeechProvider: rowId = 27807
11-09 10:43:30.346 15076 15088 D AngelSpeechProvider: appendUri = content://com.angelspeech.provider/patient/27807
11-09 10:43:30.346 15076 15088 D AngelSpeechProvider: Uri = content://com.angelspeech.provider/patient
11-09 10:43:30.432 15076 15088 D AngelSpeechProvider: rowId = 27808
11-09 10:43:30.455 15076 15088 D AngelSpeechProvider: appendUri = content://com.angelspeech.provider/patient/27808
11-09 10:43:30.455 15076 15088 D AngelSpeechProvider: Uri = content://com.angelspeech.provider/patient
11-09 10:43:30.533 15076 15088 D AngelSpeechProvider: rowId = 27811
11-09 10:43:30.533 15076 15088 D AngelSpeechProvider: appendUri = content://com.angelspeech.provider/patient/27811
11-09 10:43:30.533 15076 15088 D AngelSpeechProvider: Uri = content://com.angelspeech.provider/patient
11-09 10:43:30.588 15076 15088 D AngelSpeechProvider: rowId = 27814
11-09 10:43:30.603 15076 15088 D AngelSpeechProvider: appendUri = content://com.angelspeech.provider/patient/27814
11-09 10:43:30.635 15076 15088 D AngelSpeechProvider: Uri = content://com.angelspeech.provider/patient
11-09 10:43:30.689 15076 15088 D AngelSpeechProvider: rowId = 28073
11-09 10:43:30.697 15076 15088 D AngelSpeechProvider: appendUri = content://com.angelspeech.provider/patient/28073
11-09 10:43:30.697 15076 15088 D AngelSpeechProvider: Uri = content://com.angelspeech.provider/patient
11-09 10:43:30.744 15076 15088 D AngelSpeechProvider: rowId = 28116
11-09 10:43:30.752 15076 15088 D AngelSpeechProvider: appendUri = content://com.angelspeech.provider/patient/28116
11-09 10:43:30.752 15076 15088 D AngelSpeechProvider: Uri = content://com.angelspeech.provider/patient
11-09 10:43:30.807 15076 15088 D AngelSpeechProvider: rowId = 28141
11-09 10:43:30.822 15076 15088 D AngelSpeechProvider: appendUri = content://com.angelspeech.provider/patient/28141
11-09 10:43:30.822 15076 15088 D AngelSpeechProvider: Uri = content://com.angelspeech.provider/patient
11-09 10:43:30.877 15076 15088 D AngelSpeechProvider: rowId = 28567
11-09 10:43:30.885 15076 15088 D AngelSpeechProvider: appendUri = content://com.angelspeech.provider/patient/28567
11-09 10:43:30.885 15076 15088 D AngelSpeechProvider: Uri = content://com.angelspeech.provider/patient
11-09 10:43:30.939 15076 15088 D AngelSpeechProvider: rowId = 28408
11-09 10:43:30.971 15076 15088 D AngelSpeechProvider: appendUri = content://com.angelspeech.provider/patient/28408
11-09 10:43:30.971 15076 15088 D AngelSpeechProvider: Uri = content://com.angelspeech.provider/patient
11-09 10:43:31.057 15076 15088 D AngelSpeechProvider: rowId = 28409
11-09 10:43:31.072 15076 15088 D AngelSpeechProvider: appendUri = content://com.angelspeech.provider/patient/28409
11-09 10:43:31.072 15076 15088 D AngelSpeechProvider: Uri = content://com.angelspeech.provider/patient
11-09 10:43:31.142 15076 15088 D AngelSpeechProvider: rowId = 28410
11-09 10:43:31.150 15076 15088 D AngelSpeechProvider: appendUri = content://com.angelspeech.provider/patient/28410
11-09 10:43:31.150 15076 15088 D AngelSpeechProvider: Uri = content://com.angelspeech.provider/patient
11-09 10:43:31.205 15076 15088 D AngelSpeechProvider: rowId = 28411
11-09 10:43:31.213 15076 15088 D AngelSpeechProvider: appendUri = content://com.angelspeech.provider/patient/28411
11-09 10:43:31.213 15076 15088 D AngelSpeechProvider: Uri = content://com.angelspeech.provider/patient
11-09 10:43:31.379 15076 15088 D AngelSpeechProvider: rowId = 28412
11-09 10:43:31.385 15076 15088 D AngelSpeechProvider: appendUri = content://com.angelspeech.provider/patient/28412
11-09 10:43:31.385 15076 15088 D AngelSpeechProvider: Uri = content://com.angelspeech.provider/patient
11-09 10:43:31.494 15076 15088 D AngelSpeechProvider: rowId = 28413
11-09 10:43:31.494 15076 15088 D AngelSpeechProvider: appendUri = content://com.angelspeech.provider/patient/28413
11-09 10:43:31.494 15076 15088 D AngelSpeechProvider: Uri = content://com.angelspeech.provider/patient
11-09 10:43:31.549 15076 15088 D AngelSpeechProvider: rowId = 28414
11-09 10:43:31.557 15076 15088 D AngelSpeechProvider: appendUri = content://com.angelspeech.provider/patient/28414
11-09 10:43:31.557 15076 15088 D AngelSpeechProvider: Uri = content://com.angelspeech.provider/patient
11-09 10:43:31.619 15076 15088 D AngelSpeechProvider: rowId = 28415
11-09 10:43:31.619 15076 15088 D AngelSpeechProvider: appendUri = content://com.angelspeech.provider/patient/28415
11-09 10:43:31.619 15076 15088 D AngelSpeechProvider: Uri = content://com.angelspeech.provider/patient
11-09 10:43:31.689 15076 15088 D AngelSpeechProvider: rowId = 28416
11-09 10:43:31.697 15076 15088 D AngelSpeechProvider: appendUri = content://com.angelspeech.provider/patient/28416
11-09 10:43:31.697 15076 15088 D AngelSpeechProvider: Uri = content://com.angelspeech.provider/patient
11-09 10:43:31.752 15076 15088 D AngelSpeechProvider: rowId = 28417
11-09 10:43:31.752 15076 15088 D AngelSpeechProvider: appendUri = content://com.angelspeech.provider/patient/28417
11-09 10:43:31.760 15076 15088 D AngelSpeechProvider: Uri = content://com.angelspeech.provider/patient
11-09 10:43:31.814 15076 15088 D AngelSpeechProvider: rowId = 28418
11-09 10:43:31.822 15076 15088 D AngelSpeechProvider: appendUri = content://com.angelspeech.provider/patient/28418
11-09 10:43:31.822 15076 15088 D AngelSpeechProvider: Uri = content://com.angelspeech.provider/patient
11-09 10:43:31.885 15076 15088 D AngelSpeechProvider: rowId = 28420
11-09 10:43:31.892 15076 15088 D AngelSpeechProvider: appendUri = content://com.angelspeech.provider/patient/28420
11-09 10:43:31.892 15076 15088 D AngelSpeechProvider: Uri = content://com.angelspeech.provider/patient
11-09 10:43:31.978 15076 15088 D AngelSpeechProvider: rowId = 28421
11-09 10:43:31.986 15076 15088 D AngelSpeechProvider: appendUri = content://com.angelspeech.provider/patient/28421
11-09 10:43:31.986 15076 15088 D AngelSpeechProvider: Uri = content://com.angelspeech.provider/patient
11-09 10:43:32.073 15076 15088 D AngelSpeechProvider: rowId = 28422
11-09 10:43:32.080 15076 15088 D AngelSpeechProvider: appendUri = content://com.angelspeech.provider/patient/28422
11-09 10:43:32.080 15076 15088 D AngelSpeechProvider: Uri = content://com.angelspeech.provider/patient
11-09 10:43:32.142 15076 15088 D AngelSpeechProvider: rowId = 28423
11-09 10:43:32.142 15076 15088 D AngelSpeechProvider: appendUri = content://com.angelspeech.provider/patient/28423
11-09 10:43:32.150 15076 15088 D AngelSpeechProvider: Uri = content://com.angelspeech.provider/patient
11-09 10:43:32.197 15076 15088 D AngelSpeechProvider: rowId = 28424
11-09 10:43:32.205 15076 15088 D AngelSpeechProvider: appendUri = content://com.angelspeech.provider/patient/28424
11-09 10:43:32.205 15076 15088 D AngelSpeechProvider: Uri = content://com.angelspeech.provider/patient
11-09 10:43:32.260 15076 15088 D AngelSpeechProvider: rowId = 28425
11-09 10:43:32.260 15076 15088 D AngelSpeechProvider: appendUri = content://com.angelspeech.provider/patient/28425
11-09 10:43:32.260 15076 15088 D AngelSpeechProvider: Uri = content://com.angelspeech.provider/patient
11-09 10:43:32.619 15076 15088 D AngelSpeechProvider: rowId = 28426
11-09 10:43:32.627 15076 15088 D AngelSpeechProvider: appendUri = content://com.angelspeech.provider/patient/28426
11-09 10:43:32.627 15076 15088 D AngelSpeechProvider: Uri = content://com.angelspeech.provider/patient
11-09 10:43:32.682 15076 15088 D AngelSpeechProvider: rowId = 28427
11-09 10:43:32.689 15076 15088 D AngelSpeechProvider: appendUri = content://com.angelspeech.provider/patient/28427
11-09 10:43:32.689 15076 15088 D AngelSpeechProvider: Uri = content://com.angelspeech.provider/patient
11-09 10:43:32.752 15076 15088 D AngelSpeechProvider: rowId = 28428
11-09 10:43:32.752 15076 15088 D AngelSpeechProvider: appendUri = content://com.angelspeech.provider/patient/28428
11-09 10:43:32.760 15076 15088 D AngelSpeechProvider: Uri = content://com.angelspeech.provider/patient
11-09 10:43:32.838 15076 15088 D AngelSpeechProvider: rowId = 28429
11-09 10:43:32.838 15076 15088 D AngelSpeechProvider: appendUri = content://com.angelspeech.provider/patient/28429
11-09 10:43:32.838 15076 15088 D AngelSpeechProvider: Uri = content://com.angelspeech.provider/patient
11-09 10:43:32.893 15076 15088 D AngelSpeechProvider: rowId = 28430
11-09 10:43:32.900 15076 15088 D AngelSpeechProvider: appendUri = content://com.angelspeech.provider/patient/28430
11-09 10:43:32.908 15076 15088 D AngelSpeechProvider: Uri = content://com.angelspeech.provider/patient
11-09 10:43:32.986 15076 15088 D AngelSpeechProvider: rowId = 28431
11-09 10:43:32.986 15076 15088 D AngelSpeechProvider: appendUri = content://com.angelspeech.provider/patient/28431
11-09 10:43:32.986 15076 15088 D AngelSpeechProvider: Uri = content://com.angelspeech.provider/patient
11-09 10:43:33.072 15076 15088 D AngelSpeechProvider: rowId = 28432
11-09 10:43:33.080 15076 15088 D AngelSpeechProvider: appendUri = content://com.angelspeech.provider/patient/28432
11-09 10:43:33.080 15076 15088 D AngelSpeechProvider: Uri = content://com.angelspeech.provider/patient
11-09 10:43:33.135 15076 15088 D AngelSpeechProvider: rowId = 28433
11-09 10:43:33.135 15076 15088 D AngelSpeechProvider: appendUri = content://com.angelspeech.provider/patient/28433
11-09 10:43:33.135 15076 15088 D AngelSpeechProvider: Uri = content://com.angelspeech.provider/patient
11-09 10:43:33.189 15076 15088 D AngelSpeechProvider: rowId = 28434
11-09 10:43:33.197 15076 15088 D AngelSpeechProvider: appendUri = content://com.angelspeech.provider/patient/28434
11-09 10:43:33.197 15076 15088 D AngelSpeechProvider: Uri = content://com.angelspeech.provider/patient
11-09 10:43:33.260 15076 15088 D AngelSpeechProvider: rowId = 28435
11-09 10:43:33.267 15076 15088 D AngelSpeechProvider: appendUri = content://com.angelspeech.provider/patient/28435
11-09 10:43:33.267 15076 15088 D AngelSpeechProvider: Uri = content://com.angelspeech.provider/patient
11-09 10:43:33.338 15076 15088 D AngelSpeechProvider: rowId = 28436
11-09 10:43:33.338 15076 15088 D AngelSpeechProvider: appendUri = content://com.angelspeech.provider/patient/28436
11-09 10:43:33.338 15076 15088 D AngelSpeechProvider: Uri = content://com.angelspeech.provider/patient
11-09 10:43:33.361  1547 15067 W GDataClient: Unable to execute HTTP request.org.apache.http.conn.ConnectTimeoutException: Connect to /74.125.79.102:443 timed out
11-09 10:43:33.361  1547 15067 D Sync    : Unable to process gdata feed: Connect to /74.125.79.102:443 timed out
11-09 10:43:33.369  1325  1348 D SyncManager: failed sync operation authority: subscribedfeeds account: Account {name=alphalilin@gmail.com, type=com.google} extras: [] syncSource: 4 when: 411350319 expedited: false, SyncResult: stats [ numIoExceptions: 1]
11-09 10:43:33.400 15076 15088 D AngelSpeechProvider: rowId = 28437
11-09 10:43:33.408 15076 15088 D AngelSpeechProvider: appendUri = content://com.angelspeech.provider/patient/28437
11-09 10:43:33.408 15076 15088 D AngelSpeechProvider: Uri = content://com.angelspeech.provider/patient
11-09 10:43:33.439  1424  1424 I SyncStatIntentRcvr: Received intent: android.intent.action.SYNC_STATE_CHANGED
11-09 10:43:33.455 15076 15088 D AngelSpeechProvider: rowId = 28438
11-09 10:43:33.463 15076 15088 D AngelSpeechProvider: appendUri = content://com.angelspeech.provider/patient/28438
11-09 10:43:33.463 15076 15088 D AngelSpeechProvider: Uri = content://com.angelspeech.provider/patient
11-09 10:43:33.549 15076 15088 D AngelSpeechProvider: rowId = 28439
11-09 10:43:33.549 15076 15088 D AngelSpeechProvider: appendUri = content://com.angelspeech.provider/patient/28439
11-09 10:43:33.549 15076 15088 D AngelSpeechProvider: Uri = content://com.angelspeech.provider/patient
11-09 10:43:33.603 15076 15088 D AngelSpeechProvider: rowId = 28440
11-09 10:43:33.611 15076 15088 D AngelSpeechProvider: appendUri = content://com.angelspeech.provider/patient/28440
11-09 10:43:33.611 15076 15088 D AngelSpeechProvider: Uri = content://com.angelspeech.provider/patient
11-09 10:43:33.674 15076 15088 D AngelSpeechProvider: rowId = 28441
11-09 10:43:33.682 15076 15088 D AngelSpeechProvider: appendUri = content://com.angelspeech.provider/patient/28441
11-09 10:43:33.682 15076 15088 D AngelSpeechProvider: Uri = content://com.angelspeech.provider/patient
11-09 10:43:33.729 15076 15088 D AngelSpeechProvider: rowId = 28442
11-09 10:43:33.729 15076 15088 D AngelSpeechProvider: appendUri = content://com.angelspeech.provider/patient/28442
11-09 10:43:33.729 15076 15088 D AngelSpeechProvider: Uri = content://com.angelspeech.provider/patient
11-09 10:43:33.799 15076 15088 D AngelSpeechProvider: rowId = 28443
11-09 10:43:33.799 15076 15088 D AngelSpeechProvider: appendUri = content://com.angelspeech.provider/patient/28443
11-09 10:43:33.799 15076 15088 D AngelSpeechProvider: Uri = content://com.angelspeech.provider/patient
11-09 10:43:33.853 15076 15088 D AngelSpeechProvider: rowId = 28444
11-09 10:43:33.869 15076 15088 D AngelSpeechProvider: appendUri = content://com.angelspeech.provider/patient/28444
11-09 10:43:33.869 15076 15088 D AngelSpeechProvider: Uri = content://com.angelspeech.provider/patient
11-09 10:43:33.924 15076 15088 D AngelSpeechProvider: rowId = 28445
11-09 10:43:33.932 15076 15088 D AngelSpeechProvider: appendUri = content://com.angelspeech.provider/patient/28445
11-09 10:43:33.932 15076 15088 D AngelSpeechProvider: Uri = content://com.angelspeech.provider/patient
11-09 10:43:34.533 15076 15088 D AngelSpeechProvider: rowId = 28446
11-09 10:43:34.541 15076 15088 D AngelSpeechProvider: appendUri = content://com.angelspeech.provider/patient/28446
11-09 10:43:34.541 15076 15088 D AngelSpeechProvider: Uri = content://com.angelspeech.provider/patient
11-09 10:43:34.689 15076 15088 D AngelSpeechProvider: rowId = 28447
11-09 10:43:34.728 15076 15088 D AngelSpeechProvider: appendUri = content://com.angelspeech.provider/patient/28447
11-09 10:43:34.728 15076 15088 D AngelSpeechProvider: Uri = content://com.angelspeech.provider/patient
11-09 10:43:34.775 15076 15088 D AngelSpeechProvider: rowId = 28448
11-09 10:43:34.791 15076 15088 D AngelSpeechProvider: appendUri = content://com.angelspeech.provider/patient/28448
11-09 10:43:34.799 15076 15088 D AngelSpeechProvider: Uri = content://com.angelspeech.provider/patient
11-09 10:43:34.861 15076 15088 D AngelSpeechProvider: rowId = 28449
11-09 10:43:34.885 15076 15088 D AngelSpeechProvider: appendUri = content://com.angelspeech.provider/patient/28449
11-09 10:43:34.892 15076 15088 D AngelSpeechProvider: Uri = content://com.angelspeech.provider/patient
11-09 10:43:34.978 15076 15088 D AngelSpeechProvider: rowId = 28450
11-09 10:43:35.002 15076 15088 D AngelSpeechProvider: appendUri = content://com.angelspeech.provider/patient/28450
11-09 10:43:35.010 15076 15088 D AngelSpeechProvider: Uri = content://com.angelspeech.provider/patient
11-09 10:43:35.072  1397  1397 D RadioSignalLevel: cdma dbmLevel: 2, ecioLevel: 4
11-09 10:43:35.158 15076 15088 D AngelSpeechProvider: rowId = 28451
11-09 10:43:35.189 15076 15088 D AngelSpeechProvider: appendUri = content://com.angelspeech.provider/patient/28451
11-09 10:43:35.197 15076 15088 D AngelSpeechProvider: Uri = content://com.angelspeech.provider/patient
11-09 10:43:35.260 15076 15088 D AngelSpeechProvider: rowId = 28452
11-09 10:43:35.275 15076 15088 D AngelSpeechProvider: appendUri = content://com.angelspeech.provider/patient/28452
11-09 10:43:35.291 15076 15088 D AngelSpeechProvider: Uri = content://com.angelspeech.provider/patient
11-09 10:43:35.361 15076 15088 D AngelSpeechProvider: rowId = 28453
11-09 10:43:35.392 15076 15088 D AngelSpeechProvider: appendUri = content://com.angelspeech.provider/patient/28453
11-09 10:43:35.400 15076 15088 D AngelSpeechProvider: Uri = content://com.angelspeech.provider/patient
11-09 10:43:35.502 15076 15088 D AngelSpeechProvider: rowId = 28454
11-09 10:43:35.533 15076 15088 D AngelSpeechProvider: appendUri = content://com.angelspeech.provider/patient/28454
11-09 10:43:35.541 15076 15088 D AngelSpeechProvider: Uri = content://com.angelspeech.provider/patient
11-09 10:43:35.658 15076 15088 D AngelSpeechProvider: rowId = 28455
11-09 10:43:35.681 15076 15088 D AngelSpeechProvider: appendUri = content://com.angelspeech.provider/patient/28455
11-09 10:43:35.697 15076 15088 D AngelSpeechProvider: Uri = content://com.angelspeech.provider/patient
11-09 10:43:35.799 15076 15088 D AngelSpeechProvider: rowId = 28456
11-09 10:43:35.822 15076 15088 D AngelSpeechProvider: appendUri = content://com.angelspeech.provider/patient/28456
11-09 10:43:35.822 15076 15088 D AngelSpeechProvider: Uri = content://com.angelspeech.provider/patient
11-09 10:43:35.926 15076 15088 D AngelSpeechProvider: rowId = 28457
11-09 10:43:35.926 15076 15088 D AngelSpeechProvider: appendUri = content://com.angelspeech.provider/patient/28457
11-09 10:43:35.926 15076 15088 D AngelSpeechProvider: Uri = content://com.angelspeech.provider/patient
11-09 10:43:35.986 15076 15088 D AngelSpeechProvider: rowId = 28458
11-09 10:43:36.010 15076 15088 D AngelSpeechProvider: appendUri = content://com.angelspeech.provider/patient/28458
11-09 10:43:36.010 15076 15088 D AngelSpeechProvider: Uri = content://com.angelspeech.provider/patient
11-09 10:43:36.075 15076 15088 D AngelSpeechProvider: rowId = 28459
11-09 10:43:36.080 15076 15088 D AngelSpeechProvider: appendUri = content://com.angelspeech.provider/patient/28459
11-09 10:43:36.080 15076 15088 D AngelSpeechProvider: Uri = content://com.angelspeech.provider/patient
11-09 10:43:36.142 15076 15088 D AngelSpeechProvider: rowId = 28460
11-09 10:43:36.150 15076 15088 D AngelSpeechProvider: appendUri = content://com.angelspeech.provider/patient/28460
11-09 10:43:36.150 15076 15088 D AngelSpeechProvider: Uri = content://com.angelspeech.provider/patient
11-09 10:43:36.213 15076 15088 D AngelSpeechProvider: rowId = 28461
11-09 10:43:36.221 15076 15088 D AngelSpeechProvider: appendUri = content://com.angelspeech.provider/patient/28461
11-09 10:43:36.221 15076 15088 D AngelSpeechProvider: Uri = content://com.angelspeech.provider/patient
11-09 10:43:36.275 15076 15088 D AngelSpeechProvider: rowId = 28462
11-09 10:43:36.275 15076 15088 D AngelSpeechProvider: appendUri = content://com.angelspeech.provider/patient/28462
11-09 10:43:36.275 15076 15088 D AngelSpeechProvider: Uri = content://com.angelspeech.provider/patient
11-09 10:43:36.330 15076 15088 D AngelSpeechProvider: rowId = 28463
11-09 10:43:36.338 15076 15088 D AngelSpeechProvider: appendUri = content://com.angelspeech.provider/patient/28463
11-09 10:43:36.338 15076 15088 D AngelSpeechProvider: Uri = content://com.angelspeech.provider/patient
11-09 10:43:36.392 15076 15088 D AngelSpeechProvider: rowId = 28464
11-09 10:43:36.392 15076 15088 D AngelSpeechProvider: appendUri = content://com.angelspeech.provider/patient/28464
11-09 10:43:36.400 15076 15088 D AngelSpeechProvider: Uri = content://com.angelspeech.provider/patient
11-09 10:43:36.502 15076 15088 D AngelSpeechProvider: rowId = 28465
11-09 10:43:36.525 15076 15088 D AngelSpeechProvider: appendUri = content://com.angelspeech.provider/patient/28465
11-09 10:43:36.525 15076 15088 D AngelSpeechProvider: Uri = content://com.angelspeech.provider/patient
11-09 10:43:36.572 15076 15088 D AngelSpeechProvider: rowId = 28466
11-09 10:43:36.580 15076 15088 D AngelSpeechProvider: appendUri = content://com.angelspeech.provider/patient/28466
11-09 10:43:36.580 15076 15088 D AngelSpeechProvider: Uri = content://com.angelspeech.provider/patient
11-09 10:43:36.674 15076 15088 D AngelSpeechProvider: rowId = 28467
11-09 10:43:36.705 15076 15088 D AngelSpeechProvider: appendUri = content://com.angelspeech.provider/patient/28467
11-09 10:43:36.705 15076 15088 D AngelSpeechProvider: Uri = content://com.angelspeech.provider/patient
11-09 10:43:36.806 15076 15088 D AngelSpeechProvider: rowId = 28468
11-09 10:43:36.830 15076 15088 D AngelSpeechProvider: appendUri = content://com.angelspeech.provider/patient/28468
11-09 10:43:36.830 15076 15088 D AngelSpeechProvider: Uri = content://com.angelspeech.provider/patient
11-09 10:43:36.900 15076 15088 D AngelSpeechProvider: rowId = 28469
11-09 10:43:36.900 15076 15088 D AngelSpeechProvider: appendUri = content://com.angelspeech.provider/patient/28469
11-09 10:43:36.900 15076 15088 D AngelSpeechProvider: Uri = content://com.angelspeech.provider/patient
11-09 10:43:36.963 15076 15088 D AngelSpeechProvider: rowId = 28470
11-09 10:43:36.971 15076 15088 D AngelSpeechProvider: appendUri = content://com.angelspeech.provider/patient/28470
11-09 10:43:36.971 15076 15088 D AngelSpeechProvider: Uri = content://com.angelspeech.provider/patient
11-09 10:43:37.064 15076 15088 D AngelSpeechProvider: rowId = 28471
11-09 10:43:37.064 15076 15088 D AngelSpeechProvider: appendUri = content://com.angelspeech.provider/patient/28471
11-09 10:43:37.064 15076 15088 D AngelSpeechProvider: Uri = content://com.angelspeech.provider/patient
11-09 10:43:37.142 15076 15088 D AngelSpeechProvider: rowId = 28472
11-09 10:43:37.142 15076 15088 D AngelSpeechProvider: appendUri = content://com.angelspeech.provider/patient/28472
11-09 10:43:37.142 15076 15088 D AngelSpeechProvider: Uri = content://com.angelspeech.provider/patient
11-09 10:43:37.213 15076 15088 D AngelSpeechProvider: rowId = 28473
